Archive member included to satisfy reference by file (symbol)

/home/john/programs/sources/gcc-arm-none-eabi-5_4-2016q2/bin/../lib/gcc/arm-none-eabi/5.4.1/../../../../arm-none-eabi/lib/armv7-m/libstdc++_nano.a(si_class_type_info.o)
                              ./L2_Drivers/base/uart_dev.o (vtable for __cxxabiv1::__si_class_type_info)
/home/john/programs/sources/gcc-arm-none-eabi-5_4-2016q2/bin/../lib/gcc/arm-none-eabi/5.4.1/../../../../arm-none-eabi/lib/armv7-m/libstdc++_nano.a(vmi_class_type_info.o)
                              ./L2_Drivers/src/uart0.o (vtable for __cxxabiv1::__vmi_class_type_info)
/home/john/programs/sources/gcc-arm-none-eabi-5_4-2016q2/bin/../lib/gcc/arm-none-eabi/5.4.1/../../../../arm-none-eabi/lib/armv7-m/libstdc++_nano.a(tinfo.o)
                              /home/john/programs/sources/gcc-arm-none-eabi-5_4-2016q2/bin/../lib/gcc/arm-none-eabi/5.4.1/../../../../arm-none-eabi/lib/armv7-m/libstdc++_nano.a(si_class_type_info.o) (std::type_info::__is_function_p() const)
/home/john/programs/sources/gcc-arm-none-eabi-5_4-2016q2/bin/../lib/gcc/arm-none-eabi/5.4.1/../../../../arm-none-eabi/lib/armv7-m/libstdc++_nano.a(class_type_info.o)
                              /home/john/programs/sources/gcc-arm-none-eabi-5_4-2016q2/bin/../lib/gcc/arm-none-eabi/5.4.1/../../../../arm-none-eabi/lib/armv7-m/libstdc++_nano.a(si_class_type_info.o) (__cxxabiv1::__class_type_info::__do_upcast(__cxxabiv1::__class_type_info const*, void**) const)
/home/john/programs/sources/gcc-arm-none-eabi-5_4-2016q2/bin/../lib/gcc/arm-none-eabi/5.4.1/../../../../arm-none-eabi/lib/armv7-m/libstdc++_nano.a(guard.o)
                              ./L5_Application/source/cmd_handlers/prog_handlers.o (__cxa_guard_acquire)
/home/john/programs/sources/gcc-arm-none-eabi-5_4-2016q2/bin/../lib/gcc/arm-none-eabi/5.4.1/../../../../arm-none-eabi/lib/armv7-m/libstdc++_nano.a(pure.o)
                              ./L2_Drivers/base/char_dev.o (__cxa_pure_virtual)
/home/john/programs/sources/gcc-arm-none-eabi-5_4-2016q2/bin/../lib/gcc/arm-none-eabi/5.4.1/../../../../arm-none-eabi/lib/armv7-m/libstdc++_nano.a(eh_terminate.o)
                              /home/john/programs/sources/gcc-arm-none-eabi-5_4-2016q2/bin/../lib/gcc/arm-none-eabi/5.4.1/../../../../arm-none-eabi/lib/armv7-m/libstdc++_nano.a(pure.o) (std::terminate())
/home/john/programs/sources/gcc-arm-none-eabi-5_4-2016q2/bin/../lib/gcc/arm-none-eabi/5.4.1/../../../../arm-none-eabi/lib/armv7-m/libstdc++_nano.a(eh_term_handler.o)
                              /home/john/programs/sources/gcc-arm-none-eabi-5_4-2016q2/bin/../lib/gcc/arm-none-eabi/5.4.1/../../../../arm-none-eabi/lib/armv7-m/libstdc++_nano.a(eh_terminate.o) (__cxxabiv1::__terminate_handler)
/home/john/programs/sources/gcc-arm-none-eabi-5_4-2016q2/bin/../lib/gcc/arm-none-eabi/5.4.1/../../../../arm-none-eabi/lib/armv7-m/libstdc++_nano.a(eh_unex_handler.o)
                              /home/john/programs/sources/gcc-arm-none-eabi-5_4-2016q2/bin/../lib/gcc/arm-none-eabi/5.4.1/../../../../arm-none-eabi/lib/armv7-m/libstdc++_nano.a(eh_terminate.o) (__cxxabiv1::__unexpected_handler)
/home/john/programs/sources/gcc-arm-none-eabi-5_4-2016q2/bin/../lib/gcc/arm-none-eabi/5.4.1/armv7-m/libgcc.a(_ashldi3.o)
                              ./L0_LowLevel/source/lpc_peripherals.o (__aeabi_llsl)
/home/john/programs/sources/gcc-arm-none-eabi-5_4-2016q2/bin/../lib/gcc/arm-none-eabi/5.4.1/armv7-m/libgcc.a(_arm_addsubdf3.o)
                              ./L0_LowLevel/source/uart0_min.o (__aeabi_dadd)
/home/john/programs/sources/gcc-arm-none-eabi-5_4-2016q2/bin/../lib/gcc/arm-none-eabi/5.4.1/armv7-m/libgcc.a(_arm_fixunsdfsi.o)
                              ./L0_LowLevel/source/uart0_min.o (__aeabi_d2uiz)
/home/john/programs/sources/gcc-arm-none-eabi-5_4-2016q2/bin/../lib/gcc/arm-none-eabi/5.4.1/armv7-m/libgcc.a(_arm_truncdfsf2.o)
                              ./L3_Utils/src/str.o (__aeabi_d2f)
/home/john/programs/sources/gcc-arm-none-eabi-5_4-2016q2/bin/../lib/gcc/arm-none-eabi/5.4.1/armv7-m/libgcc.a(_arm_addsubsf3.o)
                              ./L3_Utils/src/str.o (__aeabi_fsub)
/home/john/programs/sources/gcc-arm-none-eabi-5_4-2016q2/bin/../lib/gcc/arm-none-eabi/5.4.1/armv7-m/libgcc.a(_arm_muldivsf3.o)
                              ./L2_Drivers/src/lpc_pwm.o (__aeabi_fmul)
/home/john/programs/sources/gcc-arm-none-eabi-5_4-2016q2/bin/../lib/gcc/arm-none-eabi/5.4.1/armv7-m/libgcc.a(_arm_cmpsf2.o)
                              ./L3_Utils/src/str.o (__aeabi_fcmplt)
/home/john/programs/sources/gcc-arm-none-eabi-5_4-2016q2/bin/../lib/gcc/arm-none-eabi/5.4.1/armv7-m/libgcc.a(_arm_fixsfsi.o)
                              ./L5_Application/source/cmd_handlers/handlers.o (__aeabi_f2iz)
/home/john/programs/sources/gcc-arm-none-eabi-5_4-2016q2/bin/../lib/gcc/arm-none-eabi/5.4.1/armv7-m/libgcc.a(_arm_fixunssfsi.o)
                              ./L2_Drivers/src/lpc_pwm.o (__aeabi_f2uiz)
[...]
Memory Configuration

Name             Origin             Length             Attributes
FLASH            0x00010000         0x00070000         xr
SRAM             0x10000000         0x00008000         xrw
SRAM_AHB         0x2007c000         0x00008000         xrw
*default*        0x00000000         0xffffffff

Linker script and memory map

LOAD ./L1_FreeRTOS/hooks/hooks.o
LOAD ./L1_FreeRTOS/portable/no_mpu/port.o
LOAD ./L1_FreeRTOS/portable/run_time_stats.o
LOAD ./L1_FreeRTOS/src/tasks.o
LOAD ./L1_FreeRTOS/src/queue.o
LOAD ./L1_FreeRTOS/src/timers.o
LOAD ./L1_FreeRTOS/src/croutine.o
LOAD ./L1_FreeRTOS/src/list.o
LOAD ./L1_FreeRTOS/src/event_groups.o
LOAD ./L0_LowLevel/source/startup.o
LOAD ./L0_LowLevel/source/lpc_sys.o
LOAD ./L0_LowLevel/source/low_level_init.o
LOAD ./L0_LowLevel/source/uart0_min.o
LOAD ./L0_LowLevel/source/sys_clock.o
LOAD ./L0_LowLevel/source/core_cm3.o
LOAD ./L0_LowLevel/source/lpc_peripherals.o
LOAD ./L2_Drivers/base/char_dev.o
LOAD ./L2_Drivers/base/i2c_base.o
LOAD ./L2_Drivers/base/uart_dev.o
LOAD ./L2_Drivers/src/spi_dma.o
LOAD ./L2_Drivers/src/adc.o
LOAD ./L2_Drivers/src/i2c2.o
LOAD ./L2_Drivers/src/uart0.o
LOAD ./L2_Drivers/src/uart2.o
LOAD ./L2_Drivers/src/spi_sem.o
LOAD ./L2_Drivers/src/lpc_rit.o
LOAD ./L2_Drivers/src/lpc_timers.o
LOAD ./L2_Drivers/src/rtc.o
LOAD ./L2_Drivers/src/uart3.o
LOAD ./L2_Drivers/src/lpc_pwm.o
LOAD ./L2_Drivers/src/can.o
LOAD ./L2_Drivers/src/nrf_stream.o
LOAD ./L2_Drivers/src/eint.o
LOAD ./L3_Utils/tlm/src/c_tlm_comp.o
LOAD ./L3_Utils/tlm/src/c_tlm_binary.o
LOAD ./L3_Utils/tlm/src/c_tlm_stream.o
LOAD ./L3_Utils/tlm/src/c_tlm_var.o
LOAD ./L3_Utils/src/printf_lib.o
LOAD ./L3_Utils/src/file_logger.o
LOAD ./L3_Utils/src/scheduler_task.o
LOAD ./L3_Utils/src/rtc_alarm.o
LOAD ./L3_Utils/src/freertos_timer.o
LOAD ./L3_Utils/src/str.o
LOAD ./L3_Utils/src/c_list.o
LOAD ./L3_Utils/src/command_handler.o
LOAD ./L3_Utils/src/utilities.o
LOAD ./L5_Application/source/cmd_handlers/wireless_handlers.o
LOAD ./L5_Application/source/cmd_handlers/prog_handlers.o
LOAD ./L5_Application/source/cmd_handlers/handlers.o
LOAD ./L5_Application/source/high_level_init.o
LOAD ./L5_Application/source/remote.o
LOAD ./L5_Application/source/terminal.o
LOAD ./L5_Application/examples/examples.o
LOAD ./L5_Application/examples/rn_xv_task.o
LOAD ./L5_Application/periodic_scheduler/prd_dispatcher.o
LOAD ./L5_Application/periodic_scheduler/period_callbacks.o
LOAD ./L5_Application/main.o
LOAD ./L4_IO/wireless/src/nrf24L01Plus.o
LOAD ./L4_IO/wireless/src/mesh.o
LOAD ./L4_IO/wireless/src/wireless.o
LOAD ./L4_IO/src/io_source.o
LOAD ./L4_IO/src/gpio.o
LOAD ./L4_IO/src/storage.o
LOAD ./L4_IO/fat/fatfs_time.o
LOAD ./L4_IO/fat/ff.o
LOAD ./L4_IO/fat/option/reentrant.o
LOAD ./L4_IO/fat/option/ccsbcs.o
LOAD ./L4_IO/fat/disk/diskio.o
LOAD ./L4_IO/fat/disk/sd.o
LOAD ./L4_IO/fat/disk/spi_flash.o
LOAD ./newlib/newlib_syscalls.o
LOAD ./newlib/newlib_time.o
LOAD ./newlib/memory.o
LOAD ./newlib/malloc_lock.o
LOAD /home/john/programs/sources/gcc-arm-none-eabi-5_4-2016q2/bin/../lib/gcc/arm-none-eabi/5.4.1/../../../../arm-none-eabi/lib/armv7-m/libstdc++_nano.a
LOAD /home/john/programs/sources/gcc-arm-none-eabi-5_4-2016q2/bin/../lib/gcc/arm-none-eabi/5.4.1/../../../../arm-none-eabi/lib/armv7-m/libm.a
START GROUP
LOAD /home/john/programs/sources/gcc-arm-none-eabi-5_4-2016q2/bin/../lib/gcc/arm-none-eabi/5.4.1/armv7-m/libgcc.a
LOAD /home/john/programs/sources/gcc-arm-none-eabi-5_4-2016q2/bin/../lib/gcc/arm-none-eabi/5.4.1/../../../../arm-none-eabi/lib/armv7-m/libc_nano.a
END GROUP
START GROUP
LOAD /home/john/programs/sources/gcc-arm-none-eabi-5_4-2016q2/bin/../lib/gcc/arm-none-eabi/5.4.1/armv7-m/libgcc.a
LOAD /home/john/programs/sources/gcc-arm-none-eabi-5_4-2016q2/bin/../lib/gcc/arm-none-eabi/5.4.1/../../../../arm-none-eabi/lib/armv7-m/libc_nano.a
END GROUP

.text           0x00010000    0x15fd0
 FILL mask 0xff
 *(.isr_vector)
 .isr_vector    0x00010000       0xcc ./L0_LowLevel/source/startup.o
                0x00010000                g_pfnVectors
                0x000100cc                . = ALIGN (0x4)
                0x000100cc                __section_table_start = .
                0x000100cc                __data_section_table = .
                0x000100cc        0x4 LONG 0x25fd8 LOADADDR (.data)
                0x000100d0        0x4 LONG 0x2007c000 ADDR (.data)
                0x000100d4        0x4 LONG 0x1cc SIZEOF (.data)
                0x000100d8                __data_section_table_end = .
                0x000100d8                __bss_section_table = .
                0x000100d8        0x4 LONG 0x2007c1d0 ADDR (.bss)
                0x000100dc        0x4 LONG 0x494 SIZEOF (.bss)
                0x000100e0                __bss_section_table_end = .
                0x000100e0                __section_table_end = .
 *(.after_vectors*)
 .after_vectors
                0x000100e0      0x124 ./L0_LowLevel/source/startup.o
                0x000100e0                isr_hard_fault
                0x000100fa                isr_nmi
                0x00010108                isr_mem_fault
                0x00010118                isr_bus_fault
                0x00010128                isr_usage_fault
                0x00010138                isr_debug_mon
                0x00010148                TIMER2_IRQHandler
                0x00010148                I2C0_IRQHandler
                0x00010148                PWM1_IRQHandler
                0x00010148                I2C1_IRQHandler
                0x00010148                EINT2_IRQHandler
                0x00010148                UART1_IRQHandler
                0x00010148                TIMER3_IRQHandler
                0x00010148                PLL0_IRQHandler
                0x00010148                PLL1_IRQHandler
                0x00010148                SSP0_IRQHandler
                0x00010148                CANAct_IRQHandler
                0x00010148                I2S_IRQHandler
                0x00010148                TIMER0_IRQHandler
                0x00010148                SPI_IRQHandler
                0x00010148                EINT1_IRQHandler
                0x00010148                isr_default_handler
                0x00010148                SSP1_IRQHandler
                0x00010148                USB_IRQHandler
                0x00010148                BOD_IRQHandler
                0x00010148                WDT_IRQHandler
                0x00010148                QEI_IRQHandler
                0x00010148                EINT0_IRQHandler
                0x00010148                DMA_IRQHandler
                0x00010148                MCPWM_IRQHandler
                0x00010148                ENET_IRQHandler
                0x00010148                USBAct_IRQHandler
                0x00010158                isr_sys_tick
                0x0001016a                data_init(unsigned int, unsigned int, unsigned int)
                0x00010180                bss_init(unsigned int, unsigned int)
                0x00010194                isr_reset
 *(.text*)
 .text.vApplicationIdleHook
                0x00010204        0x4 ./L1_FreeRTOS/hooks/hooks.o
                0x00010204                vApplicationIdleHook
 .text.vApplicationStackOverflowHook
                0x00010208       0x38 ./L1_FreeRTOS/hooks/hooks.o
                0x00010208                vApplicationStackOverflowHook
 .text.vApplicationMallocFailedHook
                0x00010240       0x24 ./L1_FreeRTOS/hooks/hooks.o
                0x00010240                vApplicationMallocFailedHook
 .text.prvPortStartFirstTask
                0x00010264       0x20 ./L1_FreeRTOS/portable/no_mpu/port.o
 .text.pxPortInitialiseStack
                0x00010284       0x1c ./L1_FreeRTOS/portable/no_mpu/port.o
                0x00010284                pxPortInitialiseStack
 .text.vPortSVCHandler
                0x000102a0       0x24 ./L1_FreeRTOS/portable/no_mpu/port.o
                0x000102a0                vPortSVCHandler
 .text.vPortEndScheduler
                0x000102c4        0x2 ./L1_FreeRTOS/portable/no_mpu/port.o
                0x000102c4                vPortEndScheduler
 *fill*         0x000102c6        0x2 ff
 .text.vPortYield
                0x000102c8       0x18 ./L1_FreeRTOS/portable/no_mpu/port.o
                0x000102c8                vPortYield
 .text.ulPortSetInterruptMask
                0x000102e0       0x10 ./L1_FreeRTOS/portable/no_mpu/port.o
                0x000102e0                ulPortSetInterruptMask
 .text.prvTaskExitError
                0x000102f0        0x8 ./L1_FreeRTOS/portable/no_mpu/port.o
 .text.vPortEnterCritical
                0x000102f8       0x1c ./L1_FreeRTOS/portable/no_mpu/port.o
                0x000102f8                vPortEnterCritical
 .text.vPortClearInterruptMask
                0x00010314        0x6 ./L1_FreeRTOS/portable/no_mpu/port.o
                0x00010314                vPortClearInterruptMask
 *fill*         0x0001031a        0x2 ff
 .text.vPortExitCritical
                0x0001031c       0x14 ./L1_FreeRTOS/portable/no_mpu/port.o
                0x0001031c                vPortExitCritical
 .text.xPortPendSVHandler
                0x00010330       0x44 ./L1_FreeRTOS/portable/no_mpu/port.o
                0x00010330                xPortPendSVHandler
 .text.xPortSysTickHandler
                0x00010374       0x24 ./L1_FreeRTOS/portable/no_mpu/port.o
                0x00010374                xPortSysTickHandler
 .text.vPortSetupTimerInterrupt
                0x00010398       0x14 ./L1_FreeRTOS/portable/no_mpu/port.o
                0x00010398                vPortSetupTimerInterrupt
 .text.xPortStartScheduler
                0x000103ac       0x30 ./L1_FreeRTOS/portable/no_mpu/port.o
                0x000103ac                xPortStartScheduler
 .text.vConfigureTimerForRunTimeStats
                0x000103dc       0x14 ./L1_FreeRTOS/portable/run_time_stats.o
                0x000103dc                vConfigureTimerForRunTimeStats
 .text.uxGetTimerForRunTimeStats
                0x000103f0       0x14 ./L1_FreeRTOS/portable/run_time_stats.o
                0x000103f0                uxGetTimerForRunTimeStats
 .text.resetRunTimeCounter
                0x00010404       0x14 ./L1_FreeRTOS/portable/run_time_stats.o
                0x00010404                resetRunTimeCounter
 .text.prvResetRunTimeStatsInList
                0x00010418       0x32 ./L1_FreeRTOS/src/tasks.o
 *fill*         0x0001044a        0x2 ff
 .text.prvIdleTask
                0x0001044c       0x18 ./L1_FreeRTOS/src/tasks.o
 .text.prvResetNextTaskUnblockTime
                0x00010464       0x24 ./L1_FreeRTOS/src/tasks.o
 .text.prvAddCurrentTaskToDelayedList
                0x00010488       0x50 ./L1_FreeRTOS/src/tasks.o
 .text.prvListTaskWithinSingleList
                0x000104d8       0xa0 ./L1_FreeRTOS/src/tasks.o
 .text.xTaskGenericCreate
                0x00010578      0x1a0 ./L1_FreeRTOS/src/tasks.o
                0x00010578                xTaskGenericCreate
 .text.vTaskStartScheduler
                0x00010718       0x54 ./L1_FreeRTOS/src/tasks.o
                0x00010718                vTaskStartScheduler
 .text.vTaskEndScheduler
                0x0001076c       0x18 ./L1_FreeRTOS/src/tasks.o
                0x0001076c                vTaskEndScheduler
 .text.vTaskSuspendAll
                0x00010784       0x10 ./L1_FreeRTOS/src/tasks.o
                0x00010784                vTaskSuspendAll
 .text.xTaskGetTickCount
                0x00010794       0x18 ./L1_FreeRTOS/src/tasks.o
                0x00010794                xTaskGetTickCount
 .text.xTaskGetTickCountFromISR
                0x000107ac       0x18 ./L1_FreeRTOS/src/tasks.o
                0x000107ac                xTaskGetTickCountFromISR
 .text.uxTaskGetNumberOfTasks
                0x000107c4        0xc ./L1_FreeRTOS/src/tasks.o
                0x000107c4                uxTaskGetNumberOfTasks
 .text.xTaskIncrementTick
                0x000107d0      0x118 ./L1_FreeRTOS/src/tasks.o
                0x000107d0                xTaskIncrementTick
 .text.xTaskResumeAll
                0x000108e8       0xc8 ./L1_FreeRTOS/src/tasks.o
                0x000108e8                xTaskResumeAll
 .text.vTaskDelayUntil
                0x000109b0       0x70 ./L1_FreeRTOS/src/tasks.o
                0x000109b0                vTaskDelayUntil
 .text.vTaskDelay
                0x00010a20       0x50 ./L1_FreeRTOS/src/tasks.o
                0x00010a20                vTaskDelay
 .text.uxTaskGetSystemState
                0x00010a70       0x90 ./L1_FreeRTOS/src/tasks.o
                0x00010a70                uxTaskGetSystemState
 .text.vTaskSwitchContext
                0x00010b00       0xc0 ./L1_FreeRTOS/src/tasks.o
                0x00010b00                vTaskSwitchContext
 .text.vTaskSuspend
                0x00010bc0       0xa4 ./L1_FreeRTOS/src/tasks.o
                0x00010bc0                vTaskSuspend
 .text.vTaskPlaceOnEventList
                0x00010c64       0x5c ./L1_FreeRTOS/src/tasks.o
                0x00010c64                vTaskPlaceOnEventList
 .text.xTaskRemoveFromEventList
                0x00010cc0       0x70 ./L1_FreeRTOS/src/tasks.o
                0x00010cc0                xTaskRemoveFromEventList
 .text.vTaskSetTimeOutState
                0x00010d30       0x18 ./L1_FreeRTOS/src/tasks.o
                0x00010d30                vTaskSetTimeOutState
 .text.xTaskCheckForTimeOut
                0x00010d48       0x4c ./L1_FreeRTOS/src/tasks.o
                0x00010d48                xTaskCheckForTimeOut
 .text.vTaskMissedYield
                0x00010d94        0xc ./L1_FreeRTOS/src/tasks.o
                0x00010d94                vTaskMissedYield
 .text.uxTaskGetStackHighWaterMark
                0x00010da0       0x20 ./L1_FreeRTOS/src/tasks.o
                0x00010da0                uxTaskGetStackHighWaterMark
 .text.xTaskGetSchedulerState
                0x00010dc0       0x20 ./L1_FreeRTOS/src/tasks.o
                0x00010dc0                xTaskGetSchedulerState
 .text.vTaskPriorityInherit
                0x00010de0       0x94 ./L1_FreeRTOS/src/tasks.o
                0x00010de0                vTaskPriorityInherit
 .text.xTaskPriorityDisinherit
                0x00010e74       0x70 ./L1_FreeRTOS/src/tasks.o
                0x00010e74                xTaskPriorityDisinherit
 .text.pvTaskIncrementMutexHeldCount
                0x00010ee4       0x18 ./L1_FreeRTOS/src/tasks.o
                0x00010ee4                pvTaskIncrementMutexHeldCount
 .text.vTaskResetRunTimeStats
                0x00010efc       0x70 ./L1_FreeRTOS/src/tasks.o
                0x00010efc                vTaskResetRunTimeStats
 .text.vRunTimeStatIsrEntry
                0x00010f6c       0x28 ./L1_FreeRTOS/src/tasks.o
                0x00010f6c                vRunTimeStatIsrEntry
 .text.vRunTimeStatIsrExit
                0x00010f94       0x10 ./L1_FreeRTOS/src/tasks.o
                0x00010f94                vRunTimeStatIsrExit
 .text.prvCopyDataToQueue
                0x00010fa4       0x6a ./L1_FreeRTOS/src/queue.o
 .text.prvNotifyQueueSetContainer
                0x0001100e       0x36 ./L1_FreeRTOS/src/queue.o
 .text.prvCopyDataFromQueue
                0x00011044       0x28 ./L1_FreeRTOS/src/queue.o
 .text.prvUnlockQueue
                0x0001106c       0x7c ./L1_FreeRTOS/src/queue.o
 .text.pvPortMalloc
                0x000110e8       0x1e ./L1_FreeRTOS/src/queue.o
                0x000110e8                pvPortMalloc
 .text.vPortFree
                0x00011106       0x1a ./L1_FreeRTOS/src/queue.o
                0x00011106                vPortFree
 .text.xQueueGenericReset
                0x00011120       0x5a ./L1_FreeRTOS/src/queue.o
                0x00011120                xQueueGenericReset
 .text.xQueueGenericCreate
                0x0001117a       0x50 ./L1_FreeRTOS/src/queue.o
                0x0001117a                xQueueGenericCreate
 .text.xQueueCreateCountingSemaphore
                0x000111ca       0x12 ./L1_FreeRTOS/src/queue.o
                0x000111ca                xQueueCreateCountingSemaphore
 .text.xQueueGenericSend
                0x000111dc       0xec ./L1_FreeRTOS/src/queue.o
                0x000111dc                xQueueGenericSend
 .text.xQueueCreateMutex
                0x000112c8       0x4c ./L1_FreeRTOS/src/queue.o
                0x000112c8                xQueueCreateMutex
 .text.xQueueGenericSendFromISR
                0x00011314       0x76 ./L1_FreeRTOS/src/queue.o
                0x00011314                xQueueGenericSendFromISR
 .text.xQueueGenericReceive
                0x0001138a      0x104 ./L1_FreeRTOS/src/queue.o
                0x0001138a                xQueueGenericReceive
 .text.xQueueReceiveFromISR
                0x0001148e       0x52 ./L1_FreeRTOS/src/queue.o
                0x0001148e                xQueueReceiveFromISR
 .text.uxQueueMessagesWaiting
                0x000114e0       0x12 ./L1_FreeRTOS/src/queue.o
                0x000114e0                uxQueueMessagesWaiting
 .text.uxQueueMessagesWaitingFromISR
                0x000114f2        0x4 ./L1_FreeRTOS/src/queue.o
                0x000114f2                uxQueueMessagesWaitingFromISR
 .text.xQueueSelectFromSet
                0x000114f6       0x18 ./L1_FreeRTOS/src/queue.o
                0x000114f6                xQueueSelectFromSet
 .text.vListInitialise
                0x0001150e       0x16 ./L1_FreeRTOS/src/list.o
                0x0001150e                vListInitialise
 .text.vListInitialiseItem
                0x00011524        0x6 ./L1_FreeRTOS/src/list.o
                0x00011524                vListInitialiseItem
 .text.vListInsertEnd
                0x0001152a       0x18 ./L1_FreeRTOS/src/list.o
                0x0001152a                vListInsertEnd
 .text.vListInsert
                0x00011542       0x30 ./L1_FreeRTOS/src/list.o
                0x00011542                vListInsert
 .text.uxListRemove
                0x00011572       0x20 ./L1_FreeRTOS/src/list.o
                0x00011572                uxListRemove
 *fill*         0x00011592        0x2 ff
 .text.isr_forwarder_routine
                0x00011594       0x3c ./L0_LowLevel/source/startup.o
 .text.isr_hard_fault_handler
                0x000115d0       0x58 ./L0_LowLevel/source/startup.o
                0x000115d0                isr_hard_fault_handler
 .text.lpc_sys_setup_system_timer
                0x00011628       0x54 ./L0_LowLevel/source/lpc_sys.o
                0x00011628                lpc_sys_setup_system_timer
 .text.sys_get_uptime_us
                0x0001167c       0x2c ./L0_LowLevel/source/lpc_sys.o
                0x0001167c                sys_get_uptime_us
 .text.sys_get_mem_info_str
                0x000116a8       0x38 ./L0_LowLevel/source/lpc_sys.o
                0x000116a8                sys_get_mem_info_str
 .text._ZN17SingletonTemplateI9IR_SensorE11getInstanceEv
                0x000116e0       0x18 ./L0_LowLevel/source/lpc_sys.o
                0x000116e0                SingletonTemplate<IR_Sensor>::getInstance()
 .text.TIMER1_IRQHandler
                0x000116f8       0xbc ./L0_LowLevel/source/lpc_sys.o
                0x000116f8                TIMER1_IRQHandler
 .text.sys_get_boot_type
                0x000117b4        0xc ./L0_LowLevel/source/low_level_init.o
                0x000117b4                sys_get_boot_type
 .text.sys_get_boot_time
                0x000117c0       0x14 ./L0_LowLevel/source/low_level_init.o
                0x000117c0                sys_get_boot_time
 .text._Z14low_level_initv
                0x000117d4      0x238 ./L0_LowLevel/source/low_level_init.o
                0x000117d4                low_level_init()
 .text.uart0_init
                0x00011a0c       0x60 ./L0_LowLevel/source/uart0_min.o
                0x00011a0c                uart0_init
 .text.uart0_getchar
                0x00011a6c       0x18 ./L0_LowLevel/source/uart0_min.o
                0x00011a6c                uart0_getchar
 .text.uart0_putchar
                0x00011a84       0x18 ./L0_LowLevel/source/uart0_min.o
                0x00011a84                uart0_putchar
 .text.uart0_puts
                0x00011a9c       0x1a ./L0_LowLevel/source/uart0_min.o
                0x00011a9c                uart0_puts
 *fill*         0x00011ab6        0x2 ff
 .text._ZL19sys_clock_pll0_feedv
                0x00011ab8       0x14 ./L0_LowLevel/source/sys_clock.o
 .text._ZL23sys_clock_configure_plljjPiS_S_.constprop.0
                0x00011acc       0x78 ./L0_LowLevel/source/sys_clock.o
 .text._Z19sys_clock_configurev
                0x00011b44       0xb4 ./L0_LowLevel/source/sys_clock.o
                0x00011b44                sys_clock_configure()
 .text.sys_get_cpu_clock
                0x00011bf8       0xa4 ./L0_LowLevel/source/sys_clock.o
                0x00011bf8                sys_get_cpu_clock
 .text.__set_PSP
                0x00011c9c        0x6 ./L0_LowLevel/source/core_cm3.o
                0x00011c9c                __set_PSP
 .text.__set_MSP
                0x00011ca2        0x6 ./L0_LowLevel/source/core_cm3.o
                0x00011ca2                __set_MSP
 .text.__set_BASEPRI
                0x00011ca8        0x6 ./L0_LowLevel/source/core_cm3.o
                0x00011ca8                __set_BASEPRI
 *fill*         0x00011cae        0x2 ff
 .text.lpc_pconp
                0x00011cb0       0x30 ./L0_LowLevel/source/lpc_peripherals.o
                0x00011cb0                lpc_pconp
 .text.lpc_pclk
                0x00011ce0       0x48 ./L0_LowLevel/source/lpc_peripherals.o
                0x00011ce0                lpc_pclk
 .text._ZN7CharDev5flushEv
                0x00011d28        0x4 ./L2_Drivers/base/char_dev.o
                0x00011d28                CharDev::flush()
 .text._ZN7CharDev3putEPKcj
                0x00011d2c       0x28 ./L2_Drivers/base/char_dev.o
                0x00011d2c                CharDev::put(char const*, unsigned int)
 .text._ZN7CharDev7putlineEPKcj
                0x00011d54       0x1c ./L2_Drivers/base/char_dev.o
                0x00011d54                CharDev::putline(char const*, unsigned int)
 .text._ZN7CharDev4getsEPcij
                0x00011d70       0x50 ./L2_Drivers/base/char_dev.o
                0x00011d70                CharDev::gets(char*, int, unsigned int)
 .text._ZN7CharDev6printfEPKcz
                0x00011dc0       0x78 ./L2_Drivers/base/char_dev.o
                0x00011dc0                CharDev::printf(char const*, ...)
 .text._ZN7CharDevC2Ev
                0x00011e38       0x20 ./L2_Drivers/base/char_dev.o
                0x00011e38                CharDev::CharDev()
                0x00011e38                CharDev::CharDev()
 .text._ZN7CharDevD2Ev
                0x00011e58       0x18 ./L2_Drivers/base/char_dev.o
                0x00011e58                CharDev::~CharDev()
                0x00011e58                CharDev::~CharDev()
 .text._ZN8I2C_Base8transferEhhPhm
                0x00011e70       0xdc ./L2_Drivers/base/i2c_base.o
                0x00011e70                I2C_Base::transfer(unsigned char, unsigned char, unsigned char*, unsigned long)
 .text._ZN8I2C_Base13readRegistersEhhPhm
                0x00011f4c        0x8 ./L2_Drivers/base/i2c_base.o
                0x00011f4c                I2C_Base::readRegisters(unsigned char, unsigned char, unsigned char*, unsigned long)
 .text._ZN8I2C_Base7readRegEhh
                0x00011f54       0x1a ./L2_Drivers/base/i2c_base.o
                0x00011f54                I2C_Base::readReg(unsigned char, unsigned char)
 .text._ZN8I2C_Base14writeRegistersEhhPhm
                0x00011f6e        0x8 ./L2_Drivers/base/i2c_base.o
                0x00011f6e                I2C_Base::writeRegisters(unsigned char, unsigned char, unsigned char*, unsigned long)
 .text._ZN8I2C_Base8writeRegEhhh
                0x00011f76       0x16 ./L2_Drivers/base/i2c_base.o
                0x00011f76                I2C_Base::writeReg(unsigned char, unsigned char, unsigned char)
 .text._ZN8I2C_Base19checkDeviceResponseEh
                0x00011f8c       0x16 ./L2_Drivers/base/i2c_base.o
                0x00011f8c                I2C_Base::checkDeviceResponse(unsigned char)
 *fill*         0x00011fa2        0x2 ff
 .text._ZN8I2C_BaseC2EP15LPC_I2C_TypeDef
                0x00011fa4       0x5c ./L2_Drivers/base/i2c_base.o
                0x00011fa4                I2C_Base::I2C_Base(LPC_I2C_TypeDef*)
                0x00011fa4                I2C_Base::I2C_Base(LPC_I2C_TypeDef*)
 .text._ZN8I2C_Base4initEmm
                0x00012000       0x90 ./L2_Drivers/base/i2c_base.o
                0x00012000                I2C_Base::init(unsigned long, unsigned long)
 .text._ZN8I2C_Base15i2cStateMachineEv
                0x00012090      0x122 ./L2_Drivers/base/i2c_base.o
                0x00012090                I2C_Base::i2cStateMachine()
 *fill*         0x000121b2        0x2 ff
 .text._ZN8I2C_Base15handleInterruptEv
                0x000121b4       0x30 ./L2_Drivers/base/i2c_base.o
                0x000121b4                I2C_Base::handleInterrupt()
 .text._ZN7UartDevD2Ev
                0x000121e4       0x14 ./L2_Drivers/base/uart_dev.o
                0x000121e4                UartDev::~UartDev()
                0x000121e4                UartDev::~UartDev()
 .text._ZN7UartDevD0Ev
                0x000121f8       0x12 ./L2_Drivers/base/uart_dev.o
                0x000121f8                UartDev::~UartDev()
 .text._ZN7UartDev5flushEv
                0x0001220a       0x20 ./L2_Drivers/base/uart_dev.o
                0x0001220a                UartDev::flush()
 .text._ZN7UartDev7putCharEcj
                0x0001222a       0x5a ./L2_Drivers/base/uart_dev.o
                0x0001222a                UartDev::putChar(char, unsigned int)
 .text._ZN7UartDev7getCharEPcj
                0x00012284       0x6e ./L2_Drivers/base/uart_dev.o
                0x00012284                UartDev::getChar(char*, unsigned int)
 *fill*         0x000122f2        0x2 ff
 .text._ZN7UartDev11setBaudRateEj
                0x000122f4       0x3c ./L2_Drivers/base/uart_dev.o
                0x000122f4                UartDev::setBaudRate(unsigned int)
 .text._ZN7UartDev15handleInterruptEv
                0x00012330       0xb8 ./L2_Drivers/base/uart_dev.o
                0x00012330                UartDev::handleInterrupt()
 .text._ZN7UartDevC2EPj
                0x000123e8       0x28 ./L2_Drivers/base/uart_dev.o
                0x000123e8                UartDev::UartDev(unsigned int*)
                0x000123e8                UartDev::UartDev(unsigned int*)
 .text._ZN7UartDev4initEjjii
                0x00012410       0xb0 ./L2_Drivers/base/uart_dev.o
                0x00012410                UartDev::init(unsigned int, unsigned int, int, int)
 .text.ssp1_dma_init
                0x000124c0       0x1c ./L2_Drivers/src/spi_dma.o
                0x000124c0                ssp1_dma_init
 .text.ssp1_dma_transfer_block
                0x000124dc       0xc4 ./L2_Drivers/src/spi_dma.o
                0x000124dc                ssp1_dma_transfer_block
 .text.adc0_start_conversion
                0x000125a0       0x24 ./L2_Drivers/src/adc.o
 .text.ADC_IRQHandler
                0x000125c4       0x40 ./L2_Drivers/src/adc.o
                0x000125c4                ADC_IRQHandler
 .text.adc0_init
                0x00012604       0x74 ./L2_Drivers/src/adc.o
                0x00012604                adc0_init
 .text.adc0_get_reading
                0x00012678       0x78 ./L2_Drivers/src/adc.o
                0x00012678                adc0_get_reading
 .text._ZN4I2C24initEj
                0x000126f0       0x68 ./L2_Drivers/src/i2c2.o
                0x000126f0                I2C2::init(unsigned int)
 .text._ZN4I2C2C2Ev
                0x00012758       0x14 ./L2_Drivers/src/i2c2.o
                0x00012758                I2C2::I2C2()
                0x00012758                I2C2::I2C2()
 .text.I2C2_IRQHandler
                0x0001276c       0x24 ./L2_Drivers/src/i2c2.o
                0x0001276c                I2C2_IRQHandler
 .text._ZN5Uart0D2Ev
                0x00012790       0x14 ./L2_Drivers/src/uart0.o
                0x00012790                Uart0::~Uart0()
                0x00012790                Uart0::~Uart0()
 .text._ZN5Uart0D0Ev
                0x000127a4       0x12 ./L2_Drivers/src/uart0.o
                0x000127a4                Uart0::~Uart0()
 *fill*         0x000127b6        0x2 ff
 .text._ZN5Uart04initEjii
                0x000127b8       0x40 ./L2_Drivers/src/uart0.o
                0x000127b8                Uart0::init(unsigned int, int, int)
 .text._ZN5Uart0C2Ev
                0x000127f8       0x1c ./L2_Drivers/src/uart0.o
                0x000127f8                Uart0::Uart0()
                0x000127f8                Uart0::Uart0()
 .text.UART0_IRQHandler
                0x00012814       0x24 ./L2_Drivers/src/uart0.o
                0x00012814                UART0_IRQHandler
 .text._ZN5Uart2D2Ev
                0x00012838       0x14 ./L2_Drivers/src/uart2.o
                0x00012838                Uart2::~Uart2()
                0x00012838                Uart2::~Uart2()
 .text._ZN5Uart2D0Ev
                0x0001284c       0x12 ./L2_Drivers/src/uart2.o
                0x0001284c                Uart2::~Uart2()
 *fill*         0x0001285e        0x2 ff
 .text._ZN5Uart24initEjii
                0x00012860       0x40 ./L2_Drivers/src/uart2.o
                0x00012860                Uart2::init(unsigned int, int, int)
 .text._ZN5Uart2C2Ev
                0x000128a0       0x1c ./L2_Drivers/src/uart2.o
                0x000128a0                Uart2::Uart2()
                0x000128a0                Uart2::Uart2()
 .text.UART2_IRQHandler
                0x000128bc       0x24 ./L2_Drivers/src/uart2.o
                0x000128bc                UART2_IRQHandler
 .text.spi1_lock
                0x000128e0       0x30 ./L2_Drivers/src/spi_sem.o
                0x000128e0                spi1_lock
 .text.spi1_unlock
                0x00012910       0x24 ./L2_Drivers/src/spi_sem.o
                0x00012910                spi1_unlock
 .text.RIT_IRQHandler
                0x00012934       0x1c ./L2_Drivers/src/lpc_rit.o
                0x00012934                RIT_IRQHandler
 .text.lpc_timer_get_struct
                0x00012950       0x20 ./L2_Drivers/src/lpc_timers.o
 .text.lpc_timer_enable
                0x00012970       0x50 ./L2_Drivers/src/lpc_timers.o
                0x00012970                lpc_timer_enable
 .text.rtc_gettime
                0x000129c0       0x50 ./L2_Drivers/src/rtc.o
                0x000129c0                rtc_gettime
 .text.rtc_settime
                0x00012a10       0x68 ./L2_Drivers/src/rtc.o
                0x00012a10                rtc_settime
 .text.rtc_init
                0x00012a78       0xd0 ./L2_Drivers/src/rtc.o
                0x00012a78                rtc_init
 .text.rtc_get_date_time_str
                0x00012b48       0x14 ./L2_Drivers/src/rtc.o
                0x00012b48                rtc_get_date_time_str
 .text._ZN5Uart3D2Ev
                0x00012b5c       0x14 ./L2_Drivers/src/uart3.o
                0x00012b5c                Uart3::~Uart3()
                0x00012b5c                Uart3::~Uart3()
 .text._ZN5Uart3D0Ev
                0x00012b70       0x12 ./L2_Drivers/src/uart3.o
                0x00012b70                Uart3::~Uart3()
 *fill*         0x00012b82        0x2 ff
 .text._ZN5Uart34initEjii
                0x00012b84       0x40 ./L2_Drivers/src/uart3.o
                0x00012b84                Uart3::init(unsigned int, int, int)
 .text._ZN5Uart3C2Ev
                0x00012bc4       0x1c ./L2_Drivers/src/uart3.o
                0x00012bc4                Uart3::Uart3()
                0x00012bc4                Uart3::Uart3()
 .text.UART3_IRQHandler
                0x00012be0       0x24 ./L2_Drivers/src/uart3.o
                0x00012be0                UART3_IRQHandler
 .text.CAN_tx_now
                0x00012c04       0x32 ./L2_Drivers/src/can.o
 *fill*         0x00012c36        0x2 ff
 .text.CAN_handle_isr
                0x00012c38       0xa0 ./L2_Drivers/src/can.o
 .text.CAN_IRQHandler
                0x00012cd8       0x28 ./L2_Drivers/src/can.o
                0x00012cd8                CAN_IRQHandler
 .text._ZN12NordicStream5flushEv
                0x00012d00       0x5c ./L2_Drivers/src/nrf_stream.o
                0x00012d00                NordicStream::flush()
 .text._ZN12NordicStreamD2Ev
                0x00012d5c       0x14 ./L2_Drivers/src/nrf_stream.o
                0x00012d5c                NordicStream::~NordicStream()
                0x00012d5c                NordicStream::~NordicStream()
 .text._ZN12NordicStreamD0Ev
                0x00012d70       0x12 ./L2_Drivers/src/nrf_stream.o
                0x00012d70                NordicStream::~NordicStream()
 .text._ZN12NordicStream7getCharEPcj
                0x00012d82       0x44 ./L2_Drivers/src/nrf_stream.o
                0x00012d82                NordicStream::getChar(char*, unsigned int)
 .text._ZN12NordicStream7putCharEcj
                0x00012dc6       0x22 ./L2_Drivers/src/nrf_stream.o
                0x00012dc6                NordicStream::putChar(char, unsigned int)
 .text._ZN12NordicStreamC2Ev
                0x00012de8       0x40 ./L2_Drivers/src/nrf_stream.o
                0x00012de8                NordicStream::NordicStream()
                0x00012de8                NordicStream::NordicStream()
 .text.handle_eint_list
                0x00012e28       0x2c ./L2_Drivers/src/eint.o
 .text.eint3_enable.isra.0
                0x00012e54       0x38 ./L2_Drivers/src/eint.o
 .text.EINT3_IRQHandler
                0x00012e8c       0x80 ./L2_Drivers/src/eint.o
                0x00012e8c                EINT3_IRQHandler
 .text.eint3_enable_port0
                0x00012f0c       0x30 ./L2_Drivers/src/eint.o
                0x00012f0c                eint3_enable_port0
 .text.u0_dbg_put
                0x00012f3c       0x1e ./L3_Utils/src/printf_lib.o
                0x00012f3c                u0_dbg_put
 .text.u0_dbg_printf
                0x00012f5a       0x3c ./L3_Utils/src/printf_lib.o
                0x00012f5a                u0_dbg_printf
 *fill*         0x00012f96        0x2 ff
 .text.logger_get_buffer_ptr
                0x00012f98       0x44 ./L3_Utils/src/file_logger.o
 .text.logger_write_to_file
                0x00012fdc       0xb4 ./L3_Utils/src/file_logger.o
 .text.logger_task
                0x00013090       0xd0 ./L3_Utils/src/file_logger.o
 .text.logger_write_log_message
                0x00013160       0x48 ./L3_Utils/src/file_logger.o
 .text.logger_send_flush_request
                0x000131a8       0x34 ./L3_Utils/src/file_logger.o
                0x000131a8                logger_send_flush_request
 .text.logger_get_logged_call_count
                0x000131dc       0x14 ./L3_Utils/src/file_logger.o
                0x000131dc                logger_get_logged_call_count
 .text.logger_get_blocked_call_count
                0x000131f0        0xc ./L3_Utils/src/file_logger.o
                0x000131f0                logger_get_blocked_call_count
 .text.logger_get_highest_file_write_time_ms
                0x000131fc        0xc ./L3_Utils/src/file_logger.o
                0x000131fc                logger_get_highest_file_write_time_ms
 .text.logger_get_num_buffers_watermark
                0x00013208        0xc ./L3_Utils/src/file_logger.o
                0x00013208                logger_get_num_buffers_watermark
 .text.logger_init
                0x00013214       0xd8 ./L3_Utils/src/file_logger.o
                0x00013214                logger_init
 .text.logger_set_printf
                0x000132ec       0x1c ./L3_Utils/src/file_logger.o
                0x000132ec                logger_set_printf
 .text.logger_log
                0x00013308      0x134 ./L3_Utils/src/file_logger.o
                0x00013308                logger_log
 .text.logger_log_raw
                0x0001343c       0x40 ./L3_Utils/src/file_logger.o
                0x0001343c                logger_log_raw
 .text._ZN14scheduler_task4initEv
                0x0001347c        0x4 ./L3_Utils/src/scheduler_task.o
                0x0001347c                scheduler_task::init()
 .text._ZN14scheduler_task6regTlmEv
                0x00013480        0x4 ./L3_Utils/src/scheduler_task.o
                0x00013480                scheduler_task::regTlm()
 .text._ZN14scheduler_task9taskEntryEv
                0x00013484        0x4 ./L3_Utils/src/scheduler_task.o
                0x00013484                scheduler_task::taskEntry()
 .text.__sputc_r
                0x00013488       0x2c ./L3_Utils/src/scheduler_task.o
 .text._ZL9dbg_printPKcS0_
                0x000134b4       0x34 ./L3_Utils/src/scheduler_task.o
 .text._ZL9printlinePKcS0_
                0x000134e8       0x38 ./L3_Utils/src/scheduler_task.o
 .text._Z24scheduler_c_task_privatePv
                0x00013520      0x120 ./L3_Utils/src/scheduler_task.o
                0x00013520                scheduler_c_task_private(void*)
 .text._Z18scheduler_init_allb
                0x00013640       0xf8 ./L3_Utils/src/scheduler_task.o
                0x00013640                scheduler_init_all(bool)
 .text._Z18scheduler_add_taskP14scheduler_task
                0x00013738       0x1c ./L3_Utils/src/scheduler_task.o
                0x00013738                scheduler_add_task(scheduler_task*)
 .text._Z15scheduler_startbb
                0x00013754       0x44 ./L3_Utils/src/scheduler_task.o
                0x00013754                scheduler_start(bool, bool)
 .text._ZN14scheduler_taskC2EPKcmhPv
                0x00013798       0x34 ./L3_Utils/src/scheduler_task.o
                0x00013798                scheduler_task::scheduler_task(char const*, unsigned long, unsigned char, void*)
                0x00013798                scheduler_task::scheduler_task(char const*, unsigned long, unsigned char, void*)
 .text._ZN14scheduler_task15getSharedObjectEh
                0x000137cc       0x18 ./L3_Utils/src/scheduler_task.o
                0x000137cc                scheduler_task::getSharedObject(unsigned char)
 .text.for_each_recur_alarm_callback
                0x000137e4       0x26 ./L3_Utils/src/rtc_alarm.o
 .text.for_each_alarm_callback
                0x0001380a       0x5c ./L3_Utils/src/rtc_alarm.o
 *fill*         0x00013866        0x2 ff
 .text.RTC_IRQHandler
                0x00013868       0xa4 ./L3_Utils/src/rtc_alarm.o
                0x00013868                RTC_IRQHandler
 .text._ZN3strC2EPci
                0x0001390c       0x2a ./L3_Utils/src/str.o
                0x0001390c                str::str(char*, int)
                0x0001390c                str::str(char*, int)
 .text._ZN3strD2Ev
                0x00013936       0x24 ./L3_Utils/src/str.o
                0x00013936                str::~str()
                0x00013936                str::~str()
 .text._ZNK3str6getLenEv
                0x0001395a        0x6 ./L3_Utils/src/str.o
                0x0001395a                str::getLen() const
 .text._ZNK3str11getCapacityEv
                0x00013960        0x4 ./L3_Utils/src/str.o
                0x00013960                str::getCapacity() const
 .text._ZN3str5clearEv
                0x00013964        0x8 ./L3_Utils/src/str.o
                0x00013964                str::clear()
 .text._ZN3str5scanfEPKcz
                0x0001396c       0x1c ./L3_Utils/src/str.o
                0x0001396c                str::scanf(char const*, ...)
 .text._ZN3str8tokenizeEPKciz
                0x00013988       0x4c ./L3_Utils/src/str.o
                0x00013988                str::tokenize(char const*, int, ...)
 .text._ZNK3str9compareToEPKc
                0x000139d4       0x14 ./L3_Utils/src/str.o
                0x000139d4                str::compareTo(char const*) const
 .text._ZNK3str19compareToIgnoreCaseEPKc
                0x000139e8       0x10 ./L3_Utils/src/str.o
                0x000139e8                str::compareToIgnoreCase(char const*) const
 .text._ZNK3str22firstIndexOfIgnoreCaseEPKc
                0x000139f8       0x80 ./L3_Utils/src/str.o
                0x000139f8                str::firstIndexOfIgnoreCase(char const*) const
 .text._ZNK3str18containsIgnoreCaseEPKc
                0x00013a78        0xe ./L3_Utils/src/str.o
                0x00013a78                str::containsIgnoreCase(char const*) const
 .text._ZNK3str12firstIndexOfEPKc
                0x00013a86       0x16 ./L3_Utils/src/str.o
                0x00013a86                str::firstIndexOf(char const*) const
 .text._ZNK3str10beginsWithEPKc
                0x00013a9c       0x2e ./L3_Utils/src/str.o
                0x00013a9c                str::beginsWith(char const*) const
 .text._ZNK3str20beginsWithIgnoreCaseEPKc
                0x00013aca       0x2e ./L3_Utils/src/str.o
                0x00013aca                str::beginsWithIgnoreCase(char const*) const
 .text._ZNK3str29beginsWithWholeWordIgnoreCaseEPKcc
                0x00013af8       0x38 ./L3_Utils/src/str.o
                0x00013af8                str::beginsWithWholeWordIgnoreCase(char const*, char) const
 .text._ZN3str10eraseFirstEi
                0x00013b30       0x28 ./L3_Utils/src/str.o
                0x00013b30                str::eraseFirst(int)
 .text._ZN3str9eraseLastEi
                0x00013b58       0x20 ./L3_Utils/src/str.o
                0x00013b58                str::eraseLast(int)
 .text._ZN3str10eraseAfterEii
                0x00013b78       0x38 ./L3_Utils/src/str.o
                0x00013b78                str::eraseAfter(int, int)
 .text._ZN3str5eraseEPKc
                0x00013bb0       0x28 ./L3_Utils/src/str.o
                0x00013bb0                str::erase(char const*)
 .text._ZN3str15eraseFirstWordsEic
                0x00013bd8       0x2a ./L3_Utils/src/str.o
                0x00013bd8                str::eraseFirstWords(int, char)
 .text._ZN3str9trimStartEPKc
                0x00013c02       0x40 ./L3_Utils/src/str.o
                0x00013c02                str::trimStart(char const*)
 .text._ZN3str7trimEndEPKc
                0x00013c42       0x3a ./L3_Utils/src/str.o
                0x00013c42                str::trimEnd(char const*)
 .text._ZNK3streqEPKc
                0x00013c7c        0x4 ./L3_Utils/src/str.o
                0x00013c7c                str::operator==(char const*) const
 .text._ZNK3strclEv
                0x00013c80        0x4 ./L3_Utils/src/str.o
                0x00013c80                str::operator()() const
 .text._ZNK3strcviEv
                0x00013c84        0x6 ./L3_Utils/src/str.o
                0x00013c84                str::operator int() const
 .text._ZN3strixEi
                0x00013c8a       0x14 ./L3_Utils/src/str.o
                0x00013c8a                str::operator[](int)
 .text._ZN3str13reAllocateMemEi
                0x00013c9e       0x4c ./L3_Utils/src/str.o
                0x00013c9e                str::reAllocateMem(int)
 .text._ZN3str4initEi
                0x00013cea       0x10 ./L3_Utils/src/str.o
                0x00013cea                str::init(int)
 .text._ZN3strC2Ei
                0x00013cfa        0xc ./L3_Utils/src/str.o
                0x00013cfa                str::str(int)
                0x00013cfa                str::str(int)
 .text._ZN3str7reserveEi
                0x00013d06        0xe ./L3_Utils/src/str.o
                0x00013d06                str::reserve(int)
 .text._ZN3str6printfEPKcz
                0x00013d14       0x42 ./L3_Utils/src/str.o
                0x00013d14                str::printf(char const*, ...)
 .text._ZN3str26ensureMemoryToInsertNCharsEi
                0x00013d56       0x22 ./L3_Utils/src/str.o
                0x00013d56                str::ensureMemoryToInsertNChars(int)
 .text._ZN3str11insertAtEndEPKc
                0x00013d78       0x22 ./L3_Utils/src/str.o
                0x00013d78                str::insertAtEnd(char const*)
 .text._ZN3strpLEc
                0x00013d9a       0x1a ./L3_Utils/src/str.o
                0x00013d9a                str::operator+=(char)
 .text._ZN3str8copyFromEPKc
                0x00013db4       0x3c ./L3_Utils/src/str.o
                0x00013db4                str::copyFrom(char const*)
 .text._ZN3straSEPKc
                0x00013df0        0x4 ./L3_Utils/src/str.o
                0x00013df0                str::operator=(char const*)
 .text.c_list_for_each_elm
                0x00013df4       0x2a ./L3_Utils/src/c_list.o
                0x00013df4                c_list_for_each_elm
 *fill*         0x00013e1e        0x2 ff
 .text._ZN16CommandProcessor10addHandlerEPFbR3strR7CharDevPvEPKcS8_S4_
                0x00013e20       0x7c ./L3_Utils/src/command_handler.o
                0x00013e20                CommandProcessor::addHandler(bool (*)(str&, CharDev&, void*), char const*, char const*, void*)
 .text._ZN16CommandProcessor24getRegisteredCommandListER7CharDev
                0x00013e9c       0x98 ./L3_Utils/src/command_handler.o
                0x00013e9c                CommandProcessor::getRegisteredCommandList(CharDev&)
 .text._ZN16CommandProcessor11getHelpTextER3strR7CharDev
                0x00013f34       0x70 ./L3_Utils/src/command_handler.o
                0x00013f34                CommandProcessor::getHelpText(str&, CharDev&)
 .text._ZN16CommandProcessor15prepareCmdParamER3strPKc
                0x00013fa4       0x3c ./L3_Utils/src/command_handler.o
                0x00013fa4                CommandProcessor::prepareCmdParam(str&, char const*)
 .text._ZN16CommandProcessor13handleCommandER3strR7CharDev
                0x00013fe0      0x14c ./L3_Utils/src/command_handler.o
                0x00013fe0                CommandProcessor::handleCommand(str&, CharDev&)
 .text.delay_us
                0x0001412c       0x1c ./L3_Utils/src/utilities.o
                0x0001412c                delay_us
 .text.is_freertos_running
                0x00014148        0xe ./L3_Utils/src/utilities.o
                0x00014148                is_freertos_running
 .text.delay_ms
                0x00014156       0x22 ./L3_Utils/src/utilities.o
                0x00014156                delay_ms
 .text._ZL13wsAddrHandlerR3strR7CharDevPv
                0x00014178       0x34 ./L5_Application/source/cmd_handlers/wireless_handlers.o
 .text._ZL25wirelessHandlerPrintStatsR7CharDevP12mesh_stats_th.constprop.4
                0x000141ac       0x3c ./L5_Application/source/cmd_handlers/wireless_handlers.o
 .text._ZL11wsTxHandlerR3strR7CharDevPv
                0x000141e8      0x114 ./L5_Application/source/cmd_handlers/wireless_handlers.o
 .text._ZL14wsStatsHandlerR3strR7CharDevPv
                0x000142fc       0x1e ./L5_Application/source/cmd_handlers/wireless_handlers.o
 *fill*         0x0001431a        0x2 ff
 .text._ZL11wsRxHandlerR3strR7CharDevPv
                0x0001431c       0x80 ./L5_Application/source/cmd_handlers/wireless_handlers.o
 .text._Z12wsRteHandlerR3strR7CharDevPv
                0x0001439c       0x74 ./L5_Application/source/cmd_handlers/wireless_handlers.o
                0x0001439c                wsRteHandler(str&, CharDev&, void*)
 .text._Z15wirelessHandlerR3strR7CharDevPv
                0x00014410      0x160 ./L5_Application/source/cmd_handlers/wireless_handlers.o
                0x00014410                wirelessHandler(str&, CharDev&, void*)
 .text._ZN17SingletonTemplateI12NordicStreamE11getInstanceEv
                0x00014570       0x20 ./L5_Application/source/cmd_handlers/wireless_handlers.o
                0x00014570                SingletonTemplate<NordicStream>::getInstance()
 .text._ZL15wsFileTxHandlerR3strR7CharDevPv
                0x00014590      0x22c ./L5_Application/source/cmd_handlers/wireless_handlers.o
 .text._ZL15wsStreamHandlerR3strR7CharDevPv
                0x000147bc      0x120 ./L5_Application/source/cmd_handlers/wireless_handlers.o
 .text._Z16flashProgHandlerR3strR7CharDevPv
                0x000148dc       0xa8 ./L5_Application/source/cmd_handlers/prog_handlers.o
                0x000148dc                flashProgHandler(str&, CharDev&, void*)
 .text._Z14getFileHandlerR3strR7CharDevPv
                0x00014984      0x134 ./L5_Application/source/cmd_handlers/prog_handlers.o
                0x00014984                getFileHandler(str&, CharDev&, void*)
 .text._ZN7Storage13getFlashDriveEv
                0x00014ab8       0x48 ./L5_Application/source/cmd_handlers/handlers.o
                0x00014ab8                Storage::getFlashDrive()
 .text._ZN7Storage10getSDDriveEv
                0x00014b00       0x48 ./L5_Application/source/cmd_handlers/handlers.o
                0x00014b00                Storage::getSDDrive()
 .text._Z15taskListHandlerR3strR7CharDevPv
                0x00014b48       0xe8 ./L5_Application/source/cmd_handlers/handlers.o
                0x00014b48                taskListHandler(str&, CharDev&, void*)
 .text._Z14memInfoHandlerR3strR7CharDevPv
                0x00014c30       0x22 ./L5_Application/source/cmd_handlers/handlers.o
                0x00014c30                memInfoHandler(str&, CharDev&, void*)
 *fill*         0x00014c52        0x2 ff
 .text._Z11timeHandlerR3strR7CharDevPv
                0x00014c54       0xc4 ./L5_Application/source/cmd_handlers/handlers.o
                0x00014c54                timeHandler(str&, CharDev&, void*)
 .text._Z10logHandlerR3strR7CharDevPv
                0x00014d18      0x190 ./L5_Application/source/cmd_handlers/handlers.o
                0x00014d18                logHandler(str&, CharDev&, void*)
 .text._Z9cpHandlerR3strR7CharDevPv
                0x00014ea8       0x80 ./L5_Application/source/cmd_handlers/handlers.o
                0x00014ea8                cpHandler(str&, CharDev&, void*)
 .text._Z10catHandlerR3strR7CharDevPv
                0x00014f28      0x104 ./L5_Application/source/cmd_handlers/handlers.o
                0x00014f28                catHandler(str&, CharDev&, void*)
 .text._Z9lsHandlerR3strR7CharDevPv
                0x0001502c      0x178 ./L5_Application/source/cmd_handlers/handlers.o
                0x0001502c                lsHandler(str&, CharDev&, void*)
 .text._Z12mkdirHandlerR3strR7CharDevPv
                0x000151a4       0x3c ./L5_Application/source/cmd_handlers/handlers.o
                0x000151a4                mkdirHandler(str&, CharDev&, void*)
 .text._Z9rmHandlerR3strR7CharDevPv
                0x000151e0       0x3c ./L5_Application/source/cmd_handlers/handlers.o
                0x000151e0                rmHandler(str&, CharDev&, void*)
 .text._Z9mvHandlerR3strR7CharDevPv
                0x0001521c       0x5c ./L5_Application/source/cmd_handlers/handlers.o
                0x0001521c                mvHandler(str&, CharDev&, void*)
 .text._Z14newFileHandlerR3strR7CharDevPv
                0x00015278       0xb0 ./L5_Application/source/cmd_handlers/handlers.o
                0x00015278                newFileHandler(str&, CharDev&, void*)
 .text._Z10dcpHandlerR3strR7CharDevPv
                0x00015328      0x140 ./L5_Application/source/cmd_handlers/handlers.o
                0x00015328                dcpHandler(str&, CharDev&, void*)
 .text._Z14storageHandlerR3strR7CharDevPv
                0x00015468       0xc0 ./L5_Application/source/cmd_handlers/handlers.o
                0x00015468                storageHandler(str&, CharDev&, void*)
 .text._Z13rebootHandlerR3strR7CharDevPv
                0x00015528       0x30 ./L5_Application/source/cmd_handlers/handlers.o
                0x00015528                rebootHandler(str&, CharDev&, void*)
 .text._Z14learnIrHandlerR3strR7CharDevPv
                0x00015558       0x38 ./L5_Application/source/cmd_handlers/handlers.o
                0x00015558                learnIrHandler(str&, CharDev&, void*)
 .text._ZN17SingletonTemplateI4I2C2E11getInstanceEv
                0x00015590       0x20 ./L5_Application/source/cmd_handlers/handlers.o
                0x00015590                SingletonTemplate<I2C2>::getInstance()
 .text._Z12i2cIoHandlerR3strR7CharDevPv
                0x000155b0      0x198 ./L5_Application/source/cmd_handlers/handlers.o
                0x000155b0                i2cIoHandler(str&, CharDev&, void*)
 .text._ZN17SingletonTemplateI17TemperatureSensorE11getInstanceEv
                0x00015748       0x28 ./L5_Application/source/cmd_handlers/handlers.o
                0x00015748                SingletonTemplate<TemperatureSensor>::getInstance()
 .text._Z26onDemandTemperatureHandlerR3strR7CharDevPv
                0x00015770       0x30 ./L5_Application/source/cmd_handlers/handlers.o
                0x00015770                onDemandTemperatureHandler(str&, CharDev&, void*)
 .text._Z13healthHandlerR3strR7CharDevPv
                0x000157a0      0x178 ./L5_Application/source/cmd_handlers/handlers.o
                0x000157a0                healthHandler(str&, CharDev&, void*)
 .text._ZL13hl_print_linev
                0x00015918        0xc ./L5_Application/source/high_level_init.o
 .text.ssp_set_max_clock
                0x00015924       0x2c ./L5_Application/source/high_level_init.o
 .text._ZL16hl_mount_storageR16FileSystemObjectPKc
                0x00015950       0x94 ./L5_Application/source/high_level_init.o
 .text._ZN17SingletonTemplateI11LED_DisplayE11getInstanceEv
                0x000159e4       0x24 ./L5_Application/source/high_level_init.o
                0x000159e4                SingletonTemplate<LED_Display>::getInstance()
 .text._ZN17SingletonTemplateI3LEDE11getInstanceEv
                0x00015a08       0x1c ./L5_Application/source/high_level_init.o
                0x00015a08                SingletonTemplate<LED>::getInstance()
 .text._ZN17SingletonTemplateI12Light_SensorE11getInstanceEv
                0x00015a24       0x18 ./L5_Application/source/high_level_init.o
                0x00015a24                SingletonTemplate<Light_Sensor>::getInstance()
 .text._ZN17SingletonTemplateI8SwitchesE11getInstanceEv
                0x00015a3c       0x18 ./L5_Application/source/high_level_init.o
                0x00015a3c                SingletonTemplate<Switches>::getInstance()
 .text._Z15high_level_initv
                0x00015a54      0x548 ./L5_Application/source/high_level_init.o
                0x00015a54                high_level_init()
 .text._ZN12terminalTask6regTlmEv
                0x00015f9c        0x4 ./L5_Application/source/terminal.o
                0x00015f9c                terminalTask::regTlm()
 .text._ZN12terminalTaskD2Ev
                0x00015fa0       0x48 ./L5_Application/source/terminal.o
                0x00015fa0                terminalTask::~terminalTask()
                0x00015fa0                terminalTask::~terminalTask()
 .text._ZN12terminalTaskD0Ev
                0x00015fe8       0x12 ./L5_Application/source/terminal.o
                0x00015fe8                terminalTask::~terminalTask()
 .text._ZN6VECTORIN12terminalTask9cmdChan_tEE14changeCapacityEj.part.4
                0x00015ffa       0x40 ./L5_Application/source/terminal.o
 *fill*         0x0001603a        0x2 ff
 .text._ZN12terminalTaskC2Eh
                0x0001603c       0xb0 ./L5_Application/source/terminal.o
                0x0001603c                terminalTask::terminalTask(unsigned char)
                0x0001603c                terminalTask::terminalTask(unsigned char)
 .text._ZN12terminalTask22handleEchoAndBackspaceEPNS_9cmdChan_tEc
                0x000160ec       0x74 ./L5_Application/source/terminal.o
                0x000160ec                terminalTask::handleEchoAndBackspace(terminalTask::cmdChan_t*, char)
 .text._ZN12terminalTask17addCommandChannelEP7CharDevb
                0x00016160       0x40 ./L5_Application/source/terminal.o
                0x00016160                terminalTask::addCommandChannel(CharDev*, bool)
 .text._ZN12terminalTask10getCommandEv
                0x000161a0      0x124 ./L5_Application/source/terminal.o
                0x000161a0                terminalTask::getCommand()
 .text._ZN12terminalTask3runEPv
                0x000162c4       0x98 ./L5_Application/source/terminal.o
                0x000162c4                terminalTask::run(void*)
 .text._ZN17SingletonTemplateI5Uart0E11getInstanceEv
                0x0001635c       0x20 ./L5_Application/source/terminal.o
                0x0001635c                SingletonTemplate<Uart0>::getInstance()
 .text._ZN5Uart017putcharIntrDrivenEc
                0x0001637c       0x18 ./L5_Application/source/terminal.o
                0x0001637c                Uart0::putcharIntrDriven(char)
 .text._ZN5Uart017getcharIntrDrivenEc
                0x00016394       0x22 ./L5_Application/source/terminal.o
                0x00016394                Uart0::getcharIntrDriven(char)
 *fill*         0x000163b6        0x2 ff
 .text._ZN12terminalTask9taskEntryEv
                0x000163b8      0x298 ./L5_Application/source/terminal.o
                0x000163b8                terminalTask::taskEntry()
 .text._ZN9uart_taskD2Ev
                0x00016650        0x2 ./L5_Application/examples/examples.o
                0x00016650                uart_task::~uart_task()
                0x00016650                uart_task::~uart_task()
 .text._ZN9uart_taskD0Ev
                0x00016652        0xc ./L5_Application/examples/examples.o
                0x00016652                uart_task::~uart_task()
 *fill*         0x0001665e        0x2 ff
 .text._ZN9uart_taskC2Ev
                0x00016660       0x2c ./L5_Application/examples/examples.o
                0x00016660                uart_task::uart_task()
                0x00016660                uart_task::uart_task()
 .text._ZN17SingletonTemplateI19Acceleration_SensorE11getInstanceEv
                0x0001668c       0x24 ./L5_Application/examples/examples.o
                0x0001668c                SingletonTemplate<Acceleration_Sensor>::getInstance()
 .text._ZN9uart_task3runEPv
                0x000166b0       0x98 ./L5_Application/examples/examples.o
                0x000166b0                uart_task::run(void*)
 .text._ZN12wirelessTaskD2Ev
                0x00016748        0x2 ./L5_Application/main.o
                0x00016748                wirelessTask::~wirelessTask()
                0x00016748                wirelessTask::~wirelessTask()
 .text._ZN12wirelessTask3runEPv
                0x0001674a        0xa ./L5_Application/main.o
                0x0001674a                wirelessTask::run(void*)
 .text._ZN12wirelessTaskD0Ev
                0x00016754        0xc ./L5_Application/main.o
                0x00016754                wirelessTask::~wirelessTask()
 .text.startup.main
                0x00016760       0xc4 ./L5_Application/main.o
                0x00016760                main
 .text.nordic_transfer
                0x00016824      0x104 ./L4_IO/wireless/src/nrf24L01Plus.o
 .text.nordic_readRegister
                0x00016928       0x20 ./L4_IO/wireless/src/nrf24L01Plus.o
 .text.nordic_writeRegister
                0x00016948       0x1e ./L4_IO/wireless/src/nrf24L01Plus.o
 .text.nordic_is_tx_fifo_empty
                0x00016966        0xe ./L4_IO/wireless/src/nrf24L01Plus.o
                0x00016966                nordic_is_tx_fifo_empty
 .text.nordic_clear_all_intr_flags
                0x00016974        0x8 ./L4_IO/wireless/src/nrf24L01Plus.o
                0x00016974                nordic_clear_all_intr_flags
 .text.nordic_queue_tx_fifo
                0x0001697c        0xc ./L4_IO/wireless/src/nrf24L01Plus.o
                0x0001697c                nordic_queue_tx_fifo
 .text.nordic_standby1_to_tx_mode1
                0x00016988       0x16 ./L4_IO/wireless/src/nrf24L01Plus.o
                0x00016988                nordic_standby1_to_tx_mode1
 *fill*         0x0001699e        0x2 ff
 .text.nordic_rx_to_Stanby1
                0x000169a0       0x10 ./L4_IO/wireless/src/nrf24L01Plus.o
                0x000169a0                nordic_rx_to_Stanby1
 .text.nordic_standby1_to_rx
                0x000169b0       0x24 ./L4_IO/wireless/src/nrf24L01Plus.o
                0x000169b0                nordic_standby1_to_rx
 .text.nordic_clear_packet_sent_flag
                0x000169d4        0x8 ./L4_IO/wireless/src/nrf24L01Plus.o
                0x000169d4                nordic_clear_packet_sent_flag
 .text.nordic_flush_tx_fifo
                0x000169dc        0xc ./L4_IO/wireless/src/nrf24L01Plus.o
                0x000169dc                nordic_flush_tx_fifo
 .text.nordic_mode1_send_single_packet
                0x000169e8       0x4c ./L4_IO/wireless/src/nrf24L01Plus.o
                0x000169e8                nordic_mode1_send_single_packet
 .text.nordic_is_packet_available
                0x00016a34       0x12 ./L4_IO/wireless/src/nrf24L01Plus.o
                0x00016a34                nordic_is_packet_available
 .text.nordic_clear_packet_available_flag
                0x00016a46        0x8 ./L4_IO/wireless/src/nrf24L01Plus.o
                0x00016a46                nordic_clear_packet_available_flag
 .text.nordic_read_rx_fifo
                0x00016a4e       0x14 ./L4_IO/wireless/src/nrf24L01Plus.o
                0x00016a4e                nordic_read_rx_fifo
 .text.nordic_flush_rx_fifo
                0x00016a62        0xc ./L4_IO/wireless/src/nrf24L01Plus.o
                0x00016a62                nordic_flush_rx_fifo
 .text.nordic_set_intr_signals
                0x00016a6e       0x3e ./L4_IO/wireless/src/nrf24L01Plus.o
                0x00016a6e                nordic_set_intr_signals
 .text.nordic_set_crc
                0x00016aac       0x38 ./L4_IO/wireless/src/nrf24L01Plus.o
                0x00016aac                nordic_set_crc
 .text.nordic_power_up
                0x00016ae4       0x18 ./L4_IO/wireless/src/nrf24L01Plus.o
                0x00016ae4                nordic_power_up
 .text.nordic_power_down
                0x00016afc       0x16 ./L4_IO/wireless/src/nrf24L01Plus.o
                0x00016afc                nordic_power_down
 .text.nordic_set_channel
                0x00016b12       0x24 ./L4_IO/wireless/src/nrf24L01Plus.o
                0x00016b12                nordic_set_channel
 .text.nordic_set_air_data_rate
                0x00016b36       0x2c ./L4_IO/wireless/src/nrf24L01Plus.o
                0x00016b36                nordic_set_air_data_rate
 .text.nordic_set_power_level
                0x00016b62       0x24 ./L4_IO/wireless/src/nrf24L01Plus.o
                0x00016b62                nordic_set_power_level
 .text.nordic_set_auto_transmit_options
                0x00016b86       0x32 ./L4_IO/wireless/src/nrf24L01Plus.o
                0x00016b86                nordic_set_auto_transmit_options
 .text.nordic_set_payload_for_pipe
                0x00016bb8       0x14 ./L4_IO/wireless/src/nrf24L01Plus.o
                0x00016bb8                nordic_set_payload_for_pipe
 .text.nordic_set_addr_width
                0x00016bcc       0x16 ./L4_IO/wireless/src/nrf24L01Plus.o
                0x00016bcc                nordic_set_addr_width
 .text.nordic_set_tx_address
                0x00016be2        0xc ./L4_IO/wireless/src/nrf24L01Plus.o
                0x00016be2                nordic_set_tx_address
 .text.nordic_set_rx_pipe0_addr
                0x00016bee        0xc ./L4_IO/wireless/src/nrf24L01Plus.o
                0x00016bee                nordic_set_rx_pipe0_addr
 *fill*         0x00016bfa        0x2 ff
 .text.nordic_init
                0x00016bfc       0xc8 ./L4_IO/wireless/src/nrf24L01Plus.o
                0x00016bfc                nordic_init
 .text.mesh_incr_soft_timers_for_arr
                0x00016cc4       0x26 ./L4_IO/wireless/src/mesh.o
 *fill*         0x00016cea        0x2 ff
 .text.mesh_update_soft_timers
                0x00016cec       0x4c ./L4_IO/wireless/src/mesh.o
 .text.mesh_send_packet
                0x00016d38       0x3c ./L4_IO/wireless/src/mesh.o
 .text.mesh_send_retry_packet
                0x00016d74       0x34 ./L4_IO/wireless/src/mesh.o
 .text.mesh_find_rte_tbl_entry
                0x00016da8       0x24 ./L4_IO/wireless/src/mesh.o
 .text.mesh_update_rte_scores
                0x00016dcc       0x28 ./L4_IO/wireless/src/mesh.o
 .text.mesh_get_pnd_pkt_slot
                0x00016df4       0x42 ./L4_IO/wireless/src/mesh.o
 *fill*         0x00016e36        0x2 ff
 .text.mesh_pending_packets_add
                0x00016e38       0x90 ./L4_IO/wireless/src/mesh.o
 .text.mesh_get_rte_to_modify
                0x00016ec8       0x58 ./L4_IO/wireless/src/mesh.o
 .text.mesh_handle_pnd_pkts_for_arr
                0x00016f20      0x184 ./L4_IO/wireless/src/mesh.o
 .text.mesh_set_node_address
                0x000170a4       0x18 ./L4_IO/wireless/src/mesh.o
                0x000170a4                mesh_set_node_address
 .text.mesh_get_node_address
                0x000170bc        0xc ./L4_IO/wireless/src/mesh.o
                0x000170bc                mesh_get_node_address
 .text.mesh_set_retry_count
                0x000170c8       0x10 ./L4_IO/wireless/src/mesh.o
                0x000170c8                mesh_set_retry_count
 .text.mesh_form_pkt
                0x000170d8      0x100 ./L4_IO/wireless/src/mesh.o
                0x000170d8                mesh_form_pkt
 .text.mesh_send_formed_pkt
                0x000171d8       0x50 ./L4_IO/wireless/src/mesh.o
                0x000171d8                mesh_send_formed_pkt
 .text.mesh_init
                0x00017228      0x104 ./L4_IO/wireless/src/mesh.o
                0x00017228                mesh_init
 .text.mesh_send
                0x0001732c       0x3c ./L4_IO/wireless/src/mesh.o
                0x0001732c                mesh_send
 .text.mesh_send_ack
                0x00017368       0x1a ./L4_IO/wireless/src/mesh.o
 *fill*         0x00017382        0x2 ff
 .text.mesh_get_routing_entry
                0x00017384       0x2c ./L4_IO/wireless/src/mesh.o
                0x00017384                mesh_get_routing_entry
 .text.mesh_get_num_routing_entries
                0x000173b0       0x1c ./L4_IO/wireless/src/mesh.o
                0x000173b0                mesh_get_num_routing_entries
 .text.mesh_service
                0x000173cc      0x2c4 ./L4_IO/wireless/src/mesh.o
                0x000173cc                mesh_service
 .text.mesh_get_pnd_pkt_count
                0x00017690       0x34 ./L4_IO/wireless/src/mesh.o
                0x00017690                mesh_get_pnd_pkt_count
 .text.mesh_get_max_timeout_before_packet_fails
                0x000176c4       0x24 ./L4_IO/wireless/src/mesh.o
                0x000176c4                mesh_get_max_timeout_before_packet_fails
 .text.mesh_get_stats
                0x000176e8       0x14 ./L4_IO/wireless/src/mesh.o
                0x000176e8                mesh_get_stats
 .text.nrf_irq_callback
                0x000176fc       0x30 ./L4_IO/wireless/src/wireless.o
 .text.nrf_driver_init
                0x0001772c       0x70 ./L4_IO/wireless/src/wireless.o
 .text.nrf_driver_app_recv
                0x0001779c       0x50 ./L4_IO/wireless/src/wireless.o
 .text.nrf_driver_send
                0x000177ec       0x5c ./L4_IO/wireless/src/wireless.o
 .text.nrf_driver_receive
                0x00017848       0x22 ./L4_IO/wireless/src/wireless.o
 .text.wireless_get_queued_pkt
                0x0001786a       0x64 ./L4_IO/wireless/src/wireless.o
 .text.nrf_driver_get_timer
                0x000178ce       0x28 ./L4_IO/wireless/src/wireless.o
 *fill*         0x000178f6        0x2 ff
 .text.wireless_init
                0x000178f8       0x4c ./L4_IO/wireless/src/wireless.o
                0x000178f8                wireless_init
 .text.wireless_get_rx_pkt
                0x00017944       0x10 ./L4_IO/wireless/src/wireless.o
                0x00017944                wireless_get_rx_pkt
 .text.wireless_get_ack_pkt
                0x00017954       0x10 ./L4_IO/wireless/src/wireless.o
                0x00017954                wireless_get_ack_pkt
 .text.wireless_service
                0x00017964       0x4c ./L4_IO/wireless/src/wireless.o
                0x00017964                wireless_service
 .text._ZN11i2c2_device8writeRegEhh
                0x000179b0        0xc ./L4_IO/src/io_source.o
                0x000179b0                i2c2_device::writeReg(unsigned char, unsigned char)
 .text._ZN11i2c2_device16get16BitRegisterEh
                0x000179bc       0x2a ./L4_IO/src/io_source.o
                0x000179bc                i2c2_device::get16BitRegister(unsigned char)
 .text._ZN19Acceleration_Sensor4initEv
                0x000179e6       0x20 ./L4_IO/src/io_source.o
                0x000179e6                Acceleration_Sensor::init()
 .text._ZN19Acceleration_Sensor4getXEv
                0x00017a06       0x12 ./L4_IO/src/io_source.o
                0x00017a06                Acceleration_Sensor::getX()
 .text._ZN19Acceleration_Sensor4getYEv
                0x00017a18       0x12 ./L4_IO/src/io_source.o
                0x00017a18                Acceleration_Sensor::getY()
 *fill*         0x00017a2a        0x2 ff
 .text._ZN9IR_Sensor11storeIrCodeEm
                0x00017a2c       0x1c ./L4_IO/src/io_source.o
                0x00017a2c                IR_Sensor::storeIrCode(unsigned long)
 .text._ZN9IR_Sensor12decodeIrCodeEv
                0x00017a48       0x64 ./L4_IO/src/io_source.o
                0x00017a48                IR_Sensor::decodeIrCode()
 .text._ZN9IR_Sensor4initEv
                0x00017aac       0x34 ./L4_IO/src/io_source.o
                0x00017aac                IR_Sensor::init()
 .text._ZN11LED_Display12setLeftDigitEc
                0x00017ae0       0x18 ./L4_IO/src/io_source.o
                0x00017ae0                LED_Display::setLeftDigit(char)
 .text._ZN11LED_Display13setRightDigitEc
                0x00017af8       0x18 ./L4_IO/src/io_source.o
                0x00017af8                LED_Display::setRightDigit(char)
 .text._ZN11LED_Display4initEv
                0x00017b10       0x38 ./L4_IO/src/io_source.o
                0x00017b10                LED_Display::init()
 .text._ZN11LED_Display9setNumberEc
                0x00017b48       0x3a ./L4_IO/src/io_source.o
                0x00017b48                LED_Display::setNumber(char)
 .text._ZN3LED4initEv
                0x00017b82        0x4 ./L4_IO/src/io_source.o
                0x00017b82                LED::init()
 *fill*         0x00017b86        0x2 ff
 .text._ZN3LED6setAllEh
                0x00017b88       0x5c ./L4_IO/src/io_source.o
                0x00017b88                LED::setAll(unsigned char)
 .text._ZN3LED6toggleEh
                0x00017be4       0x28 ./L4_IO/src/io_source.o
                0x00017be4                LED::toggle(unsigned char)
 .text._ZN12Light_Sensor4initEv
                0x00017c0c        0x4 ./L4_IO/src/io_source.o
                0x00017c0c                Light_Sensor::init()
 .text._ZN12Light_Sensor11getRawValueEv
                0x00017c10        0x6 ./L4_IO/src/io_source.o
                0x00017c10                Light_Sensor::getRawValue()
 .text._ZN8Switches4initEv
                0x00017c16        0x4 ./L4_IO/src/io_source.o
                0x00017c16                Switches::init()
 *fill*         0x00017c1a        0x2 ff
 .text._ZN8Switches15getSwitchValuesEv
                0x00017c1c       0x18 ./L4_IO/src/io_source.o
                0x00017c1c                Switches::getSwitchValues()
 .text._ZN8I2C_Temp4initEv
                0x00017c34       0x22 ./L4_IO/src/io_source.o
                0x00017c34                I2C_Temp::init()
 .text._ZN8I2C_Temp10getCelsiusEv
                0x00017c56       0x30 ./L4_IO/src/io_source.o
                0x00017c56                I2C_Temp::getCelsius()
 *fill*         0x00017c86        0x2 ff
 .text._ZN8I2C_Temp12getFarenheitEv
                0x00017c88       0x24 ./L4_IO/src/io_source.o
                0x00017c88                I2C_Temp::getFarenheit()
 .text._ZN7Storage4copyEPKcS1_PjS2_S2_
                0x00017cac       0xf4 ./L4_IO/src/storage.o
                0x00017cac                Storage::copy(char const*, char const*, unsigned int*, unsigned int*, unsigned int*)
 .text._ZN7Storage4readEPKcPvjj
                0x00017da0       0x44 ./L4_IO/src/storage.o
                0x00017da0                Storage::read(char const*, void*, unsigned int, unsigned int)
 .text._ZN7Storage5writeEPKcPvjj
                0x00017de4       0x44 ./L4_IO/src/storage.o
                0x00017de4                Storage::write(char const*, void*, unsigned int, unsigned int)
 .text._ZN7Storage6appendEPKcPKvjj
                0x00017e28       0x48 ./L4_IO/src/storage.o
                0x00017e28                Storage::append(char const*, void const*, unsigned int, unsigned int)
 .text.get_fattime
                0x00017e70       0x52 ./L4_IO/fat/fatfs_time.o
                0x00017e70                get_fattime
 .text.mem_cpy  0x00017ec2       0x38 ./L4_IO/fat/ff.o
 .text.mem_set  0x00017efa        0xe ./L4_IO/fat/ff.o
 .text.sum_sfn  0x00017f08       0x1e ./L4_IO/fat/ff.o
 .text.get_ldnumber
                0x00017f26       0x3c ./L4_IO/fat/ff.o
 .text.get_fileinfo
                0x00017f62       0xc4 ./L4_IO/fat/ff.o
 .text.sync_window.part.1
                0x00018026       0x46 ./L4_IO/fat/ff.o
 .text.sync_window
                0x0001806c        0xc ./L4_IO/fat/ff.o
 .text.sync_fs  0x00018078       0x74 ./L4_IO/fat/ff.o
 .text.move_window
                0x000180ec       0x34 ./L4_IO/fat/ff.o
 .text.check_fs
                0x00018120       0x4c ./L4_IO/fat/ff.o
 .text.find_volume
                0x0001816c      0x23c ./L4_IO/fat/ff.o
 .text.validate
                0x000183a8       0x3a ./L4_IO/fat/ff.o
 .text.unlock_fs
                0x000183e2       0x1a ./L4_IO/fat/ff.o
 .text.clust2sect
                0x000183fc       0x16 ./L4_IO/fat/ff.o
                0x000183fc                clust2sect
 .text.get_fat  0x00018412       0xa6 ./L4_IO/fat/ff.o
                0x00018412                get_fat
 .text.dir_sdi  0x000184b8       0x7e ./L4_IO/fat/ff.o
 .text.put_fat  0x00018536       0xd0 ./L4_IO/fat/ff.o
                0x00018536                put_fat
 .text.create_chain
                0x00018606       0xa2 ./L4_IO/fat/ff.o
 .text.dir_next
                0x000186a8       0xee ./L4_IO/fat/ff.o
 *fill*         0x00018796        0x2 ff
 .text.dir_find.part.9
                0x00018798      0x124 ./L4_IO/fat/ff.o
 .text.follow_path
                0x000188bc      0x268 ./L4_IO/fat/ff.o
 .text.dir_register
                0x00018b24      0x224 ./L4_IO/fat/ff.o
 .text.dir_remove
                0x00018d48       0x5a ./L4_IO/fat/ff.o
 *fill*         0x00018da2        0x2 ff
 .text.dir_read.constprop.11
                0x00018da4       0xe8 ./L4_IO/fat/ff.o
 .text.remove_chain
                0x00018e8c       0x58 ./L4_IO/fat/ff.o
 .text.f_mount  0x00018ee4       0x7c ./L4_IO/fat/ff.o
                0x00018ee4                f_mount
 .text.f_open   0x00018f60      0x134 ./L4_IO/fat/ff.o
                0x00018f60                f_open
 .text.f_read   0x00019094      0x170 ./L4_IO/fat/ff.o
                0x00019094                f_read
 .text.f_write  0x00019204      0x1a2 ./L4_IO/fat/ff.o
                0x00019204                f_write
 .text.f_sync   0x000193a6       0x8c ./L4_IO/fat/ff.o
                0x000193a6                f_sync
 .text.f_close  0x00019432       0x24 ./L4_IO/fat/ff.o
                0x00019432                f_close
 .text.f_lseek  0x00019456      0x14e ./L4_IO/fat/ff.o
                0x00019456                f_lseek
 .text.f_opendir
                0x000195a4       0x88 ./L4_IO/fat/ff.o
                0x000195a4                f_opendir
 .text.f_readdir
                0x0001962c       0x5e ./L4_IO/fat/ff.o
                0x0001962c                f_readdir
 .text.f_getfree
                0x0001968a       0xca ./L4_IO/fat/ff.o
                0x0001968a                f_getfree
 .text.f_unlink
                0x00019754       0xba ./L4_IO/fat/ff.o
                0x00019754                f_unlink
 .text.f_mkdir  0x0001980e      0x152 ./L4_IO/fat/ff.o
                0x0001980e                f_mkdir
 .text.f_rename
                0x00019960      0x120 ./L4_IO/fat/ff.o
                0x00019960                f_rename
 .text.f_mkfs   0x00019a80      0x4ec ./L4_IO/fat/ff.o
                0x00019a80                f_mkfs
 .text.ff_cre_syncobj
                0x00019f6c       0x14 ./L4_IO/fat/option/reentrant.o
                0x00019f6c                ff_cre_syncobj
 .text.ff_del_syncobj
                0x00019f80        0x4 ./L4_IO/fat/option/reentrant.o
                0x00019f80                ff_del_syncobj
 .text.ff_req_grant
                0x00019f84       0x26 ./L4_IO/fat/option/reentrant.o
                0x00019f84                ff_req_grant
 .text.ff_rel_grant
                0x00019faa       0x1e ./L4_IO/fat/option/reentrant.o
                0x00019faa                ff_rel_grant
 .text.ff_convert
                0x00019fc8       0x3c ./L4_IO/fat/option/ccsbcs.o
                0x00019fc8                ff_convert
 .text.ff_wtoupper
                0x0001a004       0x24 ./L4_IO/fat/option/ccsbcs.o
                0x0001a004                ff_wtoupper
 .text.disk_initialize
                0x0001a028       0x26 ./L4_IO/fat/disk/diskio.o
                0x0001a028                disk_initialize
 .text.disk_status
                0x0001a04e       0x10 ./L4_IO/fat/disk/diskio.o
                0x0001a04e                disk_status
 .text.disk_read
                0x0001a05e       0x38 ./L4_IO/fat/disk/diskio.o
                0x0001a05e                disk_read
 .text.disk_write
                0x0001a096       0x38 ./L4_IO/fat/disk/diskio.o
                0x0001a096                disk_write
 .text.disk_ioctl
                0x0001a0ce       0x32 ./L4_IO/fat/disk/diskio.o
                0x0001a0ce                disk_ioctl
 .text.sys_get_uptime_ms
                0x0001a100       0x12 ./L4_IO/fat/disk/sd.o
 *fill*         0x0001a112        0x2 ff
 .text.ssp1_set_max_clock
                0x0001a114       0x30 ./L4_IO/fat/disk/sd.o
 .text.ssp1_exchange_byte
                0x0001a144       0x18 ./L4_IO/fat/disk/sd.o
 .text.wait_ready
                0x0001a15c       0x2e ./L4_IO/fat/disk/sd.o
                0x0001a15c                wait_ready
 *fill*         0x0001a18a        0x2 ff
 .text.power_off
                0x0001a18c       0x24 ./L4_IO/fat/disk/sd.o
                0x0001a18c                power_off
 .text.rcvr_datablock
                0x0001a1b0       0x8c ./L4_IO/fat/disk/sd.o
                0x0001a1b0                rcvr_datablock
 .text.xmit_datablock
                0x0001a23c       0x4c ./L4_IO/fat/disk/sd.o
                0x0001a23c                xmit_datablock
 .text.send_cmd
                0x0001a288       0x90 ./L4_IO/fat/disk/sd.o
                0x0001a288                send_cmd
 .text.sd_update_card_status
                0x0001a318       0x24 ./L4_IO/fat/disk/sd.o
                0x0001a318                sd_update_card_status
 .text.sd_initialize
                0x0001a33c      0x170 ./L4_IO/fat/disk/sd.o
                0x0001a33c                sd_initialize
 .text.sd_status
                0x0001a4ac       0x10 ./L4_IO/fat/disk/sd.o
                0x0001a4ac                sd_status
 .text.sd_read  0x0001a4bc       0x98 ./L4_IO/fat/disk/sd.o
                0x0001a4bc                sd_read
 .text.sd_write
                0x0001a554       0xb4 ./L4_IO/fat/disk/sd.o
                0x0001a554                sd_write
 .text.sd_ioctl
                0x0001a608      0x234 ./L4_IO/fat/disk/sd.o
                0x0001a608                sd_ioctl
 .text._ZL24flash_get_mem_size_bytesv
                0x0001a83c       0x20 ./L4_IO/fat/disk/spi_flash.o
 .text._ZL37flash_perform_page_io_of_fatfs_sectorPFvPhmmES_m
                0x0001a85c       0x74 ./L4_IO/fat/disk/spi_flash.o
 .text.ssp1_exchange_data
                0x0001a8d0       0xc4 ./L4_IO/fat/disk/spi_flash.o
 .text._ZL18flash_send_op_addr14flash_opcode_tm
                0x0001a994       0x26 ./L4_IO/fat/disk/spi_flash.o
 *fill*         0x0001a9ba        0x2 ff
 .text._ZL15flash_read_pagePhmm
                0x0001a9bc       0x44 ./L4_IO/fat/disk/spi_flash.o
 .text._ZL20flash_wait_for_readyv
                0x0001aa00       0x44 ./L4_IO/fat/disk/spi_flash.o
 .text.flash_initialize
                0x0001aa44       0x98 ./L4_IO/fat/disk/spi_flash.o
                0x0001aa44                flash_initialize
 .text.flash_read_sectors
                0x0001aadc       0x44 ./L4_IO/fat/disk/spi_flash.o
                0x0001aadc                flash_read_sectors
 .text.flash_write_sectors
                0x0001ab20       0x40 ./L4_IO/fat/disk/spi_flash.o
                0x0001ab20                flash_write_sectors
 .text.flash_ioctl
                0x0001ab60       0x36 ./L4_IO/fat/disk/spi_flash.o
                0x0001ab60                flash_ioctl
 *fill*         0x0001ab96        0x2 ff
 .text.flash_write_permanent_id
                0x0001ab98       0x44 ./L4_IO/fat/disk/spi_flash.o
                0x0001ab98                flash_write_permanent_id
 .text.flash_read_permanent_id
                0x0001abdc       0x28 ./L4_IO/fat/disk/spi_flash.o
                0x0001abdc                flash_read_permanent_id
 .text.flash_get_page_count
                0x0001ac04       0x20 ./L4_IO/fat/disk/spi_flash.o
                0x0001ac04                flash_get_page_count
 .text.flash_get_page_size
                0x0001ac24        0xc ./L4_IO/fat/disk/spi_flash.o
                0x0001ac24                flash_get_page_size
 .text.flash_supports_metadata
                0x0001ac30       0x10 ./L4_IO/fat/disk/spi_flash.o
                0x0001ac30                flash_supports_metadata
 .text._ZL16flash_write_pagePhmm
                0x0001ac40       0x8c ./L4_IO/fat/disk/spi_flash.o
 .text.flash_get_page_write_count
                0x0001accc       0x54 ./L4_IO/fat/disk/spi_flash.o
                0x0001accc                flash_get_page_write_count
 .text.flash_chip_erase
                0x0001ad20       0x2c ./L4_IO/fat/disk/spi_flash.o
                0x0001ad20                flash_chip_erase
 .text.sys_set_outchar_func
                0x0001ad4c        0xc ./newlib/newlib_syscalls.o
                0x0001ad4c                sys_set_outchar_func
 .text.sys_set_inchar_func
                0x0001ad58        0xc ./newlib/newlib_syscalls.o
                0x0001ad58                sys_set_inchar_func
 .text._kill    0x0001ad64       0x10 ./newlib/newlib_syscalls.o
                0x0001ad64                _kill
 .text._exit    0x0001ad74       0x10 ./newlib/newlib_syscalls.o
                0x0001ad74                _exit
 .text._getpid  0x0001ad84        0x4 ./newlib/newlib_syscalls.o
                0x0001ad84                _getpid
 .text._init    0x0001ad88        0x4 ./newlib/newlib_syscalls.o
                0x0001ad88                _init
 .text._write   0x0001ad8c       0x28 ./newlib/newlib_syscalls.o
                0x0001ad8c                _write
 .text._read    0x0001adb4       0x2c ./newlib/newlib_syscalls.o
                0x0001adb4                _read
 .text.syscalls_init
                0x0001ade0        0x2 ./newlib/newlib_syscalls.o
                0x0001ade0                syscalls_init
 .text._fstat   0x0001ade2        0x4 ./newlib/newlib_syscalls.o
                0x0001ade2                _fstat
 *fill*         0x0001ade6        0x2 ff
 .text._isatty  0x0001ade8       0x24 ./newlib/newlib_syscalls.o
                0x0001ade8                _isatty
 .text._lseek   0x0001ae0c        0x4 ./newlib/newlib_syscalls.o
                0x0001ae0c                _lseek
 .text._close   0x0001ae10        0x4 ./newlib/newlib_syscalls.o
                0x0001ae10                _close
 .text._gettimeofday
                0x0001ae14       0x7a ./newlib/newlib_time.o
                0x0001ae14                _gettimeofday
 *fill*         0x0001ae8e        0x2 ff
 .text._sbrk    0x0001ae90       0x74 ./newlib/memory.o
                0x0001ae90                _sbrk
 .text._Znwj    0x0001af04        0x4 ./newlib/memory.o
                0x0001af04                operator new(unsigned int)
 .text._ZdlPv   0x0001af08        0x4 ./newlib/memory.o
                0x0001af08                operator delete(void*)
 .text._ZdaPv   0x0001af0c        0x4 ./newlib/memory.o
                0x0001af0c                operator delete[](void*)
 .text.sys_get_mem_info
                0x0001af10       0xb8 ./newlib/memory.o
                0x0001af10                sys_get_mem_info
 .text.startup._GLOBAL__sub_I__sbrk
                0x0001afc8       0x20 ./newlib/memory.o
 .text.__malloc_lock
                0x0001afe8        0x4 ./newlib/malloc_lock.o
                0x0001afe8                __malloc_lock
 .text.__malloc_unlock
                0x0001afec        0x4 ./newlib/malloc_lock.o
                0x0001afec                __malloc_unlock
 .text._ZN10__cxxabiv120__si_class_type_infoD2Ev
                0x0001aff0       0x14 /home/john/programs/sources/gcc-arm-none-eabi-5_4-2016q2/bin/../lib/gcc/arm-none-eabi/5.4.1/../../../../arm-none-eabi/lib/armv7-m/libstdc++_nano.a(si_class_type_info.o)
                0x0001aff0                __cxxabiv1::__si_class_type_info::~__si_class_type_info()
                0x0001aff0                __cxxabiv1::__si_class_type_info::~__si_class_type_info()
 .text._ZN10__cxxabiv120__si_class_type_infoD0Ev
                0x0001b004       0x12 /home/john/programs/sources/gcc-arm-none-eabi-5_4-2016q2/bin/../lib/gcc/arm-none-eabi/5.4.1/../../../../arm-none-eabi/lib/armv7-m/libstdc++_nano.a(si_class_type_info.o)
                0x0001b004                __cxxabiv1::__si_class_type_info::~__si_class_type_info()
 .text._ZNK10__cxxabiv120__si_class_type_info12__do_dyncastEiNS_17__class_type_info10__sub_kindEPKS1_PKvS4_S6_RNS1_16__dyncast_resultE
                0x0001b016       0x7c /home/john/programs/sources/gcc-arm-none-eabi-5_4-2016q2/bin/../lib/gcc/arm-none-eabi/5.4.1/../../../../arm-none-eabi/lib/armv7-m/libstdc++_nano.a(si_class_type_info.o)
                0x0001b016                __cxxabiv1::__si_class_type_info::__do_dyncast(int, __cxxabiv1::__class_type_info::__sub_kind, __cxxabiv1::__class_type_info const*, void const*, __cxxabiv1::__class_type_info const*, void const*, __cxxabiv1::__class_type_info::__dyncast_result&) const
 .text._ZNK10__cxxabiv120__si_class_type_info20__do_find_public_srcEiPKvPKNS_17__class_type_infoES2_
                0x0001b092       0x38 /home/john/programs/sources/gcc-arm-none-eabi-5_4-2016q2/bin/../lib/gcc/arm-none-eabi/5.4.1/../../../../arm-none-eabi/lib/armv7-m/libstdc++_nano.a(si_class_type_info.o)
                0x0001b092                __cxxabiv1::__si_class_type_info::__do_find_public_src(int, void const*, __cxxabiv1::__class_type_info const*, void const*) const
 .text._ZNK10__cxxabiv120__si_class_type_info11__do_upcastEPKNS_17__class_type_infoEPKvRNS1_15__upcast_resultE
                0x0001b0ca       0x2a /home/john/programs/sources/gcc-arm-none-eabi-5_4-2016q2/bin/../lib/gcc/arm-none-eabi/5.4.1/../../../../arm-none-eabi/lib/armv7-m/libstdc++_nano.a(si_class_type_info.o)
                0x0001b0ca                __cxxabiv1::__si_class_type_info::__do_upcast(__cxxabiv1::__class_type_info const*, void const*, __cxxabiv1::__class_type_info::__upcast_result&) const
 .text._ZN10__cxxabiv121__vmi_class_type_infoD2Ev
                0x0001b0f4       0x14 /home/john/programs/sources/gcc-arm-none-eabi-5_4-2016q2/bin/../lib/gcc/arm-none-eabi/5.4.1/../../../../arm-none-eabi/lib/armv7-m/libstdc++_nano.a(vmi_class_type_info.o)
                0x0001b0f4                __cxxabiv1::__vmi_class_type_info::~__vmi_class_type_info()
                0x0001b0f4                __cxxabiv1::__vmi_class_type_info::~__vmi_class_type_info()
 .text._ZN10__cxxabiv121__vmi_class_type_infoD0Ev
                0x0001b108       0x12 /home/john/programs/sources/gcc-arm-none-eabi-5_4-2016q2/bin/../lib/gcc/arm-none-eabi/5.4.1/../../../../arm-none-eabi/lib/armv7-m/libstdc++_nano.a(vmi_class_type_info.o)
                0x0001b108                __cxxabiv1::__vmi_class_type_info::~__vmi_class_type_info()
 .text._ZNK10__cxxabiv121__vmi_class_type_info20__do_find_public_srcEiPKvPKNS_17__class_type_infoES2_
                0x0001b11a       0x74 /home/john/programs/sources/gcc-arm-none-eabi-5_4-2016q2/bin/../lib/gcc/arm-none-eabi/5.4.1/../../../../arm-none-eabi/lib/armv7-m/libstdc++_nano.a(vmi_class_type_info.o)
                0x0001b11a                __cxxabiv1::__vmi_class_type_info::__do_find_public_src(int, void const*, __cxxabiv1::__class_type_info const*, void const*) const
 .text._ZNK10__cxxabiv117__class_type_info17__find_public_srcEiPKvPKS0_S2_
                0x0001b18e       0x2a /home/john/programs/sources/gcc-arm-none-eabi-5_4-2016q2/bin/../lib/gcc/arm-none-eabi/5.4.1/../../../../arm-none-eabi/lib/armv7-m/libstdc++_nano.a(vmi_class_type_info.o)
                0x0001b18e                __cxxabiv1::__class_type_info::__find_public_src(int, void const*, __cxxabiv1::__class_type_info const*, void const*) const
 .text._ZNK10__cxxabiv121__vmi_class_type_info12__do_dyncastEiNS_17__class_type_info10__sub_kindEPKS1_PKvS4_S6_RNS1_16__dyncast_resultE
                0x0001b1b8      0x28e /home/john/programs/sources/gcc-arm-none-eabi-5_4-2016q2/bin/../lib/gcc/arm-none-eabi/5.4.1/../../../../arm-none-eabi/lib/armv7-m/libstdc++_nano.a(vmi_class_type_info.o)
                0x0001b1b8                __cxxabiv1::__vmi_class_type_info::__do_dyncast(int, __cxxabiv1::__class_type_info::__sub_kind, __cxxabiv1::__class_type_info const*, void const*, __cxxabiv1::__class_type_info const*, void const*, __cxxabiv1::__class_type_info::__dyncast_result&) const
 .text._ZNK10__cxxabiv121__vmi_class_type_info11__do_upcastEPKNS_17__class_type_infoEPKvRNS1_15__upcast_resultE
                0x0001b446      0x12c /home/john/programs/sources/gcc-arm-none-eabi-5_4-2016q2/bin/../lib/gcc/arm-none-eabi/5.4.1/../../../../arm-none-eabi/lib/armv7-m/libstdc++_nano.a(vmi_class_type_info.o)
                0x0001b446                __cxxabiv1::__vmi_class_type_info::__do_upcast(__cxxabiv1::__class_type_info const*, void const*, __cxxabiv1::__class_type_info::__upcast_result&) const
 .text._ZNSt9type_infoD2Ev
                0x0001b572        0x2 /home/john/programs/sources/gcc-arm-none-eabi-5_4-2016q2/bin/../lib/gcc/arm-none-eabi/5.4.1/../../../../arm-none-eabi/lib/armv7-m/libstdc++_nano.a(tinfo.o)
                0x0001b572                std::type_info::~type_info()
                0x0001b572                std::type_info::~type_info()
 .text._ZNKSt9type_info15__is_function_pEv
                0x0001b574        0x4 /home/john/programs/sources/gcc-arm-none-eabi-5_4-2016q2/bin/../lib/gcc/arm-none-eabi/5.4.1/../../../../arm-none-eabi/lib/armv7-m/libstdc++_nano.a(tinfo.o)
                0x0001b574                std::type_info::__is_function_p() const
                0x0001b574                std::type_info::__is_pointer_p() const
 .text._ZNKSt9type_infoeqERKS_
                0x0001b578       0x2c /home/john/programs/sources/gcc-arm-none-eabi-5_4-2016q2/bin/../lib/gcc/arm-none-eabi/5.4.1/../../../../arm-none-eabi/lib/armv7-m/libstdc++_nano.a(tinfo.o)
                0x0001b578                std::type_info::operator==(std::type_info const&) const
 .text._ZNK10__cxxabiv117__class_type_info11__do_upcastEPKS0_PPv
                0x0001b5a4       0x34 /home/john/programs/sources/gcc-arm-none-eabi-5_4-2016q2/bin/../lib/gcc/arm-none-eabi/5.4.1/../../../../arm-none-eabi/lib/armv7-m/libstdc++_nano.a(class_type_info.o)
                0x0001b5a4                __cxxabiv1::__class_type_info::__do_upcast(__cxxabiv1::__class_type_info const*, void**) const
 .text._ZNK10__cxxabiv117__class_type_info20__do_find_public_srcEiPKvPKS0_S2_
                0x0001b5d8        0xc /home/john/programs/sources/gcc-arm-none-eabi-5_4-2016q2/bin/../lib/gcc/arm-none-eabi/5.4.1/../../../../arm-none-eabi/lib/armv7-m/libstdc++_nano.a(class_type_info.o)
                0x0001b5d8                __cxxabiv1::__class_type_info::__do_find_public_src(int, void const*, __cxxabiv1::__class_type_info const*, void const*) const
 .text._ZN10__cxxabiv117__class_type_infoD2Ev
                0x0001b5e4       0x14 /home/john/programs/sources/gcc-arm-none-eabi-5_4-2016q2/bin/../lib/gcc/arm-none-eabi/5.4.1/../../../../arm-none-eabi/lib/armv7-m/libstdc++_nano.a(class_type_info.o)
                0x0001b5e4                __cxxabiv1::__class_type_info::~__class_type_info()
                0x0001b5e4                __cxxabiv1::__class_type_info::~__class_type_info()
 .text._ZN10__cxxabiv117__class_type_infoD0Ev
                0x0001b5f8       0x12 /home/john/programs/sources/gcc-arm-none-eabi-5_4-2016q2/bin/../lib/gcc/arm-none-eabi/5.4.1/../../../../arm-none-eabi/lib/armv7-m/libstdc++_nano.a(class_type_info.o)
                0x0001b5f8                __cxxabiv1::__class_type_info::~__class_type_info()
 .text._ZNK10__cxxabiv117__class_type_info11__do_upcastEPKS0_PKvRNS0_15__upcast_resultE
                0x0001b60a       0x18 /home/john/programs/sources/gcc-arm-none-eabi-5_4-2016q2/bin/../lib/gcc/arm-none-eabi/5.4.1/../../../../arm-none-eabi/lib/armv7-m/libstdc++_nano.a(class_type_info.o)
                0x0001b60a                __cxxabiv1::__class_type_info::__do_upcast(__cxxabiv1::__class_type_info const*, void const*, __cxxabiv1::__class_type_info::__upcast_result&) const
 .text._ZNK10__cxxabiv117__class_type_info12__do_dyncastEiNS0_10__sub_kindEPKS0_PKvS3_S5_RNS0_16__dyncast_resultE
                0x0001b622       0x38 /home/john/programs/sources/gcc-arm-none-eabi-5_4-2016q2/bin/../lib/gcc/arm-none-eabi/5.4.1/../../../../arm-none-eabi/lib/armv7-m/libstdc++_nano.a(class_type_info.o)
                0x0001b622                __cxxabiv1::__class_type_info::__do_dyncast(int, __cxxabiv1::__class_type_info::__sub_kind, __cxxabiv1::__class_type_info const*, void const*, __cxxabiv1::__class_type_info const*, void const*, __cxxabiv1::__class_type_info::__dyncast_result&) const
 .text._ZNK10__cxxabiv117__class_type_info10__do_catchEPKSt9type_infoPPvj
                0x0001b65a       0x2a /home/john/programs/sources/gcc-arm-none-eabi-5_4-2016q2/bin/../lib/gcc/arm-none-eabi/5.4.1/../../../../arm-none-eabi/lib/armv7-m/libstdc++_nano.a(class_type_info.o)
                0x0001b65a                __cxxabiv1::__class_type_info::__do_catch(std::type_info const*, void**, unsigned int) const
 .text.__cxa_guard_acquire
                0x0001b684       0x18 /home/john/programs/sources/gcc-arm-none-eabi-5_4-2016q2/bin/../lib/gcc/arm-none-eabi/5.4.1/../../../../arm-none-eabi/lib/armv7-m/libstdc++_nano.a(guard.o)
                0x0001b684                __cxa_guard_acquire