Archive member included to satisfy reference by file (symbol)

/home/john/programs/sources/gcc-arm-none-eabi-5_4-2016q2/bin/../lib/gcc/arm-none-eabi/5.4.1/../../../../arm-none-eabi/lib/armv7-m/libstdc++_nano.a(si_class_type_info.o)
                              ./L2_Drivers/base/uart_dev.o (vtable for __cxxabiv1::__si_class_type_info)
/home/john/programs/sources/gcc-arm-none-eabi-5_4-2016q2/bin/../lib/gcc/arm-none-eabi/5.4.1/../../../../arm-none-eabi/lib/armv7-m/libstdc++_nano.a(vmi_class_type_info.o)
                              ./L2_Drivers/src/uart0.o (vtable for __cxxabiv1::__vmi_class_type_info)
/home/john/programs/sources/gcc-arm-none-eabi-5_4-2016q2/bin/../lib/gcc/arm-none-eabi/5.4.1/../../../../arm-none-eabi/lib/armv7-m/libstdc++_nano.a(tinfo.o)
                              /home/john/programs/sources/gcc-arm-none-eabi-5_4-2016q2/bin/../lib/gcc/arm-none-eabi/5.4.1/../../../../arm-none-eabi/lib/armv7-m/libstdc++_nano.a(si_class_type_info.o) (std::type_info::__is_function_p() const)
/home/john/programs/sources/gcc-arm-none-eabi-5_4-2016q2/bin/../lib/gcc/arm-none-eabi/5.4.1/../../../../arm-none-eabi/lib/armv7-m/libstdc++_nano.a(class_type_info.o)
                              /home/john/programs/sources/gcc-arm-none-eabi-5_4-2016q2/bin/../lib/gcc/arm-none-eabi/5.4.1/../../../../arm-none-eabi/lib/armv7-m/libstdc++_nano.a(si_class_type_info.o) (__cxxabiv1::__class_type_info::__do_upcast(__cxxabiv1::__class_type_info const*, void**) const)
/home/john/programs/sources/gcc-arm-none-eabi-5_4-2016q2/bin/../lib/gcc/arm-none-eabi/5.4.1/../../../../arm-none-eabi/lib/armv7-m/libstdc++_nano.a(guard.o)
                              ./L5_Application/source/cmd_handlers/prog_handlers.o (__cxa_guard_acquire)
/home/john/programs/sources/gcc-arm-none-eabi-5_4-2016q2/bin/../lib/gcc/arm-none-eabi/5.4.1/../../../../arm-none-eabi/lib/armv7-m/libstdc++_nano.a(pure.o)
                              ./L2_Drivers/base/char_dev.o (__cxa_pure_virtual)
/home/john/programs/sources/gcc-arm-none-eabi-5_4-2016q2/bin/../lib/gcc/arm-none-eabi/5.4.1/../../../../arm-none-eabi/lib/armv7-m/libstdc++_nano.a(eh_terminate.o)
                              /home/john/programs/sources/gcc-arm-none-eabi-5_4-2016q2/bin/../lib/gcc/arm-none-eabi/5.4.1/../../../../arm-none-eabi/lib/armv7-m/libstdc++_nano.a(pure.o) (std::terminate())
/home/john/programs/sources/gcc-arm-none-eabi-5_4-2016q2/bin/../lib/gcc/arm-none-eabi/5.4.1/../../../../arm-none-eabi/lib/armv7-m/libstdc++_nano.a(eh_term_handler.o)
                              /home/john/programs/sources/gcc-arm-none-eabi-5_4-2016q2/bin/../lib/gcc/arm-none-eabi/5.4.1/../../../../arm-none-eabi/lib/armv7-m/libstdc++_nano.a(eh_terminate.o) (__cxxabiv1::__terminate_handler)
/home/john/programs/sources/gcc-arm-none-eabi-5_4-2016q2/bin/../lib/gcc/arm-none-eabi/5.4.1/../../../../arm-none-eabi/lib/armv7-m/libstdc++_nano.a(eh_unex_handler.o)
                              /home/john/programs/sources/gcc-arm-none-eabi-5_4-2016q2/bin/../lib/gcc/arm-none-eabi/5.4.1/../../../../arm-none-eabi/lib/armv7-m/libstdc++_nano.a(eh_terminate.o) (__cxxabiv1::__unexpected_handler)
/home/john/programs/sources/gcc-arm-none-eabi-5_4-2016q2/bin/../lib/gcc/arm-none-eabi/5.4.1/armv7-m/libgcc.a(_ashldi3.o)
                              ./L0_LowLevel/source/lpc_peripherals.o (__aeabi_llsl)
/home/john/programs/sources/gcc-arm-none-eabi-5_4-2016q2/bin/../lib/gcc/arm-none-eabi/5.4.1/armv7-m/libgcc.a(_arm_addsubdf3.o)
                              ./L0_LowLevel/source/uart0_min.o (__aeabi_dadd)
/home/john/programs/sources/gcc-arm-none-eabi-5_4-2016q2/bin/../lib/gcc/arm-none-eabi/5.4.1/armv7-m/libgcc.a(_arm_fixunsdfsi.o)
                              ./L0_LowLevel/source/uart0_min.o (__aeabi_d2uiz)
/home/john/programs/sources/gcc-arm-none-eabi-5_4-2016q2/bin/../lib/gcc/arm-none-eabi/5.4.1/armv7-m/libgcc.a(_arm_truncdfsf2.o)
                              ./L3_Utils/src/str.o (__aeabi_d2f)
/home/john/programs/sources/gcc-arm-none-eabi-5_4-2016q2/bin/../lib/gcc/arm-none-eabi/5.4.1/armv7-m/libgcc.a(_arm_addsubsf3.o)
                              ./L3_Utils/src/str.o (__aeabi_fsub)
/home/john/programs/sources/gcc-arm-none-eabi-5_4-2016q2/bin/../lib/gcc/arm-none-eabi/5.4.1/armv7-m/libgcc.a(_arm_muldivsf3.o)
                              ./L2_Drivers/src/lpc_pwm.o (__aeabi_fmul)
/home/john/programs/sources/gcc-arm-none-eabi-5_4-2016q2/bin/../lib/gcc/arm-none-eabi/5.4.1/armv7-m/libgcc.a(_arm_cmpsf2.o)
                              ./L3_Utils/src/str.o (__aeabi_fcmplt)
/home/john/programs/sources/gcc-arm-none-eabi-5_4-2016q2/bin/../lib/gcc/arm-none-eabi/5.4.1/armv7-m/libgcc.a(_arm_fixsfsi.o)
                              ./L5_Application/source/cmd_handlers/handlers.o (__aeabi_f2iz)
/home/john/programs/sources/gcc-arm-none-eabi-5_4-2016q2/bin/../lib/gcc/arm-none-eabi/5.4.1/armv7-m/libgcc.a(_arm_fixunssfsi.o)
                              ./L2_Drivers/src/lpc_pwm.o (__aeabi_f2uiz)
[...]
Memory Configuration

Name             Origin             Length             Attributes
FLASH            0x00010000         0x00070000         xr
SRAM             0x10000000         0x00008000         xrw
SRAM_AHB         0x2007c000         0x00008000         xrw
*default*        0x00000000         0xffffffff

Linker script and memory map

LOAD ./L1_FreeRTOS/hooks/hooks.o
LOAD ./L1_FreeRTOS/portable/no_mpu/port.o
LOAD ./L1_FreeRTOS/portable/run_time_stats.o
LOAD ./L1_FreeRTOS/src/tasks.o
LOAD ./L1_FreeRTOS/src/queue.o
LOAD ./L1_FreeRTOS/src/timers.o
LOAD ./L1_FreeRTOS/src/croutine.o
LOAD ./L1_FreeRTOS/src/list.o
LOAD ./L1_FreeRTOS/src/event_groups.o
LOAD ./L0_LowLevel/source/startup.o
LOAD ./L0_LowLevel/source/lpc_sys.o
LOAD ./L0_LowLevel/source/low_level_init.o
LOAD ./L0_LowLevel/source/uart0_min.o
LOAD ./L0_LowLevel/source/sys_clock.o
LOAD ./L0_LowLevel/source/core_cm3.o
LOAD ./L0_LowLevel/source/lpc_peripherals.o
LOAD ./L2_Drivers/base/char_dev.o
LOAD ./L2_Drivers/base/i2c_base.o
LOAD ./L2_Drivers/base/uart_dev.o
LOAD ./L2_Drivers/src/spi_dma.o
LOAD ./L2_Drivers/src/adc.o
LOAD ./L2_Drivers/src/i2c2.o
LOAD ./L2_Drivers/src/uart0.o
LOAD ./L2_Drivers/src/uart2.o
LOAD ./L2_Drivers/src/spi_sem.o
LOAD ./L2_Drivers/src/lpc_rit.o
LOAD ./L2_Drivers/src/lpc_timers.o
LOAD ./L2_Drivers/src/rtc.o
LOAD ./L2_Drivers/src/uart3.o
LOAD ./L2_Drivers/src/lpc_pwm.o
LOAD ./L2_Drivers/src/can.o
LOAD ./L2_Drivers/src/nrf_stream.o
LOAD ./L2_Drivers/src/eint.o
LOAD ./L3_Utils/tlm/src/c_tlm_comp.o
LOAD ./L3_Utils/tlm/src/c_tlm_binary.o
LOAD ./L3_Utils/tlm/src/c_tlm_stream.o
LOAD ./L3_Utils/tlm/src/c_tlm_var.o
LOAD ./L3_Utils/src/printf_lib.o
LOAD ./L3_Utils/src/file_logger.o
LOAD ./L3_Utils/src/scheduler_task.o
LOAD ./L3_Utils/src/rtc_alarm.o
LOAD ./L3_Utils/src/freertos_timer.o
LOAD ./L3_Utils/src/str.o
LOAD ./L3_Utils/src/c_list.o
LOAD ./L3_Utils/src/command_handler.o
LOAD ./L3_Utils/src/utilities.o
LOAD ./L5_Application/source/cmd_handlers/wireless_handlers.o
LOAD ./L5_Application/source/cmd_handlers/prog_handlers.o
LOAD ./L5_Application/source/cmd_handlers/handlers.o
LOAD ./L5_Application/source/high_level_init.o
LOAD ./L5_Application/source/remote.o
LOAD ./L5_Application/source/terminal.o
LOAD ./L5_Application/examples/examples.o
LOAD ./L5_Application/examples/rn_xv_task.o
LOAD ./L5_Application/periodic_scheduler/prd_dispatcher.o
LOAD ./L5_Application/periodic_scheduler/period_callbacks.o
LOAD ./L5_Application/main.o
LOAD ./L4_IO/wireless/src/nrf24L01Plus.o
LOAD ./L4_IO/wireless/src/mesh.o
LOAD ./L4_IO/wireless/src/wireless.o
LOAD ./L4_IO/src/io_source.o
LOAD ./L4_IO/src/gpio.o
LOAD ./L4_IO/src/storage.o
LOAD ./L4_IO/fat/fatfs_time.o
LOAD ./L4_IO/fat/ff.o
LOAD ./L4_IO/fat/option/reentrant.o
LOAD ./L4_IO/fat/option/ccsbcs.o
LOAD ./L4_IO/fat/disk/diskio.o
LOAD ./L4_IO/fat/disk/sd.o
LOAD ./L4_IO/fat/disk/spi_flash.o
LOAD ./newlib/newlib_syscalls.o
LOAD ./newlib/newlib_time.o
LOAD ./newlib/memory.o
LOAD ./newlib/malloc_lock.o
LOAD /home/john/programs/sources/gcc-arm-none-eabi-5_4-2016q2/bin/../lib/gcc/arm-none-eabi/5.4.1/../../../../arm-none-eabi/lib/armv7-m/libstdc++_nano.a
LOAD /home/john/programs/sources/gcc-arm-none-eabi-5_4-2016q2/bin/../lib/gcc/arm-none-eabi/5.4.1/../../../../arm-none-eabi/lib/armv7-m/libm.a
START GROUP
LOAD /home/john/programs/sources/gcc-arm-none-eabi-5_4-2016q2/bin/../lib/gcc/arm-none-eabi/5.4.1/armv7-m/libgcc.a
LOAD /home/john/programs/sources/gcc-arm-none-eabi-5_4-2016q2/bin/../lib/gcc/arm-none-eabi/5.4.1/../../../../arm-none-eabi/lib/armv7-m/libc_nano.a
END GROUP
START GROUP
LOAD /home/john/programs/sources/gcc-arm-none-eabi-5_4-2016q2/bin/../lib/gcc/arm-none-eabi/5.4.1/armv7-m/libgcc.a
LOAD /home/john/programs/sources/gcc-arm-none-eabi-5_4-2016q2/bin/../lib/gcc/arm-none-eabi/5.4.1/../../../../arm-none-eabi/lib/armv7-m/libc_nano.a
END GROUP

.text           0x00010000    0x15ec0
 FILL mask 0xff
 *(.isr_vector)
 .isr_vector    0x00010000       0xcc ./L0_LowLevel/source/startup.o
                0x00010000                g_pfnVectors
                0x000100cc                . = ALIGN (0x4)
                0x000100cc                __section_table_start = .
                0x000100cc                __data_section_table = .
                0x000100cc        0x4 LONG 0x25ec8 LOADADDR (.data)
                0x000100d0        0x4 LONG 0x2007c000 ADDR (.data)
                0x000100d4        0x4 LONG 0x1cc SIZEOF (.data)
                0x000100d8                __data_section_table_end = .
                0x000100d8                __bss_section_table = .
                0x000100d8        0x4 LONG 0x2007c1d0 ADDR (.bss)
                0x000100dc        0x4 LONG 0x494 SIZEOF (.bss)
                0x000100e0                __bss_section_table_end = .
                0x000100e0                __section_table_end = .
 *(.after_vectors*)
 .after_vectors
                0x000100e0      0x124 ./L0_LowLevel/source/startup.o
                0x000100e0                isr_hard_fault
                0x000100fa                isr_nmi
                0x00010108                isr_mem_fault
                0x00010118                isr_bus_fault
                0x00010128                isr_usage_fault
                0x00010138                isr_debug_mon
                0x00010148                TIMER2_IRQHandler
                0x00010148                I2C0_IRQHandler
                0x00010148                PWM1_IRQHandler
                0x00010148                I2C1_IRQHandler
                0x00010148                EINT2_IRQHandler
                0x00010148                UART1_IRQHandler
                0x00010148                TIMER3_IRQHandler
                0x00010148                PLL0_IRQHandler
                0x00010148                PLL1_IRQHandler
                0x00010148                SSP0_IRQHandler
                0x00010148                CANAct_IRQHandler
                0x00010148                I2S_IRQHandler
                0x00010148                TIMER0_IRQHandler
                0x00010148                SPI_IRQHandler
                0x00010148                EINT1_IRQHandler
                0x00010148                isr_default_handler
                0x00010148                SSP1_IRQHandler
                0x00010148                USB_IRQHandler
                0x00010148                BOD_IRQHandler
                0x00010148                WDT_IRQHandler
                0x00010148                QEI_IRQHandler
                0x00010148                EINT0_IRQHandler
                0x00010148                DMA_IRQHandler
                0x00010148                MCPWM_IRQHandler
                0x00010148                ENET_IRQHandler
                0x00010148                USBAct_IRQHandler
                0x00010158                isr_sys_tick
                0x0001016a                data_init(unsigned int, unsigned int, unsigned int)
                0x00010180                bss_init(unsigned int, unsigned int)
                0x00010194                isr_reset
 *(.text*)
 .text.vApplicationIdleHook
                0x00010204        0x4 ./L1_FreeRTOS/hooks/hooks.o
                0x00010204                vApplicationIdleHook
 .text.vApplicationStackOverflowHook
                0x00010208       0x38 ./L1_FreeRTOS/hooks/hooks.o
                0x00010208                vApplicationStackOverflowHook
 .text.vApplicationMallocFailedHook
                0x00010240       0x24 ./L1_FreeRTOS/hooks/hooks.o
                0x00010240                vApplicationMallocFailedHook
 .text.prvPortStartFirstTask
                0x00010264       0x20 ./L1_FreeRTOS/portable/no_mpu/port.o
 .text.pxPortInitialiseStack
                0x00010284       0x1c ./L1_FreeRTOS/portable/no_mpu/port.o
                0x00010284                pxPortInitialiseStack
 .text.vPortSVCHandler
                0x000102a0       0x24 ./L1_FreeRTOS/portable/no_mpu/port.o
                0x000102a0                vPortSVCHandler
 .text.vPortEndScheduler
                0x000102c4        0x2 ./L1_FreeRTOS/portable/no_mpu/port.o
                0x000102c4                vPortEndScheduler
 *fill*         0x000102c6        0x2 ff
 .text.vPortYield
                0x000102c8       0x18 ./L1_FreeRTOS/portable/no_mpu/port.o
                0x000102c8                vPortYield
 .text.ulPortSetInterruptMask
                0x000102e0       0x10 ./L1_FreeRTOS/portable/no_mpu/port.o
                0x000102e0                ulPortSetInterruptMask
 .text.prvTaskExitError
                0x000102f0        0x8 ./L1_FreeRTOS/portable/no_mpu/port.o
 .text.vPortEnterCritical
                0x000102f8       0x1c ./L1_FreeRTOS/portable/no_mpu/port.o
                0x000102f8                vPortEnterCritical
 .text.vPortClearInterruptMask
                0x00010314        0x6 ./L1_FreeRTOS/portable/no_mpu/port.o
                0x00010314                vPortClearInterruptMask
 *fill*         0x0001031a        0x2 ff
 .text.vPortExitCritical
                0x0001031c       0x14 ./L1_FreeRTOS/portable/no_mpu/port.o
                0x0001031c                vPortExitCritical
 .text.xPortPendSVHandler
                0x00010330       0x44 ./L1_FreeRTOS/portable/no_mpu/port.o
                0x00010330                xPortPendSVHandler
 .text.xPortSysTickHandler
                0x00010374       0x24 ./L1_FreeRTOS/portable/no_mpu/port.o
                0x00010374                xPortSysTickHandler
 .text.vPortSetupTimerInterrupt
                0x00010398       0x14 ./L1_FreeRTOS/portable/no_mpu/port.o
                0x00010398                vPortSetupTimerInterrupt
 .text.xPortStartScheduler
                0x000103ac       0x30 ./L1_FreeRTOS/portable/no_mpu/port.o
                0x000103ac                xPortStartScheduler
 .text.vConfigureTimerForRunTimeStats
                0x000103dc       0x14 ./L1_FreeRTOS/portable/run_time_stats.o
                0x000103dc                vConfigureTimerForRunTimeStats
 .text.uxGetTimerForRunTimeStats
                0x000103f0       0x14 ./L1_FreeRTOS/portable/run_time_stats.o
                0x000103f0                uxGetTimerForRunTimeStats
 .text.resetRunTimeCounter
                0x00010404       0x14 ./L1_FreeRTOS/portable/run_time_stats.o
                0x00010404                resetRunTimeCounter
 .text.prvResetRunTimeStatsInList
                0x00010418       0x32 ./L1_FreeRTOS/src/tasks.o
 *fill*         0x0001044a        0x2 ff
 .text.prvIdleTask
                0x0001044c       0x18 ./L1_FreeRTOS/src/tasks.o
 .text.prvResetNextTaskUnblockTime
                0x00010464       0x24 ./L1_FreeRTOS/src/tasks.o
 .text.prvAddCurrentTaskToDelayedList
                0x00010488       0x50 ./L1_FreeRTOS/src/tasks.o
 .text.prvListTaskWithinSingleList
                0x000104d8       0xa0 ./L1_FreeRTOS/src/tasks.o
 .text.xTaskGenericCreate
                0x00010578      0x1a0 ./L1_FreeRTOS/src/tasks.o
                0x00010578                xTaskGenericCreate
 .text.vTaskStartScheduler
                0x00010718       0x54 ./L1_FreeRTOS/src/tasks.o
                0x00010718                vTaskStartScheduler
 .text.vTaskEndScheduler
                0x0001076c       0x18 ./L1_FreeRTOS/src/tasks.o
                0x0001076c                vTaskEndScheduler
 .text.vTaskSuspendAll
                0x00010784       0x10 ./L1_FreeRTOS/src/tasks.o
                0x00010784                vTaskSuspendAll
 .text.xTaskGetTickCount
                0x00010794       0x18 ./L1_FreeRTOS/src/tasks.o
                0x00010794                xTaskGetTickCount
 .text.xTaskGetTickCountFromISR
                0x000107ac       0x18 ./L1_FreeRTOS/src/tasks.o
                0x000107ac                xTaskGetTickCountFromISR
 .text.uxTaskGetNumberOfTasks
                0x000107c4        0xc ./L1_FreeRTOS/src/tasks.o
                0x000107c4                uxTaskGetNumberOfTasks
 .text.xTaskIncrementTick
                0x000107d0      0x118 ./L1_FreeRTOS/src/tasks.o
                0x000107d0                xTaskIncrementTick
 .text.xTaskResumeAll
                0x000108e8       0xc8 ./L1_FreeRTOS/src/tasks.o
                0x000108e8                xTaskResumeAll
 .text.vTaskDelayUntil
                0x000109b0       0x70 ./L1_FreeRTOS/src/tasks.o
                0x000109b0                vTaskDelayUntil
 .text.vTaskDelay
                0x00010a20       0x50 ./L1_FreeRTOS/src/tasks.o
                0x00010a20                vTaskDelay
 .text.uxTaskGetSystemState
                0x00010a70       0x90 ./L1_FreeRTOS/src/tasks.o
                0x00010a70                uxTaskGetSystemState
 .text.vTaskSwitchContext
                0x00010b00       0xc0 ./L1_FreeRTOS/src/tasks.o
                0x00010b00                vTaskSwitchContext
 .text.vTaskSuspend
                0x00010bc0       0xa4 ./L1_FreeRTOS/src/tasks.o
                0x00010bc0                vTaskSuspend
 .text.vTaskPlaceOnEventList
                0x00010c64       0x5c ./L1_FreeRTOS/src/tasks.o
                0x00010c64                vTaskPlaceOnEventList
 .text.xTaskRemoveFromEventList
                0x00010cc0       0x70 ./L1_FreeRTOS/src/tasks.o
                0x00010cc0                xTaskRemoveFromEventList
 .text.vTaskSetTimeOutState
                0x00010d30       0x18 ./L1_FreeRTOS/src/tasks.o
                0x00010d30                vTaskSetTimeOutState
 .text.xTaskCheckForTimeOut
                0x00010d48       0x4c ./L1_FreeRTOS/src/tasks.o
                0x00010d48                xTaskCheckForTimeOut
 .text.vTaskMissedYield
                0x00010d94        0xc ./L1_FreeRTOS/src/tasks.o
                0x00010d94                vTaskMissedYield
 .text.uxTaskGetStackHighWaterMark
                0x00010da0       0x20 ./L1_FreeRTOS/src/tasks.o
                0x00010da0                uxTaskGetStackHighWaterMark
 .text.xTaskGetSchedulerState
                0x00010dc0       0x20 ./L1_FreeRTOS/src/tasks.o
                0x00010dc0                xTaskGetSchedulerState
 .text.vTaskPriorityInherit
                0x00010de0       0x94 ./L1_FreeRTOS/src/tasks.o
                0x00010de0                vTaskPriorityInherit
 .text.xTaskPriorityDisinherit
                0x00010e74       0x70 ./L1_FreeRTOS/src/tasks.o
                0x00010e74                xTaskPriorityDisinherit
 .text.pvTaskIncrementMutexHeldCount
                0x00010ee4       0x18 ./L1_FreeRTOS/src/tasks.o
                0x00010ee4                pvTaskIncrementMutexHeldCount
 .text.uxTaskGetCpuUsage
                0x00010efc       0x30 ./L1_FreeRTOS/src/tasks.o
                0x00010efc                uxTaskGetCpuUsage
 .text.vTaskResetRunTimeStats
                0x00010f2c       0x70 ./L1_FreeRTOS/src/tasks.o
                0x00010f2c                vTaskResetRunTimeStats
 .text.vRunTimeStatIsrEntry
                0x00010f9c       0x28 ./L1_FreeRTOS/src/tasks.o
                0x00010f9c                vRunTimeStatIsrEntry
 .text.vRunTimeStatIsrExit
                0x00010fc4       0x10 ./L1_FreeRTOS/src/tasks.o
                0x00010fc4                vRunTimeStatIsrExit
 .text.prvCopyDataToQueue
                0x00010fd4       0x6a ./L1_FreeRTOS/src/queue.o
 .text.prvNotifyQueueSetContainer
                0x0001103e       0x36 ./L1_FreeRTOS/src/queue.o
 .text.prvCopyDataFromQueue
                0x00011074       0x28 ./L1_FreeRTOS/src/queue.o
 .text.prvUnlockQueue
                0x0001109c       0x7c ./L1_FreeRTOS/src/queue.o
 .text.pvPortMalloc
                0x00011118       0x1e ./L1_FreeRTOS/src/queue.o
                0x00011118                pvPortMalloc
 .text.vPortFree
                0x00011136       0x1a ./L1_FreeRTOS/src/queue.o
                0x00011136                vPortFree
 .text.xQueueGenericReset
                0x00011150       0x5a ./L1_FreeRTOS/src/queue.o
                0x00011150                xQueueGenericReset
 .text.xQueueGenericCreate
                0x000111aa       0x50 ./L1_FreeRTOS/src/queue.o
                0x000111aa                xQueueGenericCreate
 .text.xQueueCreateCountingSemaphore
                0x000111fa       0x12 ./L1_FreeRTOS/src/queue.o
                0x000111fa                xQueueCreateCountingSemaphore
 .text.xQueueGenericSend
                0x0001120c       0xec ./L1_FreeRTOS/src/queue.o
                0x0001120c                xQueueGenericSend
 .text.xQueueCreateMutex
                0x000112f8       0x4c ./L1_FreeRTOS/src/queue.o
                0x000112f8                xQueueCreateMutex
 .text.xQueueGenericSendFromISR
                0x00011344       0x76 ./L1_FreeRTOS/src/queue.o
                0x00011344                xQueueGenericSendFromISR
 .text.xQueueGenericReceive
                0x000113ba      0x104 ./L1_FreeRTOS/src/queue.o
                0x000113ba                xQueueGenericReceive
 .text.xQueueReceiveFromISR
                0x000114be       0x52 ./L1_FreeRTOS/src/queue.o
                0x000114be                xQueueReceiveFromISR
 .text.uxQueueMessagesWaiting
                0x00011510       0x12 ./L1_FreeRTOS/src/queue.o
                0x00011510                uxQueueMessagesWaiting
 .text.uxQueueMessagesWaitingFromISR
                0x00011522        0x4 ./L1_FreeRTOS/src/queue.o
                0x00011522                uxQueueMessagesWaitingFromISR
 .text.xQueueSelectFromSet
                0x00011526       0x18 ./L1_FreeRTOS/src/queue.o
                0x00011526                xQueueSelectFromSet
 .text.vListInitialise
                0x0001153e       0x16 ./L1_FreeRTOS/src/list.o
                0x0001153e                vListInitialise
 .text.vListInitialiseItem
                0x00011554        0x6 ./L1_FreeRTOS/src/list.o
                0x00011554                vListInitialiseItem
 .text.vListInsertEnd
                0x0001155a       0x18 ./L1_FreeRTOS/src/list.o
                0x0001155a                vListInsertEnd
 .text.vListInsert
                0x00011572       0x30 ./L1_FreeRTOS/src/list.o
                0x00011572                vListInsert
 .text.uxListRemove
                0x000115a2       0x20 ./L1_FreeRTOS/src/list.o
                0x000115a2                uxListRemove
 *fill*         0x000115c2        0x2 ff
 .text.isr_forwarder_routine
                0x000115c4       0x3c ./L0_LowLevel/source/startup.o
 .text.isr_hard_fault_handler
                0x00011600       0x58 ./L0_LowLevel/source/startup.o
                0x00011600                isr_hard_fault_handler
 .text.lpc_sys_setup_system_timer
                0x00011658       0x54 ./L0_LowLevel/source/lpc_sys.o
                0x00011658                lpc_sys_setup_system_timer
 .text.sys_get_uptime_us
                0x000116ac       0x2c ./L0_LowLevel/source/lpc_sys.o
                0x000116ac                sys_get_uptime_us
 .text.sys_get_mem_info_str
                0x000116d8       0x38 ./L0_LowLevel/source/lpc_sys.o
                0x000116d8                sys_get_mem_info_str
 .text._ZN17SingletonTemplateI9IR_SensorE11getInstanceEv
                0x00011710       0x18 ./L0_LowLevel/source/lpc_sys.o
                0x00011710                SingletonTemplate<IR_Sensor>::getInstance()
 .text.TIMER1_IRQHandler
                0x00011728       0xbc ./L0_LowLevel/source/lpc_sys.o
                0x00011728                TIMER1_IRQHandler
 .text.sys_get_boot_type
                0x000117e4        0xc ./L0_LowLevel/source/low_level_init.o
                0x000117e4                sys_get_boot_type
 .text.sys_get_boot_time
                0x000117f0       0x14 ./L0_LowLevel/source/low_level_init.o
                0x000117f0                sys_get_boot_time
 .text._Z14low_level_initv
                0x00011804      0x238 ./L0_LowLevel/source/low_level_init.o
                0x00011804                low_level_init()
 .text.uart0_init
                0x00011a3c       0x60 ./L0_LowLevel/source/uart0_min.o
                0x00011a3c                uart0_init
 .text.uart0_getchar
                0x00011a9c       0x18 ./L0_LowLevel/source/uart0_min.o
                0x00011a9c                uart0_getchar
 .text.uart0_putchar
                0x00011ab4       0x18 ./L0_LowLevel/source/uart0_min.o
                0x00011ab4                uart0_putchar
 .text.uart0_puts
                0x00011acc       0x1a ./L0_LowLevel/source/uart0_min.o
                0x00011acc                uart0_puts
 *fill*         0x00011ae6        0x2 ff
 .text._ZL19sys_clock_pll0_feedv
                0x00011ae8       0x14 ./L0_LowLevel/source/sys_clock.o
 .text._ZL23sys_clock_configure_plljjPiS_S_.constprop.0
                0x00011afc       0x78 ./L0_LowLevel/source/sys_clock.o
 .text._Z19sys_clock_configurev
                0x00011b74       0xb4 ./L0_LowLevel/source/sys_clock.o
                0x00011b74                sys_clock_configure()
 .text.sys_get_cpu_clock
                0x00011c28       0xa4 ./L0_LowLevel/source/sys_clock.o
                0x00011c28                sys_get_cpu_clock
 .text.__set_PSP
                0x00011ccc        0x6 ./L0_LowLevel/source/core_cm3.o
                0x00011ccc                __set_PSP
 .text.__set_MSP
                0x00011cd2        0x6 ./L0_LowLevel/source/core_cm3.o
                0x00011cd2                __set_MSP
 .text.__set_BASEPRI
                0x00011cd8        0x6 ./L0_LowLevel/source/core_cm3.o
                0x00011cd8                __set_BASEPRI
 *fill*         0x00011cde        0x2 ff
 .text.lpc_pconp
                0x00011ce0       0x30 ./L0_LowLevel/source/lpc_peripherals.o
                0x00011ce0                lpc_pconp
 .text.lpc_pclk
                0x00011d10       0x48 ./L0_LowLevel/source/lpc_peripherals.o
                0x00011d10                lpc_pclk
 .text._ZN7CharDev5flushEv
                0x00011d58        0x4 ./L2_Drivers/base/char_dev.o
                0x00011d58                CharDev::flush()
 .text._ZN7CharDev3putEPKcj
                0x00011d5c       0x28 ./L2_Drivers/base/char_dev.o
                0x00011d5c                CharDev::put(char const*, unsigned int)
 .text._ZN7CharDev7putlineEPKcj
                0x00011d84       0x1c ./L2_Drivers/base/char_dev.o
                0x00011d84                CharDev::putline(char const*, unsigned int)
 .text._ZN7CharDev4getsEPcij
                0x00011da0       0x50 ./L2_Drivers/base/char_dev.o
                0x00011da0                CharDev::gets(char*, int, unsigned int)
 .text._ZN7CharDev6printfEPKcz
                0x00011df0       0x78 ./L2_Drivers/base/char_dev.o
                0x00011df0                CharDev::printf(char const*, ...)
 .text._ZN7CharDevC2Ev
                0x00011e68       0x20 ./L2_Drivers/base/char_dev.o
                0x00011e68                CharDev::CharDev()
                0x00011e68                CharDev::CharDev()
 .text._ZN7CharDevD2Ev
                0x00011e88       0x18 ./L2_Drivers/base/char_dev.o
                0x00011e88                CharDev::~CharDev()
                0x00011e88                CharDev::~CharDev()
 .text._ZN8I2C_Base8transferEhhPhm
                0x00011ea0       0xdc ./L2_Drivers/base/i2c_base.o
                0x00011ea0                I2C_Base::transfer(unsigned char, unsigned char, unsigned char*, unsigned long)
 .text._ZN8I2C_Base13readRegistersEhhPhm
                0x00011f7c        0x8 ./L2_Drivers/base/i2c_base.o
                0x00011f7c                I2C_Base::readRegisters(unsigned char, unsigned char, unsigned char*, unsigned long)
 .text._ZN8I2C_Base7readRegEhh
                0x00011f84       0x1a ./L2_Drivers/base/i2c_base.o
                0x00011f84                I2C_Base::readReg(unsigned char, unsigned char)
 .text._ZN8I2C_Base14writeRegistersEhhPhm
                0x00011f9e        0x8 ./L2_Drivers/base/i2c_base.o
                0x00011f9e                I2C_Base::writeRegisters(unsigned char, unsigned char, unsigned char*, unsigned long)
 .text._ZN8I2C_Base8writeRegEhhh
                0x00011fa6       0x16 ./L2_Drivers/base/i2c_base.o
                0x00011fa6                I2C_Base::writeReg(unsigned char, unsigned char, unsigned char)
 .text._ZN8I2C_Base19checkDeviceResponseEh
                0x00011fbc       0x16 ./L2_Drivers/base/i2c_base.o
                0x00011fbc                I2C_Base::checkDeviceResponse(unsigned char)
 *fill*         0x00011fd2        0x2 ff
 .text._ZN8I2C_BaseC2EP15LPC_I2C_TypeDef
                0x00011fd4       0x5c ./L2_Drivers/base/i2c_base.o
                0x00011fd4                I2C_Base::I2C_Base(LPC_I2C_TypeDef*)
                0x00011fd4                I2C_Base::I2C_Base(LPC_I2C_TypeDef*)
 .text._ZN8I2C_Base4initEmm
                0x00012030       0x90 ./L2_Drivers/base/i2c_base.o
                0x00012030                I2C_Base::init(unsigned long, unsigned long)
 .text._ZN8I2C_Base15i2cStateMachineEv
                0x000120c0      0x122 ./L2_Drivers/base/i2c_base.o
                0x000120c0                I2C_Base::i2cStateMachine()
 *fill*         0x000121e2        0x2 ff
 .text._ZN8I2C_Base15handleInterruptEv
                0x000121e4       0x30 ./L2_Drivers/base/i2c_base.o
                0x000121e4                I2C_Base::handleInterrupt()
 .text._ZN7UartDevD2Ev
                0x00012214       0x14 ./L2_Drivers/base/uart_dev.o
                0x00012214                UartDev::~UartDev()
                0x00012214                UartDev::~UartDev()
 .text._ZN7UartDevD0Ev
                0x00012228       0x12 ./L2_Drivers/base/uart_dev.o
                0x00012228                UartDev::~UartDev()
 .text._ZN7UartDev5flushEv
                0x0001223a       0x20 ./L2_Drivers/base/uart_dev.o
                0x0001223a                UartDev::flush()
 .text._ZN7UartDev7putCharEcj
                0x0001225a       0x5a ./L2_Drivers/base/uart_dev.o
                0x0001225a                UartDev::putChar(char, unsigned int)
 .text._ZN7UartDev7getCharEPcj
                0x000122b4       0x6e ./L2_Drivers/base/uart_dev.o
                0x000122b4                UartDev::getChar(char*, unsigned int)
 *fill*         0x00012322        0x2 ff
 .text._ZN7UartDev11setBaudRateEj
                0x00012324       0x3c ./L2_Drivers/base/uart_dev.o
                0x00012324                UartDev::setBaudRate(unsigned int)
 .text._ZN7UartDev15handleInterruptEv
                0x00012360       0xb8 ./L2_Drivers/base/uart_dev.o
                0x00012360                UartDev::handleInterrupt()
 .text._ZN7UartDevC2EPj
                0x00012418       0x28 ./L2_Drivers/base/uart_dev.o
                0x00012418                UartDev::UartDev(unsigned int*)
                0x00012418                UartDev::UartDev(unsigned int*)
 .text._ZN7UartDev4initEjjii
                0x00012440       0xb0 ./L2_Drivers/base/uart_dev.o
                0x00012440                UartDev::init(unsigned int, unsigned int, int, int)
 .text.ssp1_dma_init
                0x000124f0       0x1c ./L2_Drivers/src/spi_dma.o
                0x000124f0                ssp1_dma_init
 .text.ssp1_dma_transfer_block
                0x0001250c       0xc4 ./L2_Drivers/src/spi_dma.o
                0x0001250c                ssp1_dma_transfer_block
 .text.adc0_start_conversion
                0x000125d0       0x24 ./L2_Drivers/src/adc.o
 .text.ADC_IRQHandler
                0x000125f4       0x40 ./L2_Drivers/src/adc.o
                0x000125f4                ADC_IRQHandler
 .text.adc0_init
                0x00012634       0x74 ./L2_Drivers/src/adc.o
                0x00012634                adc0_init
 .text.adc0_get_reading
                0x000126a8       0x78 ./L2_Drivers/src/adc.o
                0x000126a8                adc0_get_reading
 .text._ZN4I2C24initEj
                0x00012720       0x68 ./L2_Drivers/src/i2c2.o
                0x00012720                I2C2::init(unsigned int)
 .text._ZN4I2C2C2Ev
                0x00012788       0x14 ./L2_Drivers/src/i2c2.o
                0x00012788                I2C2::I2C2()
                0x00012788                I2C2::I2C2()
 .text.I2C2_IRQHandler
                0x0001279c       0x24 ./L2_Drivers/src/i2c2.o
                0x0001279c                I2C2_IRQHandler
 .text._ZN5Uart0D2Ev
                0x000127c0       0x14 ./L2_Drivers/src/uart0.o
                0x000127c0                Uart0::~Uart0()
                0x000127c0                Uart0::~Uart0()
 .text._ZN5Uart0D0Ev
                0x000127d4       0x12 ./L2_Drivers/src/uart0.o
                0x000127d4                Uart0::~Uart0()
 *fill*         0x000127e6        0x2 ff
 .text._ZN5Uart04initEjii
                0x000127e8       0x40 ./L2_Drivers/src/uart0.o
                0x000127e8                Uart0::init(unsigned int, int, int)
 .text._ZN5Uart0C2Ev
                0x00012828       0x1c ./L2_Drivers/src/uart0.o
                0x00012828                Uart0::Uart0()
                0x00012828                Uart0::Uart0()
 .text.UART0_IRQHandler
                0x00012844       0x24 ./L2_Drivers/src/uart0.o
                0x00012844                UART0_IRQHandler
 .text._ZN5Uart2D2Ev
                0x00012868       0x14 ./L2_Drivers/src/uart2.o
                0x00012868                Uart2::~Uart2()
                0x00012868                Uart2::~Uart2()
 .text._ZN5Uart2D0Ev
                0x0001287c       0x12 ./L2_Drivers/src/uart2.o
                0x0001287c                Uart2::~Uart2()
 *fill*         0x0001288e        0x2 ff
 .text._ZN5Uart2C2Ev
                0x00012890       0x1c ./L2_Drivers/src/uart2.o
                0x00012890                Uart2::Uart2()
                0x00012890                Uart2::Uart2()
 .text.UART2_IRQHandler
                0x000128ac       0x24 ./L2_Drivers/src/uart2.o
                0x000128ac                UART2_IRQHandler
 .text.spi1_lock
                0x000128d0       0x30 ./L2_Drivers/src/spi_sem.o
                0x000128d0                spi1_lock
 .text.spi1_unlock
                0x00012900       0x24 ./L2_Drivers/src/spi_sem.o
                0x00012900                spi1_unlock
 .text.RIT_IRQHandler
                0x00012924       0x1c ./L2_Drivers/src/lpc_rit.o
                0x00012924                RIT_IRQHandler
 .text.lpc_timer_get_struct
                0x00012940       0x20 ./L2_Drivers/src/lpc_timers.o
 .text.lpc_timer_enable
                0x00012960       0x50 ./L2_Drivers/src/lpc_timers.o
                0x00012960                lpc_timer_enable
 .text.rtc_gettime
                0x000129b0       0x50 ./L2_Drivers/src/rtc.o
                0x000129b0                rtc_gettime
 .text.rtc_settime
                0x00012a00       0x68 ./L2_Drivers/src/rtc.o
                0x00012a00                rtc_settime
 .text.rtc_init
                0x00012a68       0xd0 ./L2_Drivers/src/rtc.o
                0x00012a68                rtc_init
 .text.rtc_get_date_time_str
                0x00012b38       0x14 ./L2_Drivers/src/rtc.o
                0x00012b38                rtc_get_date_time_str
 .text._ZN5Uart3D2Ev
                0x00012b4c       0x14 ./L2_Drivers/src/uart3.o
                0x00012b4c                Uart3::~Uart3()
                0x00012b4c                Uart3::~Uart3()
 .text._ZN5Uart3D0Ev
                0x00012b60       0x12 ./L2_Drivers/src/uart3.o
                0x00012b60                Uart3::~Uart3()
 *fill*         0x00012b72        0x2 ff
 .text._ZN5Uart3C2Ev
                0x00012b74       0x1c ./L2_Drivers/src/uart3.o
                0x00012b74                Uart3::Uart3()
                0x00012b74                Uart3::Uart3()
 .text.UART3_IRQHandler
                0x00012b90       0x24 ./L2_Drivers/src/uart3.o
                0x00012b90                UART3_IRQHandler
 .text.CAN_tx_now
                0x00012bb4       0x32 ./L2_Drivers/src/can.o
 *fill*         0x00012be6        0x2 ff
 .text.CAN_handle_isr
                0x00012be8       0xa0 ./L2_Drivers/src/can.o
 .text.CAN_IRQHandler
                0x00012c88       0x28 ./L2_Drivers/src/can.o
                0x00012c88                CAN_IRQHandler
 .text._ZN12NordicStream5flushEv
                0x00012cb0       0x5c ./L2_Drivers/src/nrf_stream.o
                0x00012cb0                NordicStream::flush()
 .text._ZN12NordicStreamD2Ev
                0x00012d0c       0x14 ./L2_Drivers/src/nrf_stream.o
                0x00012d0c                NordicStream::~NordicStream()
                0x00012d0c                NordicStream::~NordicStream()
 .text._ZN12NordicStreamD0Ev
                0x00012d20       0x12 ./L2_Drivers/src/nrf_stream.o
                0x00012d20                NordicStream::~NordicStream()
 .text._ZN12NordicStream7getCharEPcj
                0x00012d32       0x44 ./L2_Drivers/src/nrf_stream.o
                0x00012d32                NordicStream::getChar(char*, unsigned int)
 .text._ZN12NordicStream7putCharEcj
                0x00012d76       0x22 ./L2_Drivers/src/nrf_stream.o
                0x00012d76                NordicStream::putChar(char, unsigned int)
 .text._ZN12NordicStreamC2Ev
                0x00012d98       0x40 ./L2_Drivers/src/nrf_stream.o
                0x00012d98                NordicStream::NordicStream()
                0x00012d98                NordicStream::NordicStream()
 .text.handle_eint_list
                0x00012dd8       0x2c ./L2_Drivers/src/eint.o
 .text.eint3_enable.isra.0
                0x00012e04       0x38 ./L2_Drivers/src/eint.o
 .text.EINT3_IRQHandler
                0x00012e3c       0x80 ./L2_Drivers/src/eint.o
                0x00012e3c                EINT3_IRQHandler
 .text.eint3_enable_port0
                0x00012ebc       0x30 ./L2_Drivers/src/eint.o
                0x00012ebc                eint3_enable_port0
 .text.u0_dbg_put
                0x00012eec       0x1e ./L3_Utils/src/printf_lib.o
                0x00012eec                u0_dbg_put
 .text.u0_dbg_printf
                0x00012f0a       0x3c ./L3_Utils/src/printf_lib.o
                0x00012f0a                u0_dbg_printf
 *fill*         0x00012f46        0x2 ff
 .text.logger_get_buffer_ptr
                0x00012f48       0x44 ./L3_Utils/src/file_logger.o
 .text.logger_write_to_file
                0x00012f8c       0xb4 ./L3_Utils/src/file_logger.o
 .text.logger_task
                0x00013040       0xd0 ./L3_Utils/src/file_logger.o
 .text.logger_write_log_message
                0x00013110       0x48 ./L3_Utils/src/file_logger.o
 .text.logger_send_flush_request
                0x00013158       0x34 ./L3_Utils/src/file_logger.o
                0x00013158                logger_send_flush_request
 .text.logger_get_logged_call_count
                0x0001318c       0x14 ./L3_Utils/src/file_logger.o
                0x0001318c                logger_get_logged_call_count
 .text.logger_get_blocked_call_count
                0x000131a0        0xc ./L3_Utils/src/file_logger.o
                0x000131a0                logger_get_blocked_call_count
 .text.logger_get_highest_file_write_time_ms
                0x000131ac        0xc ./L3_Utils/src/file_logger.o
                0x000131ac                logger_get_highest_file_write_time_ms
 .text.logger_get_num_buffers_watermark
                0x000131b8        0xc ./L3_Utils/src/file_logger.o
                0x000131b8                logger_get_num_buffers_watermark
 .text.logger_init
                0x000131c4       0xd8 ./L3_Utils/src/file_logger.o
                0x000131c4                logger_init
 .text.logger_set_printf
                0x0001329c       0x1c ./L3_Utils/src/file_logger.o
                0x0001329c                logger_set_printf
 .text.logger_log
                0x000132b8      0x134 ./L3_Utils/src/file_logger.o
                0x000132b8                logger_log
 .text.logger_log_raw
                0x000133ec       0x40 ./L3_Utils/src/file_logger.o
                0x000133ec                logger_log_raw
 .text._ZN14scheduler_task4initEv
                0x0001342c        0x4 ./L3_Utils/src/scheduler_task.o
                0x0001342c                scheduler_task::init()
 .text._ZN14scheduler_task6regTlmEv
                0x00013430        0x4 ./L3_Utils/src/scheduler_task.o
                0x00013430                scheduler_task::regTlm()
 .text._ZN14scheduler_task9taskEntryEv
                0x00013434        0x4 ./L3_Utils/src/scheduler_task.o
                0x00013434                scheduler_task::taskEntry()
 .text.__sputc_r
                0x00013438       0x2c ./L3_Utils/src/scheduler_task.o
 .text._ZL9dbg_printPKcS0_
                0x00013464       0x34 ./L3_Utils/src/scheduler_task.o
 .text._ZL9printlinePKcS0_
                0x00013498       0x38 ./L3_Utils/src/scheduler_task.o
 .text._Z24scheduler_c_task_privatePv
                0x000134d0      0x120 ./L3_Utils/src/scheduler_task.o
                0x000134d0                scheduler_c_task_private(void*)
 .text._Z18scheduler_init_allb
                0x000135f0       0xf8 ./L3_Utils/src/scheduler_task.o
                0x000135f0                scheduler_init_all(bool)
 .text._Z18scheduler_add_taskP14scheduler_task
                0x000136e8       0x1c ./L3_Utils/src/scheduler_task.o
                0x000136e8                scheduler_add_task(scheduler_task*)
 .text._Z15scheduler_startbb
                0x00013704       0x44 ./L3_Utils/src/scheduler_task.o
                0x00013704                scheduler_start(bool, bool)
 .text._ZN14scheduler_taskC2EPKcmhPv
                0x00013748       0x34 ./L3_Utils/src/scheduler_task.o
                0x00013748                scheduler_task::scheduler_task(char const*, unsigned long, unsigned char, void*)
                0x00013748                scheduler_task::scheduler_task(char const*, unsigned long, unsigned char, void*)
 .text._ZNK14scheduler_task17getTaskCpuPercentEv
                0x0001377c        0xc ./L3_Utils/src/scheduler_task.o
                0x0001377c                scheduler_task::getTaskCpuPercent() const
 .text._ZN14scheduler_task15getSharedObjectEh
                0x00013788       0x18 ./L3_Utils/src/scheduler_task.o
                0x00013788                scheduler_task::getSharedObject(unsigned char)
 .text.for_each_recur_alarm_callback
                0x000137a0       0x26 ./L3_Utils/src/rtc_alarm.o
 .text.for_each_alarm_callback
                0x000137c6       0x5c ./L3_Utils/src/rtc_alarm.o
 *fill*         0x00013822        0x2 ff
 .text.RTC_IRQHandler
                0x00013824       0xa4 ./L3_Utils/src/rtc_alarm.o
                0x00013824                RTC_IRQHandler
 .text._ZN3strC2EPci
                0x000138c8       0x2a ./L3_Utils/src/str.o
                0x000138c8                str::str(char*, int)
                0x000138c8                str::str(char*, int)
 .text._ZN3strD2Ev
                0x000138f2       0x24 ./L3_Utils/src/str.o
                0x000138f2                str::~str()
                0x000138f2                str::~str()
 .text._ZNK3str6getLenEv
                0x00013916        0x6 ./L3_Utils/src/str.o
                0x00013916                str::getLen() const
 .text._ZNK3str11getCapacityEv
                0x0001391c        0x4 ./L3_Utils/src/str.o
                0x0001391c                str::getCapacity() const
 .text._ZN3str5clearEv
                0x00013920        0x8 ./L3_Utils/src/str.o
                0x00013920                str::clear()
 .text._ZN3str5scanfEPKcz
                0x00013928       0x1c ./L3_Utils/src/str.o
                0x00013928                str::scanf(char const*, ...)
 .text._ZN3str8tokenizeEPKciz
                0x00013944       0x4c ./L3_Utils/src/str.o
                0x00013944                str::tokenize(char const*, int, ...)
 .text._ZNK3str9compareToEPKc
                0x00013990       0x14 ./L3_Utils/src/str.o
                0x00013990                str::compareTo(char const*) const
 .text._ZNK3str19compareToIgnoreCaseEPKc
                0x000139a4       0x10 ./L3_Utils/src/str.o
                0x000139a4                str::compareToIgnoreCase(char const*) const
 .text._ZNK3str22firstIndexOfIgnoreCaseEPKc
                0x000139b4       0x80 ./L3_Utils/src/str.o
                0x000139b4                str::firstIndexOfIgnoreCase(char const*) const
 .text._ZNK3str18containsIgnoreCaseEPKc
                0x00013a34        0xe ./L3_Utils/src/str.o
                0x00013a34                str::containsIgnoreCase(char const*) const
 .text._ZNK3str12firstIndexOfEPKc
                0x00013a42       0x16 ./L3_Utils/src/str.o
                0x00013a42                str::firstIndexOf(char const*) const
 .text._ZNK3str10beginsWithEPKc
                0x00013a58       0x2e ./L3_Utils/src/str.o
                0x00013a58                str::beginsWith(char const*) const
 .text._ZNK3str20beginsWithIgnoreCaseEPKc
                0x00013a86       0x2e ./L3_Utils/src/str.o
                0x00013a86                str::beginsWithIgnoreCase(char const*) const
 .text._ZNK3str29beginsWithWholeWordIgnoreCaseEPKcc
                0x00013ab4       0x38 ./L3_Utils/src/str.o
                0x00013ab4                str::beginsWithWholeWordIgnoreCase(char const*, char) const
 .text._ZN3str10eraseFirstEi
                0x00013aec       0x28 ./L3_Utils/src/str.o
                0x00013aec                str::eraseFirst(int)
 .text._ZN3str9eraseLastEi
                0x00013b14       0x20 ./L3_Utils/src/str.o
                0x00013b14                str::eraseLast(int)
 .text._ZN3str10eraseAfterEii
                0x00013b34       0x38 ./L3_Utils/src/str.o
                0x00013b34                str::eraseAfter(int, int)
 .text._ZN3str5eraseEPKc
                0x00013b6c       0x28 ./L3_Utils/src/str.o
                0x00013b6c                str::erase(char const*)
 .text._ZN3str15eraseFirstWordsEic
                0x00013b94       0x2a ./L3_Utils/src/str.o
                0x00013b94                str::eraseFirstWords(int, char)
 .text._ZN3str9trimStartEPKc
                0x00013bbe       0x40 ./L3_Utils/src/str.o
                0x00013bbe                str::trimStart(char const*)
 .text._ZN3str7trimEndEPKc
                0x00013bfe       0x3a ./L3_Utils/src/str.o
                0x00013bfe                str::trimEnd(char const*)
 .text._ZNK3streqEPKc
                0x00013c38        0x4 ./L3_Utils/src/str.o
                0x00013c38                str::operator==(char const*) const
 .text._ZNK3strclEv
                0x00013c3c        0x4 ./L3_Utils/src/str.o
                0x00013c3c                str::operator()() const
 .text._ZNK3strcviEv
                0x00013c40        0x6 ./L3_Utils/src/str.o
                0x00013c40                str::operator int() const
 .text._ZN3strixEi
                0x00013c46       0x14 ./L3_Utils/src/str.o
                0x00013c46                str::operator[](int)
 .text._ZN3str13reAllocateMemEi
                0x00013c5a       0x4c ./L3_Utils/src/str.o
                0x00013c5a                str::reAllocateMem(int)
 .text._ZN3str4initEi
                0x00013ca6       0x10 ./L3_Utils/src/str.o
                0x00013ca6                str::init(int)
 .text._ZN3strC2Ei
                0x00013cb6        0xc ./L3_Utils/src/str.o
                0x00013cb6                str::str(int)
                0x00013cb6                str::str(int)
 .text._ZN3str7reserveEi
                0x00013cc2        0xe ./L3_Utils/src/str.o
                0x00013cc2                str::reserve(int)
 .text._ZN3str6printfEPKcz
                0x00013cd0       0x42 ./L3_Utils/src/str.o
                0x00013cd0                str::printf(char const*, ...)
 .text._ZN3str26ensureMemoryToInsertNCharsEi
                0x00013d12       0x22 ./L3_Utils/src/str.o
                0x00013d12                str::ensureMemoryToInsertNChars(int)
 .text._ZN3str11insertAtEndEPKc
                0x00013d34       0x22 ./L3_Utils/src/str.o
                0x00013d34                str::insertAtEnd(char const*)
 .text._ZN3strpLEc
                0x00013d56       0x1a ./L3_Utils/src/str.o
                0x00013d56                str::operator+=(char)
 .text._ZN3str8copyFromEPKc
                0x00013d70       0x3c ./L3_Utils/src/str.o
                0x00013d70                str::copyFrom(char const*)
 .text._ZN3straSEPKc
                0x00013dac        0x4 ./L3_Utils/src/str.o
                0x00013dac                str::operator=(char const*)
 .text.c_list_for_each_elm
                0x00013db0       0x2a ./L3_Utils/src/c_list.o
                0x00013db0                c_list_for_each_elm
 *fill*         0x00013dda        0x2 ff
 .text._ZN16CommandProcessor10addHandlerEPFbR3strR7CharDevPvEPKcS8_S4_
                0x00013ddc       0x7c ./L3_Utils/src/command_handler.o
                0x00013ddc                CommandProcessor::addHandler(bool (*)(str&, CharDev&, void*), char const*, char const*, void*)
 .text._ZN16CommandProcessor24getRegisteredCommandListER7CharDev
                0x00013e58       0x98 ./L3_Utils/src/command_handler.o
                0x00013e58                CommandProcessor::getRegisteredCommandList(CharDev&)
 .text._ZN16CommandProcessor11getHelpTextER3strR7CharDev
                0x00013ef0       0x70 ./L3_Utils/src/command_handler.o
                0x00013ef0                CommandProcessor::getHelpText(str&, CharDev&)
 .text._ZN16CommandProcessor15prepareCmdParamER3strPKc
                0x00013f60       0x3c ./L3_Utils/src/command_handler.o
                0x00013f60                CommandProcessor::prepareCmdParam(str&, char const*)
 .text._ZN16CommandProcessor13handleCommandER3strR7CharDev
                0x00013f9c      0x14c ./L3_Utils/src/command_handler.o
                0x00013f9c                CommandProcessor::handleCommand(str&, CharDev&)
 .text.delay_us
                0x000140e8       0x1c ./L3_Utils/src/utilities.o
                0x000140e8                delay_us
 .text.is_freertos_running
                0x00014104        0xe ./L3_Utils/src/utilities.o
                0x00014104                is_freertos_running
 .text.delay_ms
                0x00014112       0x22 ./L3_Utils/src/utilities.o
                0x00014112                delay_ms
 .text._ZL13wsAddrHandlerR3strR7CharDevPv
                0x00014134       0x34 ./L5_Application/source/cmd_handlers/wireless_handlers.o
 .text._ZL25wirelessHandlerPrintStatsR7CharDevP12mesh_stats_th.constprop.4
                0x00014168       0x3c ./L5_Application/source/cmd_handlers/wireless_handlers.o
 .text._ZL11wsTxHandlerR3strR7CharDevPv
                0x000141a4      0x114 ./L5_Application/source/cmd_handlers/wireless_handlers.o
 .text._ZL14wsStatsHandlerR3strR7CharDevPv
                0x000142b8       0x1e ./L5_Application/source/cmd_handlers/wireless_handlers.o
 *fill*         0x000142d6        0x2 ff
 .text._ZL11wsRxHandlerR3strR7CharDevPv
                0x000142d8       0x80 ./L5_Application/source/cmd_handlers/wireless_handlers.o
 .text._Z12wsRteHandlerR3strR7CharDevPv
                0x00014358       0x74 ./L5_Application/source/cmd_handlers/wireless_handlers.o
                0x00014358                wsRteHandler(str&, CharDev&, void*)
 .text._Z15wirelessHandlerR3strR7CharDevPv
                0x000143cc      0x160 ./L5_Application/source/cmd_handlers/wireless_handlers.o
                0x000143cc                wirelessHandler(str&, CharDev&, void*)
 .text._ZN17SingletonTemplateI12NordicStreamE11getInstanceEv
                0x0001452c       0x20 ./L5_Application/source/cmd_handlers/wireless_handlers.o
                0x0001452c                SingletonTemplate<NordicStream>::getInstance()
 .text._ZL15wsFileTxHandlerR3strR7CharDevPv
                0x0001454c      0x22c ./L5_Application/source/cmd_handlers/wireless_handlers.o
 .text._ZL15wsStreamHandlerR3strR7CharDevPv
                0x00014778      0x120 ./L5_Application/source/cmd_handlers/wireless_handlers.o
 .text._Z16flashProgHandlerR3strR7CharDevPv
                0x00014898       0xa8 ./L5_Application/source/cmd_handlers/prog_handlers.o
                0x00014898                flashProgHandler(str&, CharDev&, void*)
 .text._Z14getFileHandlerR3strR7CharDevPv
                0x00014940      0x134 ./L5_Application/source/cmd_handlers/prog_handlers.o
                0x00014940                getFileHandler(str&, CharDev&, void*)
 .text._ZN7Storage13getFlashDriveEv
                0x00014a74       0x48 ./L5_Application/source/cmd_handlers/handlers.o
                0x00014a74                Storage::getFlashDrive()
 .text._ZN7Storage10getSDDriveEv
                0x00014abc       0x48 ./L5_Application/source/cmd_handlers/handlers.o
                0x00014abc                Storage::getSDDrive()
 .text._Z15taskListHandlerR3strR7CharDevPv
                0x00014b04       0xe8 ./L5_Application/source/cmd_handlers/handlers.o
                0x00014b04                taskListHandler(str&, CharDev&, void*)
 .text._Z14memInfoHandlerR3strR7CharDevPv
                0x00014bec       0x22 ./L5_Application/source/cmd_handlers/handlers.o
                0x00014bec                memInfoHandler(str&, CharDev&, void*)
 *fill*         0x00014c0e        0x2 ff
 .text._Z11timeHandlerR3strR7CharDevPv
                0x00014c10       0xc4 ./L5_Application/source/cmd_handlers/handlers.o
                0x00014c10                timeHandler(str&, CharDev&, void*)
 .text._Z10logHandlerR3strR7CharDevPv
                0x00014cd4      0x190 ./L5_Application/source/cmd_handlers/handlers.o
                0x00014cd4                logHandler(str&, CharDev&, void*)
 .text._Z9cpHandlerR3strR7CharDevPv
                0x00014e64       0x80 ./L5_Application/source/cmd_handlers/handlers.o
                0x00014e64                cpHandler(str&, CharDev&, void*)
 .text._Z10catHandlerR3strR7CharDevPv
                0x00014ee4      0x104 ./L5_Application/source/cmd_handlers/handlers.o
                0x00014ee4                catHandler(str&, CharDev&, void*)
 .text._Z9lsHandlerR3strR7CharDevPv
                0x00014fe8      0x178 ./L5_Application/source/cmd_handlers/handlers.o
                0x00014fe8                lsHandler(str&, CharDev&, void*)
 .text._Z12mkdirHandlerR3strR7CharDevPv
                0x00015160       0x3c ./L5_Application/source/cmd_handlers/handlers.o
                0x00015160                mkdirHandler(str&, CharDev&, void*)
 .text._Z9rmHandlerR3strR7CharDevPv
                0x0001519c       0x3c ./L5_Application/source/cmd_handlers/handlers.o
                0x0001519c                rmHandler(str&, CharDev&, void*)
 .text._Z9mvHandlerR3strR7CharDevPv
                0x000151d8       0x5c ./L5_Application/source/cmd_handlers/handlers.o
                0x000151d8                mvHandler(str&, CharDev&, void*)
 .text._Z14newFileHandlerR3strR7CharDevPv
                0x00015234       0xb0 ./L5_Application/source/cmd_handlers/handlers.o
                0x00015234                newFileHandler(str&, CharDev&, void*)
 .text._Z10dcpHandlerR3strR7CharDevPv
                0x000152e4      0x140 ./L5_Application/source/cmd_handlers/handlers.o
                0x000152e4                dcpHandler(str&, CharDev&, void*)
 .text._Z14storageHandlerR3strR7CharDevPv
                0x00015424       0xc0 ./L5_Application/source/cmd_handlers/handlers.o
                0x00015424                storageHandler(str&, CharDev&, void*)
 .text._Z13rebootHandlerR3strR7CharDevPv
                0x000154e4       0x30 ./L5_Application/source/cmd_handlers/handlers.o
                0x000154e4                rebootHandler(str&, CharDev&, void*)
 .text._Z14learnIrHandlerR3strR7CharDevPv
                0x00015514       0x38 ./L5_Application/source/cmd_handlers/handlers.o
                0x00015514                learnIrHandler(str&, CharDev&, void*)
 .text._ZN17SingletonTemplateI4I2C2E11getInstanceEv
                0x0001554c       0x20 ./L5_Application/source/cmd_handlers/handlers.o
                0x0001554c                SingletonTemplate<I2C2>::getInstance()
 .text._Z12i2cIoHandlerR3strR7CharDevPv
                0x0001556c      0x198 ./L5_Application/source/cmd_handlers/handlers.o
                0x0001556c                i2cIoHandler(str&, CharDev&, void*)
 .text._ZN17SingletonTemplateI17TemperatureSensorE11getInstanceEv
                0x00015704       0x28 ./L5_Application/source/cmd_handlers/handlers.o
                0x00015704                SingletonTemplate<TemperatureSensor>::getInstance()
 .text._Z26onDemandTemperatureHandlerR3strR7CharDevPv
                0x0001572c       0x30 ./L5_Application/source/cmd_handlers/handlers.o
                0x0001572c                onDemandTemperatureHandler(str&, CharDev&, void*)
 .text._Z13healthHandlerR3strR7CharDevPv
                0x0001575c      0x178 ./L5_Application/source/cmd_handlers/handlers.o
                0x0001575c                healthHandler(str&, CharDev&, void*)
 .text._ZL13hl_print_linev
                0x000158d4        0xc ./L5_Application/source/high_level_init.o
 .text.ssp_set_max_clock
                0x000158e0       0x2c ./L5_Application/source/high_level_init.o
 .text._ZL16hl_mount_storageR16FileSystemObjectPKc
                0x0001590c       0x94 ./L5_Application/source/high_level_init.o
 .text._ZN17SingletonTemplateI11LED_DisplayE11getInstanceEv
                0x000159a0       0x24 ./L5_Application/source/high_level_init.o
                0x000159a0                SingletonTemplate<LED_Display>::getInstance()
 .text._ZN17SingletonTemplateI3LEDE11getInstanceEv
                0x000159c4       0x1c ./L5_Application/source/high_level_init.o
                0x000159c4                SingletonTemplate<LED>::getInstance()
 .text._ZN17SingletonTemplateI12Light_SensorE11getInstanceEv
                0x000159e0       0x18 ./L5_Application/source/high_level_init.o
                0x000159e0                SingletonTemplate<Light_Sensor>::getInstance()
 .text._ZN17SingletonTemplateI8SwitchesE11getInstanceEv
                0x000159f8       0x18 ./L5_Application/source/high_level_init.o
                0x000159f8                SingletonTemplate<Switches>::getInstance()
 .text._Z15high_level_initv
                0x00015a10      0x548 ./L5_Application/source/high_level_init.o
                0x00015a10                high_level_init()
 .text._ZN12terminalTask6regTlmEv
                0x00015f58        0x4 ./L5_Application/source/terminal.o
                0x00015f58                terminalTask::regTlm()
 .text._ZN12terminalTaskD2Ev
                0x00015f5c       0x48 ./L5_Application/source/terminal.o
                0x00015f5c                terminalTask::~terminalTask()
                0x00015f5c                terminalTask::~terminalTask()
 .text._ZN12terminalTaskD0Ev
                0x00015fa4       0x12 ./L5_Application/source/terminal.o
                0x00015fa4                terminalTask::~terminalTask()
 .text._ZN6VECTORIN12terminalTask9cmdChan_tEE14changeCapacityEj.part.4
                0x00015fb6       0x40 ./L5_Application/source/terminal.o
 *fill*         0x00015ff6        0x2 ff
 .text._ZN12terminalTaskC2Eh
                0x00015ff8       0xb0 ./L5_Application/source/terminal.o
                0x00015ff8                terminalTask::terminalTask(unsigned char)
                0x00015ff8                terminalTask::terminalTask(unsigned char)
 .text._ZN12terminalTask22handleEchoAndBackspaceEPNS_9cmdChan_tEc
                0x000160a8       0x74 ./L5_Application/source/terminal.o
                0x000160a8                terminalTask::handleEchoAndBackspace(terminalTask::cmdChan_t*, char)
 .text._ZN12terminalTask17addCommandChannelEP7CharDevb
                0x0001611c       0x40 ./L5_Application/source/terminal.o
                0x0001611c                terminalTask::addCommandChannel(CharDev*, bool)
 .text._ZN12terminalTask10getCommandEv
                0x0001615c      0x124 ./L5_Application/source/terminal.o
                0x0001615c                terminalTask::getCommand()
 .text._ZN12terminalTask3runEPv
                0x00016280       0x98 ./L5_Application/source/terminal.o
                0x00016280                terminalTask::run(void*)
 .text._ZN17SingletonTemplateI5Uart0E11getInstanceEv
                0x00016318       0x20 ./L5_Application/source/terminal.o
                0x00016318                SingletonTemplate<Uart0>::getInstance()
 .text._ZN5Uart017putcharIntrDrivenEc
                0x00016338       0x18 ./L5_Application/source/terminal.o
                0x00016338                Uart0::putcharIntrDriven(char)
 .text._ZN5Uart017getcharIntrDrivenEc
                0x00016350       0x22 ./L5_Application/source/terminal.o
                0x00016350                Uart0::getcharIntrDriven(char)
 *fill*         0x00016372        0x2 ff
 .text._ZN12terminalTask9taskEntryEv
                0x00016374      0x298 ./L5_Application/source/terminal.o
                0x00016374                terminalTask::taskEntry()
 .text._ZN12example_taskD2Ev
                0x0001660c        0x2 ./L5_Application/examples/examples.o
                0x0001660c                example_task::~example_task()
                0x0001660c                example_task::~example_task()
 .text._ZN12example_taskD0Ev
                0x0001660e        0xc ./L5_Application/examples/examples.o
                0x0001660e                example_task::~example_task()
 *fill*         0x0001661a        0x2 ff
 .text._ZN12example_taskC2Ev
                0x0001661c       0x2c ./L5_Application/examples/examples.o
                0x0001661c                example_task::example_task()
                0x0001661c                example_task::example_task()
 .text._ZN12example_task3runEPv
                0x00016648       0x78 ./L5_Application/examples/examples.o
                0x00016648                example_task::run(void*)
 .text._ZN12wirelessTaskD2Ev
                0x000166c0        0x2 ./L5_Application/main.o
                0x000166c0                wirelessTask::~wirelessTask()
                0x000166c0                wirelessTask::~wirelessTask()
 .text._ZN12wirelessTask3runEPv
                0x000166c2        0xa ./L5_Application/main.o
                0x000166c2                wirelessTask::run(void*)
 .text._ZN12wirelessTaskD0Ev
                0x000166cc        0xc ./L5_Application/main.o
                0x000166cc                wirelessTask::~wirelessTask()
 .text.startup.main
                0x000166d8       0x64 ./L5_Application/main.o
                0x000166d8                main
 .text.nordic_transfer
                0x0001673c      0x104 ./L4_IO/wireless/src/nrf24L01Plus.o
 .text.nordic_readRegister
                0x00016840       0x20 ./L4_IO/wireless/src/nrf24L01Plus.o
 .text.nordic_writeRegister
                0x00016860       0x1e ./L4_IO/wireless/src/nrf24L01Plus.o
 .text.nordic_is_tx_fifo_empty
                0x0001687e        0xe ./L4_IO/wireless/src/nrf24L01Plus.o
                0x0001687e                nordic_is_tx_fifo_empty
 .text.nordic_clear_all_intr_flags
                0x0001688c        0x8 ./L4_IO/wireless/src/nrf24L01Plus.o
                0x0001688c                nordic_clear_all_intr_flags
 .text.nordic_queue_tx_fifo
                0x00016894        0xc ./L4_IO/wireless/src/nrf24L01Plus.o
                0x00016894                nordic_queue_tx_fifo
 .text.nordic_standby1_to_tx_mode1
                0x000168a0       0x16 ./L4_IO/wireless/src/nrf24L01Plus.o
                0x000168a0                nordic_standby1_to_tx_mode1
 *fill*         0x000168b6        0x2 ff
 .text.nordic_rx_to_Stanby1
                0x000168b8       0x10 ./L4_IO/wireless/src/nrf24L01Plus.o
                0x000168b8                nordic_rx_to_Stanby1
 .text.nordic_standby1_to_rx
                0x000168c8       0x24 ./L4_IO/wireless/src/nrf24L01Plus.o
                0x000168c8                nordic_standby1_to_rx
 .text.nordic_clear_packet_sent_flag
                0x000168ec        0x8 ./L4_IO/wireless/src/nrf24L01Plus.o
                0x000168ec                nordic_clear_packet_sent_flag
 .text.nordic_flush_tx_fifo
                0x000168f4        0xc ./L4_IO/wireless/src/nrf24L01Plus.o
                0x000168f4                nordic_flush_tx_fifo
 .text.nordic_mode1_send_single_packet
                0x00016900       0x4c ./L4_IO/wireless/src/nrf24L01Plus.o
                0x00016900                nordic_mode1_send_single_packet
 .text.nordic_is_packet_available
                0x0001694c       0x12 ./L4_IO/wireless/src/nrf24L01Plus.o
                0x0001694c                nordic_is_packet_available
 .text.nordic_clear_packet_available_flag
                0x0001695e        0x8 ./L4_IO/wireless/src/nrf24L01Plus.o
                0x0001695e                nordic_clear_packet_available_flag
 .text.nordic_read_rx_fifo
                0x00016966       0x14 ./L4_IO/wireless/src/nrf24L01Plus.o
                0x00016966                nordic_read_rx_fifo
 .text.nordic_flush_rx_fifo
                0x0001697a        0xc ./L4_IO/wireless/src/nrf24L01Plus.o
                0x0001697a                nordic_flush_rx_fifo
 .text.nordic_set_intr_signals
                0x00016986       0x3e ./L4_IO/wireless/src/nrf24L01Plus.o
                0x00016986                nordic_set_intr_signals
 .text.nordic_set_crc
                0x000169c4       0x38 ./L4_IO/wireless/src/nrf24L01Plus.o
                0x000169c4                nordic_set_crc
 .text.nordic_power_up
                0x000169fc       0x18 ./L4_IO/wireless/src/nrf24L01Plus.o
                0x000169fc                nordic_power_up
 .text.nordic_power_down
                0x00016a14       0x16 ./L4_IO/wireless/src/nrf24L01Plus.o
                0x00016a14                nordic_power_down
 .text.nordic_set_channel
                0x00016a2a       0x24 ./L4_IO/wireless/src/nrf24L01Plus.o
                0x00016a2a                nordic_set_channel
 .text.nordic_set_air_data_rate
                0x00016a4e       0x2c ./L4_IO/wireless/src/nrf24L01Plus.o
                0x00016a4e                nordic_set_air_data_rate
 .text.nordic_set_power_level
                0x00016a7a       0x24 ./L4_IO/wireless/src/nrf24L01Plus.o
                0x00016a7a                nordic_set_power_level
 .text.nordic_set_auto_transmit_options
                0x00016a9e       0x32 ./L4_IO/wireless/src/nrf24L01Plus.o
                0x00016a9e                nordic_set_auto_transmit_options
 .text.nordic_set_payload_for_pipe
                0x00016ad0       0x14 ./L4_IO/wireless/src/nrf24L01Plus.o
                0x00016ad0                nordic_set_payload_for_pipe
 .text.nordic_set_addr_width
                0x00016ae4       0x16 ./L4_IO/wireless/src/nrf24L01Plus.o
                0x00016ae4                nordic_set_addr_width
 .text.nordic_set_tx_address
                0x00016afa        0xc ./L4_IO/wireless/src/nrf24L01Plus.o
                0x00016afa                nordic_set_tx_address
 .text.nordic_set_rx_pipe0_addr
                0x00016b06        0xc ./L4_IO/wireless/src/nrf24L01Plus.o
                0x00016b06                nordic_set_rx_pipe0_addr
 *fill*         0x00016b12        0x2 ff
 .text.nordic_init
                0x00016b14       0xc8 ./L4_IO/wireless/src/nrf24L01Plus.o
                0x00016b14                nordic_init
 .text.mesh_incr_soft_timers_for_arr
                0x00016bdc       0x26 ./L4_IO/wireless/src/mesh.o
 *fill*         0x00016c02        0x2 ff
 .text.mesh_update_soft_timers
                0x00016c04       0x4c ./L4_IO/wireless/src/mesh.o
 .text.mesh_send_packet
                0x00016c50       0x3c ./L4_IO/wireless/src/mesh.o
 .text.mesh_send_retry_packet
                0x00016c8c       0x34 ./L4_IO/wireless/src/mesh.o
 .text.mesh_find_rte_tbl_entry
                0x00016cc0       0x24 ./L4_IO/wireless/src/mesh.o
 .text.mesh_update_rte_scores
                0x00016ce4       0x28 ./L4_IO/wireless/src/mesh.o
 .text.mesh_get_pnd_pkt_slot
                0x00016d0c       0x42 ./L4_IO/wireless/src/mesh.o
 *fill*         0x00016d4e        0x2 ff
 .text.mesh_pending_packets_add
                0x00016d50       0x90 ./L4_IO/wireless/src/mesh.o
 .text.mesh_get_rte_to_modify
                0x00016de0       0x58 ./L4_IO/wireless/src/mesh.o
 .text.mesh_handle_pnd_pkts_for_arr
                0x00016e38      0x184 ./L4_IO/wireless/src/mesh.o
 .text.mesh_set_node_address
                0x00016fbc       0x18 ./L4_IO/wireless/src/mesh.o
                0x00016fbc                mesh_set_node_address
 .text.mesh_get_node_address
                0x00016fd4        0xc ./L4_IO/wireless/src/mesh.o
                0x00016fd4                mesh_get_node_address
 .text.mesh_set_retry_count
                0x00016fe0       0x10 ./L4_IO/wireless/src/mesh.o
                0x00016fe0                mesh_set_retry_count
 .text.mesh_form_pkt
                0x00016ff0      0x100 ./L4_IO/wireless/src/mesh.o
                0x00016ff0                mesh_form_pkt
 .text.mesh_send_formed_pkt
                0x000170f0       0x50 ./L4_IO/wireless/src/mesh.o
                0x000170f0                mesh_send_formed_pkt
 .text.mesh_init
                0x00017140      0x104 ./L4_IO/wireless/src/mesh.o
                0x00017140                mesh_init
 .text.mesh_send
                0x00017244       0x3c ./L4_IO/wireless/src/mesh.o
                0x00017244                mesh_send
 .text.mesh_send_ack
                0x00017280       0x1a ./L4_IO/wireless/src/mesh.o
 *fill*         0x0001729a        0x2 ff
 .text.mesh_get_routing_entry
                0x0001729c       0x2c ./L4_IO/wireless/src/mesh.o
                0x0001729c                mesh_get_routing_entry
 .text.mesh_get_num_routing_entries
                0x000172c8       0x1c ./L4_IO/wireless/src/mesh.o
                0x000172c8                mesh_get_num_routing_entries
 .text.mesh_service
                0x000172e4      0x2c4 ./L4_IO/wireless/src/mesh.o
                0x000172e4                mesh_service
 .text.mesh_get_pnd_pkt_count
                0x000175a8       0x34 ./L4_IO/wireless/src/mesh.o
                0x000175a8                mesh_get_pnd_pkt_count
 .text.mesh_get_max_timeout_before_packet_fails
                0x000175dc       0x24 ./L4_IO/wireless/src/mesh.o
                0x000175dc                mesh_get_max_timeout_before_packet_fails
 .text.mesh_get_stats
                0x00017600       0x14 ./L4_IO/wireless/src/mesh.o
                0x00017600                mesh_get_stats
 .text.nrf_irq_callback
                0x00017614       0x30 ./L4_IO/wireless/src/wireless.o
 .text.nrf_driver_init
                0x00017644       0x70 ./L4_IO/wireless/src/wireless.o
 .text.nrf_driver_app_recv
                0x000176b4       0x50 ./L4_IO/wireless/src/wireless.o
 .text.nrf_driver_send
                0x00017704       0x5c ./L4_IO/wireless/src/wireless.o
 .text.nrf_driver_receive
                0x00017760       0x22 ./L4_IO/wireless/src/wireless.o
 .text.wireless_get_queued_pkt
                0x00017782       0x64 ./L4_IO/wireless/src/wireless.o
 .text.nrf_driver_get_timer
                0x000177e6       0x28 ./L4_IO/wireless/src/wireless.o
 *fill*         0x0001780e        0x2 ff
 .text.wireless_init
                0x00017810       0x4c ./L4_IO/wireless/src/wireless.o
                0x00017810                wireless_init
 .text.wireless_get_rx_pkt
                0x0001785c       0x10 ./L4_IO/wireless/src/wireless.o
                0x0001785c                wireless_get_rx_pkt
 .text.wireless_get_ack_pkt
                0x0001786c       0x10 ./L4_IO/wireless/src/wireless.o
                0x0001786c                wireless_get_ack_pkt
 .text.wireless_service
                0x0001787c       0x4c ./L4_IO/wireless/src/wireless.o
                0x0001787c                wireless_service
 .text._ZN11i2c2_device8writeRegEhh
                0x000178c8        0xc ./L4_IO/src/io_source.o
                0x000178c8                i2c2_device::writeReg(unsigned char, unsigned char)
 .text._ZN11i2c2_device16get16BitRegisterEh
                0x000178d4       0x2a ./L4_IO/src/io_source.o
                0x000178d4                i2c2_device::get16BitRegister(unsigned char)
 .text._ZN19Acceleration_Sensor4initEv
                0x000178fe       0x20 ./L4_IO/src/io_source.o
                0x000178fe                Acceleration_Sensor::init()
 *fill*         0x0001791e        0x2 ff
 .text._ZN9IR_Sensor11storeIrCodeEm
                0x00017920       0x1c ./L4_IO/src/io_source.o
                0x00017920                IR_Sensor::storeIrCode(unsigned long)
 .text._ZN9IR_Sensor12decodeIrCodeEv
                0x0001793c       0x64 ./L4_IO/src/io_source.o
                0x0001793c                IR_Sensor::decodeIrCode()
 .text._ZN9IR_Sensor4initEv
                0x000179a0       0x34 ./L4_IO/src/io_source.o
                0x000179a0                IR_Sensor::init()
 .text._ZN11LED_Display12setLeftDigitEc
                0x000179d4       0x18 ./L4_IO/src/io_source.o
                0x000179d4                LED_Display::setLeftDigit(char)
 .text._ZN11LED_Display13setRightDigitEc
                0x000179ec       0x18 ./L4_IO/src/io_source.o
                0x000179ec                LED_Display::setRightDigit(char)
 .text._ZN11LED_Display4initEv
                0x00017a04       0x38 ./L4_IO/src/io_source.o
                0x00017a04                LED_Display::init()
 .text._ZN11LED_Display9setNumberEc
                0x00017a3c       0x3a ./L4_IO/src/io_source.o
                0x00017a3c                LED_Display::setNumber(char)
 .text._ZN3LED4initEv
                0x00017a76        0x4 ./L4_IO/src/io_source.o
                0x00017a76                LED::init()
 *fill*         0x00017a7a        0x2 ff
 .text._ZN3LED6setAllEh
                0x00017a7c       0x5c ./L4_IO/src/io_source.o
                0x00017a7c                LED::setAll(unsigned char)
 .text._ZN3LED2onEh
                0x00017ad8       0x28 ./L4_IO/src/io_source.o
                0x00017ad8                LED::on(unsigned char)
 .text._ZN12Light_Sensor4initEv
                0x00017b00        0x4 ./L4_IO/src/io_source.o
                0x00017b00                Light_Sensor::init()
 .text._ZN12Light_Sensor11getRawValueEv
                0x00017b04        0x6 ./L4_IO/src/io_source.o
                0x00017b04                Light_Sensor::getRawValue()
 .text._ZN8Switches4initEv
                0x00017b0a        0x4 ./L4_IO/src/io_source.o
                0x00017b0a                Switches::init()
 *fill*         0x00017b0e        0x2 ff
 .text._ZN8Switches15getSwitchValuesEv
                0x00017b10       0x18 ./L4_IO/src/io_source.o
                0x00017b10                Switches::getSwitchValues()
 .text._ZN8I2C_Temp4initEv
                0x00017b28       0x22 ./L4_IO/src/io_source.o
                0x00017b28                I2C_Temp::init()
 .text._ZN8I2C_Temp10getCelsiusEv
                0x00017b4a       0x30 ./L4_IO/src/io_source.o
                0x00017b4a                I2C_Temp::getCelsius()
 *fill*         0x00017b7a        0x2 ff
 .text._ZN8I2C_Temp12getFarenheitEv
                0x00017b7c       0x24 ./L4_IO/src/io_source.o
                0x00017b7c                I2C_Temp::getFarenheit()
 .text._ZN7Storage4copyEPKcS1_PjS2_S2_
                0x00017ba0       0xf4 ./L4_IO/src/storage.o
                0x00017ba0                Storage::copy(char const*, char const*, unsigned int*, unsigned int*, unsigned int*)
 .text._ZN7Storage4readEPKcPvjj
                0x00017c94       0x44 ./L4_IO/src/storage.o
                0x00017c94                Storage::read(char const*, void*, unsigned int, unsigned int)
 .text._ZN7Storage5writeEPKcPvjj
                0x00017cd8       0x44 ./L4_IO/src/storage.o
                0x00017cd8                Storage::write(char const*, void*, unsigned int, unsigned int)
 .text._ZN7Storage6appendEPKcPKvjj
                0x00017d1c       0x48 ./L4_IO/src/storage.o
                0x00017d1c                Storage::append(char const*, void const*, unsigned int, unsigned int)
 .text.get_fattime
                0x00017d64       0x52 ./L4_IO/fat/fatfs_time.o
                0x00017d64                get_fattime
 .text.mem_cpy  0x00017db6       0x38 ./L4_IO/fat/ff.o
 .text.mem_set  0x00017dee        0xe ./L4_IO/fat/ff.o
 .text.sum_sfn  0x00017dfc       0x1e ./L4_IO/fat/ff.o
 .text.get_ldnumber
                0x00017e1a       0x3c ./L4_IO/fat/ff.o
 .text.get_fileinfo
                0x00017e56       0xc4 ./L4_IO/fat/ff.o
 .text.sync_window.part.1
                0x00017f1a       0x46 ./L4_IO/fat/ff.o
 .text.sync_window
                0x00017f60        0xc ./L4_IO/fat/ff.o
 .text.sync_fs  0x00017f6c       0x74 ./L4_IO/fat/ff.o
 .text.move_window
                0x00017fe0       0x34 ./L4_IO/fat/ff.o
 .text.check_fs
                0x00018014       0x4c ./L4_IO/fat/ff.o
 .text.find_volume
                0x00018060      0x23c ./L4_IO/fat/ff.o
 .text.validate
                0x0001829c       0x3a ./L4_IO/fat/ff.o
 .text.unlock_fs
                0x000182d6       0x1a ./L4_IO/fat/ff.o
 .text.clust2sect
                0x000182f0       0x16 ./L4_IO/fat/ff.o
                0x000182f0                clust2sect
 .text.get_fat  0x00018306       0xa6 ./L4_IO/fat/ff.o
                0x00018306                get_fat
 .text.dir_sdi  0x000183ac       0x7e ./L4_IO/fat/ff.o
 .text.put_fat  0x0001842a       0xd0 ./L4_IO/fat/ff.o
                0x0001842a                put_fat
 .text.create_chain
                0x000184fa       0xa2 ./L4_IO/fat/ff.o
 .text.dir_next
                0x0001859c       0xee ./L4_IO/fat/ff.o
 *fill*         0x0001868a        0x2 ff
 .text.dir_find.part.9
                0x0001868c      0x124 ./L4_IO/fat/ff.o
 .text.follow_path
                0x000187b0      0x268 ./L4_IO/fat/ff.o
 .text.dir_register
                0x00018a18      0x224 ./L4_IO/fat/ff.o
 .text.dir_remove
                0x00018c3c       0x5a ./L4_IO/fat/ff.o
 *fill*         0x00018c96        0x2 ff
 .text.dir_read.constprop.11
                0x00018c98       0xe8 ./L4_IO/fat/ff.o
 .text.remove_chain
                0x00018d80       0x58 ./L4_IO/fat/ff.o
 .text.f_mount  0x00018dd8       0x7c ./L4_IO/fat/ff.o
                0x00018dd8                f_mount
 .text.f_open   0x00018e54      0x134 ./L4_IO/fat/ff.o
                0x00018e54                f_open
 .text.f_read   0x00018f88      0x170 ./L4_IO/fat/ff.o
                0x00018f88                f_read
 .text.f_write  0x000190f8      0x1a2 ./L4_IO/fat/ff.o
                0x000190f8                f_write
 .text.f_sync   0x0001929a       0x8c ./L4_IO/fat/ff.o
                0x0001929a                f_sync
 .text.f_close  0x00019326       0x24 ./L4_IO/fat/ff.o
                0x00019326                f_close
 .text.f_lseek  0x0001934a      0x14e ./L4_IO/fat/ff.o
                0x0001934a                f_lseek
 .text.f_opendir
                0x00019498       0x88 ./L4_IO/fat/ff.o
                0x00019498                f_opendir
 .text.f_readdir
                0x00019520       0x5e ./L4_IO/fat/ff.o
                0x00019520                f_readdir
 .text.f_getfree
                0x0001957e       0xca ./L4_IO/fat/ff.o
                0x0001957e                f_getfree
 .text.f_unlink
                0x00019648       0xba ./L4_IO/fat/ff.o
                0x00019648                f_unlink
 .text.f_mkdir  0x00019702      0x152 ./L4_IO/fat/ff.o
                0x00019702                f_mkdir
 .text.f_rename
                0x00019854      0x120 ./L4_IO/fat/ff.o
                0x00019854                f_rename
 .text.f_mkfs   0x00019974      0x4ec ./L4_IO/fat/ff.o
                0x00019974                f_mkfs
 .text.ff_cre_syncobj
                0x00019e60       0x14 ./L4_IO/fat/option/reentrant.o
                0x00019e60                ff_cre_syncobj
 .text.ff_del_syncobj
                0x00019e74        0x4 ./L4_IO/fat/option/reentrant.o
                0x00019e74                ff_del_syncobj
 .text.ff_req_grant
                0x00019e78       0x26 ./L4_IO/fat/option/reentrant.o
                0x00019e78                ff_req_grant
 .text.ff_rel_grant
                0x00019e9e       0x1e ./L4_IO/fat/option/reentrant.o
                0x00019e9e                ff_rel_grant
 .text.ff_convert
                0x00019ebc       0x3c ./L4_IO/fat/option/ccsbcs.o
                0x00019ebc                ff_convert
 .text.ff_wtoupper
                0x00019ef8       0x24 ./L4_IO/fat/option/ccsbcs.o
                0x00019ef8                ff_wtoupper
 .text.disk_initialize
                0x00019f1c       0x26 ./L4_IO/fat/disk/diskio.o
                0x00019f1c                disk_initialize
 .text.disk_status
                0x00019f42       0x10 ./L4_IO/fat/disk/diskio.o
                0x00019f42                disk_status
 .text.disk_read
                0x00019f52       0x38 ./L4_IO/fat/disk/diskio.o
                0x00019f52                disk_read
 .text.disk_write
                0x00019f8a       0x38 ./L4_IO/fat/disk/diskio.o
                0x00019f8a                disk_write
 .text.disk_ioctl
                0x00019fc2       0x32 ./L4_IO/fat/disk/diskio.o
                0x00019fc2                disk_ioctl
 .text.sys_get_uptime_ms
                0x00019ff4       0x12 ./L4_IO/fat/disk/sd.o
 *fill*         0x0001a006        0x2 ff
 .text.ssp1_set_max_clock
                0x0001a008       0x30 ./L4_IO/fat/disk/sd.o
 .text.ssp1_exchange_byte
                0x0001a038       0x18 ./L4_IO/fat/disk/sd.o
 .text.wait_ready
                0x0001a050       0x2e ./L4_IO/fat/disk/sd.o
                0x0001a050                wait_ready
 *fill*         0x0001a07e        0x2 ff
 .text.power_off
                0x0001a080       0x24 ./L4_IO/fat/disk/sd.o
                0x0001a080                power_off
 .text.rcvr_datablock
                0x0001a0a4       0x8c ./L4_IO/fat/disk/sd.o
                0x0001a0a4                rcvr_datablock
 .text.xmit_datablock
                0x0001a130       0x4c ./L4_IO/fat/disk/sd.o
                0x0001a130                xmit_datablock
 .text.send_cmd
                0x0001a17c       0x90 ./L4_IO/fat/disk/sd.o
                0x0001a17c                send_cmd
 .text.sd_update_card_status
                0x0001a20c       0x24 ./L4_IO/fat/disk/sd.o
                0x0001a20c                sd_update_card_status
 .text.sd_initialize
                0x0001a230      0x170 ./L4_IO/fat/disk/sd.o
                0x0001a230                sd_initialize
 .text.sd_status
                0x0001a3a0       0x10 ./L4_IO/fat/disk/sd.o
                0x0001a3a0                sd_status
 .text.sd_read  0x0001a3b0       0x98 ./L4_IO/fat/disk/sd.o
                0x0001a3b0                sd_read
 .text.sd_write
                0x0001a448       0xb4 ./L4_IO/fat/disk/sd.o
                0x0001a448                sd_write
 .text.sd_ioctl
                0x0001a4fc      0x234 ./L4_IO/fat/disk/sd.o
                0x0001a4fc                sd_ioctl
 .text._ZL24flash_get_mem_size_bytesv
                0x0001a730       0x20 ./L4_IO/fat/disk/spi_flash.o
 .text._ZL37flash_perform_page_io_of_fatfs_sectorPFvPhmmES_m
                0x0001a750       0x74 ./L4_IO/fat/disk/spi_flash.o
 .text.ssp1_exchange_data
                0x0001a7c4       0xc4 ./L4_IO/fat/disk/spi_flash.o
 .text._ZL18flash_send_op_addr14flash_opcode_tm
                0x0001a888       0x26 ./L4_IO/fat/disk/spi_flash.o
 *fill*         0x0001a8ae        0x2 ff
 .text._ZL15flash_read_pagePhmm
                0x0001a8b0       0x44 ./L4_IO/fat/disk/spi_flash.o
 .text._ZL20flash_wait_for_readyv
                0x0001a8f4       0x44 ./L4_IO/fat/disk/spi_flash.o
 .text.flash_initialize
                0x0001a938       0x98 ./L4_IO/fat/disk/spi_flash.o
                0x0001a938                flash_initialize
 .text.flash_read_sectors
                0x0001a9d0       0x44 ./L4_IO/fat/disk/spi_flash.o
                0x0001a9d0                flash_read_sectors
 .text.flash_write_sectors
                0x0001aa14       0x40 ./L4_IO/fat/disk/spi_flash.o
                0x0001aa14                flash_write_sectors
 .text.flash_ioctl
                0x0001aa54       0x36 ./L4_IO/fat/disk/spi_flash.o
                0x0001aa54                flash_ioctl
 *fill*         0x0001aa8a        0x2 ff
 .text.flash_write_permanent_id
                0x0001aa8c       0x44 ./L4_IO/fat/disk/spi_flash.o
                0x0001aa8c                flash_write_permanent_id
 .text.flash_read_permanent_id
                0x0001aad0       0x28 ./L4_IO/fat/disk/spi_flash.o
                0x0001aad0                flash_read_permanent_id
 .text.flash_get_page_count
                0x0001aaf8       0x20 ./L4_IO/fat/disk/spi_flash.o
                0x0001aaf8                flash_get_page_count
 .text.flash_get_page_size
                0x0001ab18        0xc ./L4_IO/fat/disk/spi_flash.o
                0x0001ab18                flash_get_page_size
 .text.flash_supports_metadata
                0x0001ab24       0x10 ./L4_IO/fat/disk/spi_flash.o
                0x0001ab24                flash_supports_metadata
 .text._ZL16flash_write_pagePhmm
                0x0001ab34       0x8c ./L4_IO/fat/disk/spi_flash.o
 .text.flash_get_page_write_count
                0x0001abc0       0x54 ./L4_IO/fat/disk/spi_flash.o
                0x0001abc0                flash_get_page_write_count
 .text.flash_chip_erase
                0x0001ac14       0x2c ./L4_IO/fat/disk/spi_flash.o
                0x0001ac14                flash_chip_erase
 .text.sys_set_outchar_func
                0x0001ac40        0xc ./newlib/newlib_syscalls.o
                0x0001ac40                sys_set_outchar_func
 .text.sys_set_inchar_func
                0x0001ac4c        0xc ./newlib/newlib_syscalls.o
                0x0001ac4c                sys_set_inchar_func
 .text._kill    0x0001ac58       0x10 ./newlib/newlib_syscalls.o
                0x0001ac58                _kill
 .text._exit    0x0001ac68       0x10 ./newlib/newlib_syscalls.o
                0x0001ac68                _exit
 .text._getpid  0x0001ac78        0x4 ./newlib/newlib_syscalls.o
                0x0001ac78                _getpid
 .text._init    0x0001ac7c        0x4 ./newlib/newlib_syscalls.o
                0x0001ac7c                _init
 .text._write   0x0001ac80       0x28 ./newlib/newlib_syscalls.o
                0x0001ac80                _write
 .text._read    0x0001aca8       0x2c ./newlib/newlib_syscalls.o
                0x0001aca8                _read
 .text.syscalls_init
                0x0001acd4        0x2 ./newlib/newlib_syscalls.o
                0x0001acd4                syscalls_init
 .text._fstat   0x0001acd6        0x4 ./newlib/newlib_syscalls.o
                0x0001acd6                _fstat
 *fill*         0x0001acda        0x2 ff
 .text._isatty  0x0001acdc       0x24 ./newlib/newlib_syscalls.o
                0x0001acdc                _isatty
 .text._lseek   0x0001ad00        0x4 ./newlib/newlib_syscalls.o
                0x0001ad00                _lseek
 .text._close   0x0001ad04        0x4 ./newlib/newlib_syscalls.o
                0x0001ad04                _close
 .text._gettimeofday
                0x0001ad08       0x7a ./newlib/newlib_time.o
                0x0001ad08                _gettimeofday
 *fill*         0x0001ad82        0x2 ff
 .text._sbrk    0x0001ad84       0x74 ./newlib/memory.o
                0x0001ad84                _sbrk
 .text._Znwj    0x0001adf8        0x4 ./newlib/memory.o
                0x0001adf8                operator new(unsigned int)
 .text._ZdlPv   0x0001adfc        0x4 ./newlib/memory.o
                0x0001adfc                operator delete(void*)
 .text._ZdaPv   0x0001ae00        0x4 ./newlib/memory.o
                0x0001ae00                operator delete[](void*)
 .text.sys_get_mem_info
                0x0001ae04       0xb8 ./newlib/memory.o
                0x0001ae04                sys_get_mem_info
 .text.startup._GLOBAL__sub_I__sbrk
                0x0001aebc       0x20 ./newlib/memory.o
 .text.__malloc_lock
                0x0001aedc        0x4 ./newlib/malloc_lock.o
                0x0001aedc                __malloc_lock
 .text.__malloc_unlock
                0x0001aee0        0x4 ./newlib/malloc_lock.o
                0x0001aee0                __malloc_unlock
 .text._ZN10__cxxabiv120__si_class_type_infoD2Ev
                0x0001aee4       0x14 /home/john/programs/sources/gcc-arm-none-eabi-5_4-2016q2/bin/../lib/gcc/arm-none-eabi/5.4.1/../../../../arm-none-eabi/lib/armv7-m/libstdc++_nano.a(si_class_type_info.o)
                0x0001aee4                __cxxabiv1::__si_class_type_info::~__si_class_type_info()
                0x0001aee4                __cxxabiv1::__si_class_type_info::~__si_class_type_info()
 .text._ZN10__cxxabiv120__si_class_type_infoD0Ev
                0x0001aef8       0x12 /home/john/programs/sources/gcc-arm-none-eabi-5_4-2016q2/bin/../lib/gcc/arm-none-eabi/5.4.1/../../../../arm-none-eabi/lib/armv7-m/libstdc++_nano.a(si_class_type_info.o)
                0x0001aef8                __cxxabiv1::__si_class_type_info::~__si_class_type_info()
 .text._ZNK10__cxxabiv120__si_class_type_info12__do_dyncastEiNS_17__class_type_info10__sub_kindEPKS1_PKvS4_S6_RNS1_16__dyncast_resultE
                0x0001af0a       0x7c /home/john/programs/sources/gcc-arm-none-eabi-5_4-2016q2/bin/../lib/gcc/arm-none-eabi/5.4.1/../../../../arm-none-eabi/lib/armv7-m/libstdc++_nano.a(si_class_type_info.o)
                0x0001af0a                __cxxabiv1::__si_class_type_info::__do_dyncast(int, __cxxabiv1::__class_type_info::__sub_kind, __cxxabiv1::__class_type_info const*, void const*, __cxxabiv1::__class_type_info const*, void const*, __cxxabiv1::__class_type_info::__dyncast_result&) const
 .text._ZNK10__cxxabiv120__si_class_type_info20__do_find_public_srcEiPKvPKNS_17__class_type_infoES2_
                0x0001af86       0x38 /home/john/programs/sources/gcc-arm-none-eabi-5_4-2016q2/bin/../lib/gcc/arm-none-eabi/5.4.1/../../../../arm-none-eabi/lib/armv7-m/libstdc++_nano.a(si_class_type_info.o)
                0x0001af86                __cxxabiv1::__si_class_type_info::__do_find_public_src(int, void const*, __cxxabiv1::__class_type_info const*, void const*) const
 .text._ZNK10__cxxabiv120__si_class_type_info11__do_upcastEPKNS_17__class_type_infoEPKvRNS1_15__upcast_resultE
                0x0001afbe       0x2a /home/john/programs/sources/gcc-arm-none-eabi-5_4-2016q2/bin/../lib/gcc/arm-none-eabi/5.4.1/../../../../arm-none-eabi/lib/armv7-m/libstdc++_nano.a(si_class_type_info.o)
                0x0001afbe                __cxxabiv1::__si_class_type_info::__do_upcast(__cxxabiv1::__class_type_info const*, void const*, __cxxabiv1::__class_type_info::__upcast_result&) const
 .text._ZN10__cxxabiv121__vmi_class_type_infoD2Ev
                0x0001afe8       0x14 /home/john/programs/sources/gcc-arm-none-eabi-5_4-2016q2/bin/../lib/gcc/arm-none-eabi/5.4.1/../../../../arm-none-eabi/lib/armv7-m/libstdc++_nano.a(vmi_class_type_info.o)
                0x0001afe8                __cxxabiv1::__vmi_class_type_info::~__vmi_class_type_info()
                0x0001afe8                __cxxabiv1::__vmi_class_type_info::~__vmi_class_type_info()
 .text._ZN10__cxxabiv121__vmi_class_type_infoD0Ev
                0x0001affc       0x12 /home/john/programs/sources/gcc-arm-none-eabi-5_4-2016q2/bin/../lib/gcc/arm-none-eabi/5.4.1/../../../../arm-none-eabi/lib/armv7-m/libstdc++_nano.a(vmi_class_type_info.o)
                0x0001affc                __cxxabiv1::__vmi_class_type_info::~__vmi_class_type_info()
 .text._ZNK10__cxxabiv121__vmi_class_type_info20__do_find_public_srcEiPKvPKNS_17__class_type_infoES2_
                0x0001b00e       0x74 /home/john/programs/sources/gcc-arm-none-eabi-5_4-2016q2/bin/../lib/gcc/arm-none-eabi/5.4.1/../../../../arm-none-eabi/lib/armv7-m/libstdc++_nano.a(vmi_class_type_info.o)
                0x0001b00e                __cxxabiv1::__vmi_class_type_info::__do_find_public_src(int, void const*, __cxxabiv1::__class_type_info const*, void const*) const
 .text._ZNK10__cxxabiv117__class_type_info17__find_public_srcEiPKvPKS0_S2_
                0x0001b082       0x2a /home/john/programs/sources/gcc-arm-none-eabi-5_4-2016q2/bin/../lib/gcc/arm-none-eabi/5.4.1/../../../../arm-none-eabi/lib/armv7-m/libstdc++_nano.a(vmi_class_type_info.o)
                0x0001b082                __cxxabiv1::__class_type_info::__find_public_src(int, void const*, __cxxabiv1::__class_type_info const*, void const*) const
 .text._ZNK10__cxxabiv121__vmi_class_type_info12__do_dyncastEiNS_17__class_type_info10__sub_kindEPKS1_PKvS4_S6_RNS1_16__dyncast_resultE
                0x0001b0ac      0x28e /home/john/programs/sources/gcc-arm-none-eabi-5_4-2016q2/bin/../lib/gcc/arm-none-eabi/5.4.1/../../../../arm-none-eabi/lib/armv7-m/libstdc++_nano.a(vmi_class_type_info.o)
                0x0001b0ac                __cxxabiv1::__vmi_class_type_info::__do_dyncast(int, __cxxabiv1::__class_type_info::__sub_kind, __cxxabiv1::__class_type_info const*, void const*, __cxxabiv1::__class_type_info const*, void const*, __cxxabiv1::__class_type_info::__dyncast_result&) const
 .text._ZNK10__cxxabiv121__vmi_class_type_info11__do_upcastEPKNS_17__class_type_infoEPKvRNS1_15__upcast_resultE
                0x0001b33a      0x12c /home/john/programs/sources/gcc-arm-none-eabi-5_4-2016q2/bin/../lib/gcc/arm-none-eabi/5.4.1/../../../../arm-none-eabi/lib/armv7-m/libstdc++_nano.a(vmi_class_type_info.o)
                0x0001b33a                __cxxabiv1::__vmi_class_type_info::__do_upcast(__cxxabiv1::__class_type_info const*, void const*, __cxxabiv1::__class_type_info::__upcast_result&) const
 .text._ZNSt9type_infoD2Ev
                0x0001b466        0x2 /home/john/programs/sources/gcc-arm-none-eabi-5_4-2016q2/bin/../lib/gcc/arm-none-eabi/5.4.1/../../../../arm-none-eabi/lib/armv7-m/libstdc++_nano.a(tinfo.o)
                0x0001b466                std::type_info::~type_info()
                0x0001b466                std::type_info::~type_info()
 .text._ZNKSt9type_info15__is_function_pEv
                0x0001b468        0x4 /home/john/programs/sources/gcc-arm-none-eabi-5_4-2016q2/bin/../lib/gcc/arm-none-eabi/5.4.1/../../../../arm-none-eabi/lib/armv7-m/libstdc++_nano.a(tinfo.o)
                0x0001b468                std::type_info::__is_function_p() const
                0x0001b468                std::type_info::__is_pointer_p() const
 .text._ZNKSt9type_infoeqERKS_
                0x0001b46c       0x2c /home/john/programs/sources/gcc-arm-none-eabi-5_4-2016q2/bin/../lib/gcc/arm-none-eabi/5.4.1/../../../../arm-none-eabi/lib/armv7-m/libstdc++_nano.a(tinfo.o)
                0x0001b46c                std::type_info::operator==(std::type_info const&) const
 .text._ZNK10__cxxabiv117__class_type_info11__do_upcastEPKS0_PPv
                0x0001b498       0x34 /home/john/programs/sources/gcc-arm-none-eabi-5_4-2016q2/bin/../lib/gcc/arm-none-eabi/5.4.1/../../../../arm-none-eabi/lib/armv7-m/libstdc++_nano.a(class_type_info.o)
                0x0001b498                __cxxabiv1::__class_type_info::__do_upcast(__cxxabiv1::__class_type_info const*, void**) const
 .text._ZNK10__cxxabiv117__class_type_info20__do_find_public_srcEiPKvPKS0_S2_
                0x0001b4cc        0xc /home/john/programs/sources/gcc-arm-none-eabi-5_4-2016q2/bin/../lib/gcc/arm-none-eabi/5.4.1/../../../../arm-none-eabi/lib/armv7-m/libstdc++_nano.a(class_type_info.o)
                0x0001b4cc                __cxxabiv1::__class_type_info::__do_find_public_src(int, void const*, __cxxabiv1::__class_type_info const*, void const*) const
 .text._ZN10__cxxabiv117__class_type_infoD2Ev
                0x0001b4d8       0x14 /home/john/programs/sources/gcc-arm-none-eabi-5_4-2016q2/bin/../lib/gcc/arm-none-eabi/5.4.1/../../../../arm-none-eabi/lib/armv7-m/libstdc++_nano.a(class_type_info.o)
                0x0001b4d8                __cxxabiv1::__class_type_info::~__class_type_info()
                0x0001b4d8                __cxxabiv1::__class_type_info::~__class_type_info()
 .text._ZN10__cxxabiv117__class_type_infoD0Ev
                0x0001b4ec       0x12 /home/john/programs/sources/gcc-arm-none-eabi-5_4-2016q2/bin/../lib/gcc/arm-none-eabi/5.4.1/../../../../arm-none-eabi/lib/armv7-m/libstdc++_nano.a(class_type_info.o)
                0x0001b4ec                __cxxabiv1::__class_type_info::~__class_type_info()
 .text._ZNK10__cxxabiv117__class_type_info11__do_upcastEPKS0_PKvRNS0_15__upcast_resultE
                0x0001b4fe       0x18 /home/john/programs/sources/gcc-arm-none-eabi-5_4-2016q2/bin/../lib/gcc/arm-none-eabi/5.4.1/../../../../arm-none-eabi/lib/armv7-m/libstdc++_nano.a(class_type_info.o)
                0x0001b4fe                __cxxabiv1::__class_type_info::__do_upcast(__cxxabiv1::__class_type_info const*, void const*, __cxxabiv1::__class_type_info::__upcast_result&) const
 .text._ZNK10__cxxabiv117__class_type_info12__do_dyncastEiNS0_10__sub_kindEPKS0_PKvS3_S5_RNS0_16__dyncast_resultE
                0x0001b516       0x38 /home/john/programs/sources/gcc-arm-none-eabi-5_4-2016q2/bin/../lib/gcc/arm-none-eabi/5.4.1/../../../../arm-none-eabi/lib/armv7-m/libstdc++_nano.a(class_type_info.o)
                0x0001b516                __cxxabiv1::__class_type_info::__do_dyncast(int, __cxxabiv1::__class_type_info::__sub_kind, __cxxabiv1::__class_type_info const*, void const*, __cxxabiv1::__class_type_info const*, void const*, __cxxabiv1::__class_type_info::__dyncast_result&) const
 .text._ZNK10__cxxabiv117__class_type_info10__do_catchEPKSt9type_infoPPvj
                0x0001b54e       0x2a /home/john/programs/sources/gcc-arm-none-eabi-5_4-2016q2/bin/../lib/gcc/arm-none-eabi/5.4.1/../../../../arm-none-eabi/lib/armv7-m/libstdc++_nano.a(class_type_info.o)
                0x0001b54e                __cxxabiv1::__class_type_info::__do_catch(std::type_info const*, void**, unsigned int) const
 .text.__cxa_guard_acquire
                0x0001b578       0x18 /home/john/programs/sources/gcc-arm-none-eabi-5_4-2016q2/bin/../lib/gcc/arm-none-eabi/5.4.1/../../../../arm-none-eabi/lib/armv7-m/libstdc++_nano.a(guard.o)
                0x0001b578                __cxa_guard_acquire
 .text.__cxa_guard_release
                0x0001b590        0x6 /home/john/programs/sources/gcc-arm-none-eabi-5_4-2016q2/bin/../lib/gcc/arm-none-eabi/5.4.1/../../../../arm-none-eabi/lib/armv7-m/libstdc++_nano.a(guard.o)
                0x0001b590                __cxa_guard_release
 .text.__cxa_pure_virtual
                0x0001b596        0x6 /home/john/programs/sources/gcc-arm-none-eabi-5_4-2016q2/bin/../lib/gcc/arm-none-eabi/5.4.1/../../../../arm-none-eabi/lib/armv7-m/libstdc++_nano.a(pure.o)